2m46.234s (executing steps: 1m54.347s)
