
> matrix-delivery-backend@1.0.0 test
> jest --coverage tests/services/balanceService.test.ts --no-coverage

  console.log
    [dotenv@17.2.3] injecting env (32) from .env.testing -- tip: ≡ƒöä add secrets lifecycle management: https://dotenvx.com/ops

      at _log (node_modules/dotenv/lib/main.js:142:11)

  console.log
    [INFO] Balance created { userId: 43, currency: 'EGP' }

      at Object.log [as info] (utils/logger.js:9:21)

  console.log
    [INFO] Balance created { userId: 44, currency: 'EGP' }

      at Object.log [as info] (utils/logger.js:9:21)

  console.error
    [ERROR] Error getting balance { userId: 999999, error: 'Balance not found for user 999999' }

    [0m [90m 13 |[39m     error[33m:[39m ([33m...[39margs) [33m=>[39m {
     [90m 14 |[39m         [36mif[39m (process[33m.[39menv[33m.[39m[33mNODE_ENV[39m [33m!==[39m [32m'test'[39m) {
    [31m[1m>[22m[39m[90m 15 |[39m             console[33m.[39merror([32m'[ERROR]'[39m[33m,[39m [33m...[39margs)[33m;[39m
     [90m    |[39m                     [31m[1m^[22m[39m
     [90m 16 |[39m         }
     [90m 17 |[39m     }[33m,[39m
     [90m 18 |[39m[0m

      at Object.error (utils/logger.js:15:21)
      at BalanceService.getBalance (services/balanceService.ts:130:20)
      at Object.<anonymous> (tests/services/balanceService.test.ts:157:13)

  console.log
    [INFO] Balance created { userId: 46, currency: 'EGP' }

      at Object.log [as info] (utils/logger.js:9:21)

  console.log
    [INFO] Deposit completed {
      userId: 43,
      amount: 1000,
      transactionId: 'TXN-8fcc1634-552f-4476-a6c0-45bda8e0e52c'
    }

      at Object.log [as info] (utils/logger.js:9:21)

  console.error
    [ERROR] Deposit failed {
      dto: { userId: 43, amount: -100, description: 'Invalid deposit' },
      error: 'Deposit amount must be positive'
    }

    [0m [90m 13 |[39m     error[33m:[39m ([33m...[39margs) [33m=>[39m {
     [90m 14 |[39m         [36mif[39m (process[33m.[39menv[33m.[39m[33mNODE_ENV[39m [33m!==[39m [32m'test'[39m) {
    [31m[1m>[22m[39m[90m 15 |[39m             console[33m.[39merror([32m'[ERROR]'[39m[33m,[39m [33m...[39margs)[33m;[39m
     [90m    |[39m                     [31m[1m^[22m[39m
     [90m 16 |[39m         }
     [90m 17 |[39m     }[33m,[39m
     [90m 18 |[39m[0m

      at Object.error (utils/logger.js:15:21)
      at BalanceService.deposit (services/balanceService.ts:270:20)
      at Object.<anonymous> (tests/services/balanceService.test.ts:213:13)

  console.error
    [ERROR] Deposit failed {
      dto: { userId: 43, amount: 0.5, description: 'Too small deposit' },
      error: 'Minimum deposit amount is 1'
    }

    [0m [90m 13 |[39m     error[33m:[39m ([33m...[39margs) [33m=>[39m {
     [90m 14 |[39m         [36mif[39m (process[33m.[39menv[33m.[39m[33mNODE_ENV[39m [33m!==[39m [32m'test'[39m) {
    [31m[1m>[22m[39m[90m 15 |[39m             console[33m.[39merror([32m'[ERROR]'[39m[33m,[39m [33m...[39margs)[33m;[39m
     [90m    |[39m                     [31m[1m^[22m[39m
     [90m 16 |[39m         }
     [90m 17 |[39m     }[33m,[39m
     [90m 18 |[39m[0m

      at Object.error (utils/logger.js:15:21)
      at BalanceService.deposit (services/balanceService.ts:270:20)
      at Object.<anonymous> (tests/services/balanceService.test.ts:223:13)

  console.error
    [ERROR] Deposit failed {
      dto: { userId: 43, amount: 200000, description: 'Too large deposit' },
      error: 'Maximum deposit amount is 100000'
    }

    [0m [90m 13 |[39m     error[33m:[39m ([33m...[39margs) [33m=>[39m {
     [90m 14 |[39m         [36mif[39m (process[33m.[39menv[33m.[39m[33mNODE_ENV[39m [33m!==[39m [32m'test'[39m) {
    [31m[1m>[22m[39m[90m 15 |[39m             console[33m.[39merror([32m'[ERROR]'[39m[33m,[39m [33m...[39margs)[33m;[39m
     [90m    |[39m                     [31m[1m^[22m[39m
     [90m 16 |[39m         }
     [90m 17 |[39m     }[33m,[39m
     [90m 18 |[39m[0m

      at Object.error (utils/logger.js:15:21)
      at BalanceService.deposit (services/balanceService.ts:270:20)
      at Object.<anonymous> (tests/services/balanceService.test.ts:233:13)

  console.warn
    [WARN] Balance frozen { userId: 43, reason: 'Test freeze', adminId: 45 }

    [0m [90m 19 |[39m     warn[33m:[39m ([33m...[39margs) [33m=>[39m {
     [90m 20 |[39m         [36mif[39m (process[33m.[39menv[33m.[39m[33mNODE_ENV[39m [33m!==[39m [32m'test'[39m) {
    [31m[1m>[22m[39m[90m 21 |[39m             console[33m.[39mwarn([32m'[WARN]'[39m[33m,[39m [33m...[39margs)[33m;[39m
     [90m    |[39m                     [31m[1m^[22m[39m
     [90m 22 |[39m         }
     [90m 23 |[39m     }[33m,[39m
     [90m 24 |[39m[0m

      at Object.warn (utils/logger.js:21:21)
      at BalanceService.freezeBalance (services/balanceService.ts:1295:20)
      at Object.<anonymous> (tests/services/balanceService.test.ts:244:13)

  console.error
    [ERROR] Deposit failed {
      dto: { userId: 43, amount: 100, description: 'Deposit to frozen balance' },
      error: 'Balance is frozen. Cannot perform deposit.'
    }

    [0m [90m 13 |[39m     error[33m:[39m ([33m...[39margs) [33m=>[39m {
     [90m 14 |[39m         [36mif[39m (process[33m.[39menv[33m.[39m[33mNODE_ENV[39m [33m!==[39m [32m'test'[39m) {
    [31m[1m>[22m[39m[90m 15 |[39m             console[33m.[39merror([32m'[ERROR]'[39m[33m,[39m [33m...[39margs)[33m;[39m
     [90m    |[39m                     [31m[1m^[22m[39m
     [90m 16 |[39m         }
     [90m 17 |[39m     }[33m,[39m
     [90m 18 |[39m[0m

      at Object.error (utils/logger.js:15:21)
      at BalanceService.deposit (services/balanceService.ts:270:20)
      at Object.<anonymous> (tests/services/balanceService.test.ts:246:13)

  console.log
    [INFO] Balance unfrozen { userId: 43, adminId: 45 }

      at Object.log [as info] (utils/logger.js:9:21)

  console.log
    [INFO] Deposit completed {
      userId: 43,
      amount: 100,
      transactionId: 'TXN-acb80612-c916-47f6-82fd-f7a123a3ee44'
    }

      at Object.log [as info] (utils/logger.js:9:21)
          at async Promise.all (index 0)

  console.log
    [INFO] Deposit completed {
      userId: 43,
      amount: 100,
      transactionId: 'TXN-1c6a986a-cb4a-4ba8-8365-713d301f828c'
    }

      at Object.log [as info] (utils/logger.js:9:21)
          at async Promise.all (index 4)

  console.log
    [INFO] Deposit completed {
      userId: 43,
      amount: 100,
      transactionId: 'TXN-f53445d0-e130-4498-ac6e-e11decf86df9'
    }

      at Object.log [as info] (utils/logger.js:9:21)
          at async Promise.all (index 3)

  console.log
    [INFO] Deposit completed {
      userId: 43,
      amount: 100,
      transactionId: 'TXN-e6ed636f-8b25-419d-bb2f-2efcf7e30150'
    }

      at Object.log [as info] (utils/logger.js:9:21)
          at async Promise.all (index 2)

  console.log
    [INFO] Deposit completed {
      userId: 43,
      amount: 100,
      transactionId: 'TXN-82b92819-3de9-4dcf-803a-b3d2e9145017'
    }

      at Object.log [as info] (utils/logger.js:9:21)
          at async Promise.all (index 1)

  console.log
    [INFO] Deposit completed {
      userId: 43,
      amount: 5000,
      transactionId: 'TXN-e621ec85-9524-4bd1-b6eb-cde75b5a93fc'
    }

      at Object.log [as info] (utils/logger.js:9:21)

  console.log
    [INFO] Withdrawal completed {
      userId: 43,
      amount: 1000,
      transactionId: 'TXN-5b0a3709-0ad0-453b-b381-e0150a318602'
    }

      at Object.log [as info] (utils/logger.js:9:21)

  console.log
    [INFO] Deposit completed {
      userId: 43,
      amount: 5000,
      transactionId: 'TXN-aefcaeee-5d73-4186-9ad1-f9036a31e778'
    }

      at Object.log [as info] (utils/logger.js:9:21)

  console.error
    [ERROR] Withdrawal failed {
      dto: {
        userId: 43,
        amount: 10000,
        destination: 'bank_account',
        description: 'Insufficient balance withdrawal'
      },
      error: 'Insufficient balance. Available: 5000, Required: 10000'
    }

    [0m [90m 13 |[39m     error[33m:[39m ([33m...[39margs) [33m=>[39m {
     [90m 14 |[39m         [36mif[39m (process[33m.[39menv[33m.[39m[33mNODE_ENV[39m [33m!==[39m [32m'test'[39m) {
    [31m[1m>[22m[39m[90m 15 |[39m             console[33m.[39merror([32m'[ERROR]'[39m[33m,[39m [33m...[39margs)[33m;[39m
     [90m    |[39m                     [31m[1m^[22m[39m
     [90m 16 |[39m         }
     [90m 17 |[39m     }[33m,[39m
     [90m 18 |[39m[0m

      at Object.error (utils/logger.js:15:21)
      at BalanceService.withdraw (services/balanceService.ts:372:20)
      at Object.<anonymous> (tests/services/balanceService.test.ts:306:13)

  console.log
    [INFO] Deposit completed {
      userId: 43,
      amount: 5000,
      transactionId: 'TXN-f7866e92-e621-4959-a071-a8ae7fbe0ecb'
    }

      at Object.log [as info] (utils/logger.js:9:21)

  console.error
    [ERROR] Withdrawal failed {
      dto: {
        userId: 43,
        amount: 5,
        destination: 'bank_account',
        description: 'Too small withdrawal'
      },
      error: 'Minimum withdrawal amount is 10'
    }

    [0m [90m 13 |[39m     error[33m:[39m ([33m...[39margs) [33m=>[39m {
     [90m 14 |[39m         [36mif[39m (process[33m.[39menv[33m.[39m[33mNODE_ENV[39m [33m!==[39m [32m'test'[39m) {
    [31m[1m>[22m[39m[90m 15 |[39m             console[33m.[39merror([32m'[ERROR]'[39m[33m,[39m [33m...[39margs)[33m;[39m
     [90m    |[39m                     [31m[1m^[22m[39m
     [90m 16 |[39m         }
     [90m 17 |[39m     }[33m,[39m
     [90m 18 |[39m[0m

      at Object.error (utils/logger.js:15:21)
      at BalanceService.withdraw (services/balanceService.ts:372:20)
      at Object.<anonymous> (tests/services/balanceService.test.ts:317:13)

  console.log
    [INFO] Deposit completed {
      userId: 43,
      amount: 5000,
      transactionId: 'TXN-19892eb6-83e5-4bd0-b704-987f5a3d4bc1'
    }

      at Object.log [as info] (utils/logger.js:9:21)

  console.log
    [INFO] Withdrawal completed {
      userId: 43,
      amount: 4000,
      transactionId: 'TXN-2c0346f0-cbbf-42f0-a234-8db2e2d0a821'
    }

      at Object.log [as info] (utils/logger.js:9:21)

  console.error
    [ERROR] Withdrawal failed {
      dto: {
        userId: 43,
        amount: 2000,
        destination: 'bank_account',
        description: 'Second withdrawal'
      },
      error: 'Insufficient balance. Available: 1000, Required: 2000'
    }

    [0m [90m 13 |[39m     error[33m:[39m ([33m...[39margs) [33m=>[39m {
     [90m 14 |[39m         [36mif[39m (process[33m.[39menv[33m.[39m[33mNODE_ENV[39m [33m!==[39m [32m'test'[39m) {
    [31m[1m>[22m[39m[90m 15 |[39m             console[33m.[39merror([32m'[ERROR]'[39m[33m,[39m [33m...[39margs)[33m;[39m
     [90m    |[39m                     [31m[1m^[22m[39m
     [90m 16 |[39m         }
     [90m 17 |[39m     }[33m,[39m
     [90m 18 |[39m[0m

      at Object.error (utils/logger.js:15:21)
      at BalanceService.withdraw (services/balanceService.ts:372:20)
      at Object.<anonymous> (tests/services/balanceService.test.ts:337:13)

  console.log
    [INFO] Deposit completed {
      userId: 43,
      amount: 1000,
      transactionId: 'TXN-f084cf0e-fdc7-4a49-b3be-8d3cc577b2b7'
    }

      at Object.log [as info] (utils/logger.js:9:21)

  console.log
    [INFO] Order payment deducted { userId: 43, orderId: 61, amount: 100 }

      at Object.log [as info] (utils/logger.js:9:21)

  console.log
    [INFO] Deposit completed {
      userId: 43,
      amount: 1000,
      transactionId: 'TXN-ff681c97-f38f-4056-9775-c1819c64ab73'
    }

      at Object.log [as info] (utils/logger.js:9:21)

  console.error
    [ERROR] Order payment failed {
      dto: {
        userId: 43,
        orderId: 62,
        amount: 2000,
        description: 'Order payment'
      },
      error: 'Insufficient balance for order payment'
    }

    [0m [90m 13 |[39m     error[33m:[39m ([33m...[39margs) [33m=>[39m {
     [90m 14 |[39m         [36mif[39m (process[33m.[39menv[33m.[39m[33mNODE_ENV[39m [33m!==[39m [32m'test'[39m) {
    [31m[1m>[22m[39m[90m 15 |[39m             console[33m.[39merror([32m'[ERROR]'[39m[33m,[39m [33m...[39margs)[33m;[39m
     [90m    |[39m                     [31m[1m^[22m[39m
     [90m 16 |[39m         }
     [90m 17 |[39m     }[33m,[39m
     [90m 18 |[39m[0m

      at Object.error (utils/logger.js:15:21)
      at BalanceService.deductForOrder (services/balanceService.ts:450:20)
      at Object.<anonymous> (tests/services/balanceService.test.ts:396:13)

  console.log
    [INFO] Order refund completed { userId: 43, orderId: 63, amount: 100 }

      at Object.log [as info] (utils/logger.js:9:21)

  console.log
    [INFO] Driver earnings credited { driverId: 44, orderId: 64, amount: 85 }

      at Object.log [as info] (utils/logger.js:9:21)

  console.log
    [INFO] Deposit completed {
      userId: 44,
      amount: 100,
      transactionId: 'TXN-70713e03-f1ea-4f90-a4a6-851ce1f0a458'
    }

      at Object.log [as info] (utils/logger.js:9:21)

  console.log
    [INFO] Commission deducted { driverId: 44, orderId: 65, commission: 15 }

      at Object.log [as info] (utils/logger.js:9:21)

  console.log
    [INFO] Deposit completed {
      userId: 43,
      amount: 1000,
      transactionId: 'TXN-142ed2e6-d815-4b99-a52b-876fb3e042c9'
    }

      at Object.log [as info] (utils/logger.js:9:21)

  console.log
    [INFO] Hold created {
      userId: 43,
      holdId: 'HOLD-497f957c-a274-4c69-a44d-99c6e1de430c',
      amount: 100
    }

      at Object.log [as info] (utils/logger.js:9:21)

  console.log
    [INFO] Deposit completed {
      userId: 43,
      amount: 1000,
      transactionId: 'TXN-42095cab-bc24-422c-a027-fab68cacd516'
    }

      at Object.log [as info] (utils/logger.js:9:21)

  console.error
    [ERROR] Create hold failed {
      dto: { userId: 43, amount: 2000, reason: 'Order escrow' },
      error: 'Insufficient balance for hold'
    }

    [0m [90m 13 |[39m     error[33m:[39m ([33m...[39margs) [33m=>[39m {
     [90m 14 |[39m         [36mif[39m (process[33m.[39menv[33m.[39m[33mNODE_ENV[39m [33m!==[39m [32m'test'[39m) {
    [31m[1m>[22m[39m[90m 15 |[39m             console[33m.[39merror([32m'[ERROR]'[39m[33m,[39m [33m...[39margs)[33m;[39m
     [90m    |[39m                     [31m[1m^[22m[39m
     [90m 16 |[39m         }
     [90m 17 |[39m     }[33m,[39m
     [90m 18 |[39m[0m

      at Object.error (utils/logger.js:15:21)
      at BalanceService.createHold (services/balanceService.ts:751:20)
      at Object.<anonymous> (tests/services/balanceService.test.ts:521:13)

  console.log
    [INFO] Deposit completed {
      userId: 43,
      amount: 1000,
      transactionId: 'TXN-49657701-cec2-4a4b-83f9-ccbb109b5f1c'
    }

      at Object.log [as info] (utils/logger.js:9:21)

  console.log
    [INFO] Hold created {
      userId: 43,
      holdId: 'HOLD-92f24bac-97bb-4434-8fb8-bb5b900e207f',
      amount: 100
    }

      at Object.log [as info] (utils/logger.js:9:21)

  console.log
    [INFO] Hold released {
      userId: 43,
      holdId: 'HOLD-92f24bac-97bb-4434-8fb8-bb5b900e207f',
      amount: '100.00'
    }

      at Object.log [as info] (utils/logger.js:9:21)

  console.log
    [INFO] Deposit completed {
      userId: 43,
      amount: 1000,
      transactionId: 'TXN-e56b9b47-1e97-45e2-88fc-f122d98f4418'
    }

      at Object.log [as info] (utils/logger.js:9:21)

  console.log
    [INFO] Hold created {
      userId: 43,
      holdId: 'HOLD-bb678e36-a807-41e2-8e34-1a60ce2075c8',
      amount: 100
    }

      at Object.log [as info] (utils/logger.js:9:21)

  console.error
    [ERROR] Release hold failed { holdId: 'HOLD-invalid', error: 'Hold not found: HOLD-invalid' }

    [0m [90m 13 |[39m     error[33m:[39m ([33m...[39margs) [33m=>[39m {
     [90m 14 |[39m         [36mif[39m (process[33m.[39menv[33m.[39m[33mNODE_ENV[39m [33m!==[39m [32m'test'[39m) {
    [31m[1m>[22m[39m[90m 15 |[39m             console[33m.[39merror([32m'[ERROR]'[39m[33m,[39m [33m...[39margs)[33m;[39m
     [90m    |[39m                     [31m[1m^[22m[39m
     [90m 16 |[39m         }
     [90m 17 |[39m     }[33m,[39m
     [90m 18 |[39m[0m

      at Object.error (utils/logger.js:15:21)
      at BalanceService.releaseHold (services/balanceService.ts:840:20)
      at Object.<anonymous> (tests/services/balanceService.test.ts:559:13)

  console.log
    [INFO] Deposit completed {
      userId: 43,
      amount: 1000,
      transactionId: 'TXN-2f7cda9a-21b6-46b2-843e-b90b74da94b2'
    }

      at Object.log [as info] (utils/logger.js:9:21)

  console.log
    [INFO] Hold created {
      userId: 43,
      holdId: 'HOLD-106d9fb4-c497-41cb-850f-055c196936bf',
      amount: 100
    }

      at Object.log [as info] (utils/logger.js:9:21)

  console.log
    [INFO] Hold released {
      userId: 43,
      holdId: 'HOLD-106d9fb4-c497-41cb-850f-055c196936bf',
      amount: '100.00'
    }

      at Object.log [as info] (utils/logger.js:9:21)

  console.error
    [ERROR] Release hold failed {
      holdId: 'HOLD-106d9fb4-c497-41cb-850f-055c196936bf',
      error: 'Hold is not active: released'
    }

    [0m [90m 13 |[39m     error[33m:[39m ([33m...[39margs) [33m=>[39m {
     [90m 14 |[39m         [36mif[39m (process[33m.[39menv[33m.[39m[33mNODE_ENV[39m [33m!==[39m [32m'test'[39m) {
    [31m[1m>[22m[39m[90m 15 |[39m             console[33m.[39merror([32m'[ERROR]'[39m[33m,[39m [33m...[39margs)[33m;[39m
     [90m    |[39m                     [31m[1m^[22m[39m
     [90m 16 |[39m         }
     [90m 17 |[39m     }[33m,[39m
     [90m 18 |[39m[0m

      at Object.error (utils/logger.js:15:21)
      at BalanceService.releaseHold (services/balanceService.ts:840:20)
      at Object.<anonymous> (tests/services/balanceService.test.ts:565:13)

  console.log
    [INFO] Deposit completed {
      userId: 43,
      amount: 1000,
      transactionId: 'TXN-07aef2a8-afcc-43f5-b484-260097d423e7'
    }

      at Object.log [as info] (utils/logger.js:9:21)

  console.log
    [INFO] Hold created {
      userId: 43,
      holdId: 'HOLD-06ca2f6a-ad85-4446-afcf-a8ebc330dd67',
      amount: 100
    }

      at Object.log [as info] (utils/logger.js:9:21)

  console.log
    [INFO] Hold captured {
      userId: 43,
      holdId: 'HOLD-06ca2f6a-ad85-4446-afcf-a8ebc330dd67',
      amount: '100.00'
    }

      at Object.log [as info] (utils/logger.js:9:21)

  console.log
    [INFO] Deposit completed {
      userId: 43,
      amount: 1000,
      transactionId: 'TXN-6acfa533-0c2a-4097-bdcf-1c3fe47a9b10'
    }

      at Object.log [as info] (utils/logger.js:9:21)

  console.log
    [INFO] Deposit completed {
      userId: 43,
      amount: 500,
      transactionId: 'TXN-4632152c-7a24-4996-9b9c-91de88bad85c'
    }

      at Object.log [as info] (utils/logger.js:9:21)

  console.log
    [INFO] Withdrawal completed {
      userId: 43,
      amount: 200,
      transactionId: 'TXN-61cc84fa-ad57-4e59-a2be-e3715a566a6e'
    }

      at Object.log [as info] (utils/logger.js:9:21)

  console.log
    [INFO] Deposit completed {
      userId: 43,
      amount: 1000,
      transactionId: 'TXN-b78866fe-56a1-4c07-ba7b-90766dd78cbd'
    }

      at Object.log [as info] (utils/logger.js:9:21)

  console.log
    [INFO] Deposit completed {
      userId: 43,
      amount: 500,
      transactionId: 'TXN-cd33c6d0-3ba2-4353-90a3-680f0088d9c4'
    }

      at Object.log [as info] (utils/logger.js:9:21)

  console.log
    [INFO] Withdrawal completed {
      userId: 43,
      amount: 200,
      transactionId: 'TXN-29d1d310-8cfd-4ed6-8387-09d324ebbe41'
    }

      at Object.log [as info] (utils/logger.js:9:21)

  console.log
    [INFO] Deposit completed {
      userId: 43,
      amount: 1000,
      transactionId: 'TXN-6adafff3-9eb8-4d7c-9dac-52470bf99c30'
    }

      at Object.log [as info] (utils/logger.js:9:21)

  console.log
    [INFO] Deposit completed {
      userId: 43,
      amount: 500,
      transactionId: 'TXN-48baad31-ef14-4f49-a49a-1305b4cbb8ad'
    }

      at Object.log [as info] (utils/logger.js:9:21)

  console.log
    [INFO] Withdrawal completed {
      userId: 43,
      amount: 200,
      transactionId: 'TXN-b6dc93d5-5dd3-46b0-90e7-d3ea5fde1b61'
    }

      at Object.log [as info] (utils/logger.js:9:21)

  console.log
    [INFO] Deposit completed {
      userId: 43,
      amount: 1000,
      transactionId: 'TXN-f4736cd4-8ff9-4be1-9328-3d80207eabab'
    }

      at Object.log [as info] (utils/logger.js:9:21)

  console.log
    [INFO] Deposit completed {
      userId: 43,
      amount: 500,
      transactionId: 'TXN-cea22b8d-1160-4336-99a4-e69fb5397718'
    }

      at Object.log [as info] (utils/logger.js:9:21)

  console.log
    [INFO] Withdrawal completed {
      userId: 43,
      amount: 200,
      transactionId: 'TXN-108eb238-0c0c-4579-b9c9-7fa86275cc32'
    }

      at Object.log [as info] (utils/logger.js:9:21)

  console.log
    [INFO] Deposit completed {
      userId: 43,
      amount: 1000,
      transactionId: 'TXN-652c3ee1-7c35-48db-af20-1aa5888f995d'
    }

      at Object.log [as info] (utils/logger.js:9:21)

  console.log
    [INFO] Withdrawal completed {
      userId: 43,
      amount: 200,
      transactionId: 'TXN-c7af8bbe-32f4-453b-b34c-3cf2b2018978'
    }

      at Object.log [as info] (utils/logger.js:9:21)

  console.log
    [INFO] Deposit completed {
      userId: 43,
      amount: 1000,
      transactionId: 'TXN-637e6097-d10e-41a5-960b-3c47ec0f5edc'
    }

      at Object.log [as info] (utils/logger.js:9:21)

  console.log
    [INFO] Deposit completed {
      userId: 43,
      amount: 1000,
      transactionId: 'TXN-424c419c-36ed-4c7a-b262-a7154bed7c7e'
    }

      at Object.log [as info] (utils/logger.js:9:21)

  console.log
    [INFO] Deposit completed {
      userId: 43,
      amount: 10000,
      transactionId: 'TXN-a1d5935c-0ab1-41f3-90cb-f07144ddbfe4'
    }

      at Object.log [as info] (utils/logger.js:9:21)

  console.log
    [INFO] Deposit completed {
      userId: 43,
      amount: 10000,
      transactionId: 'TXN-758a04d0-dad6-4cb2-af69-a606b2453ccd'
    }

      at Object.log [as info] (utils/logger.js:9:21)

  console.error
    [ERROR] Error freezing balance {
      userId: 43,
      reason: 'Suspicious activity',
      error: 'insert or update on table "user_balances" violates foreign key constraint "user_balances_frozen_by_fkey"'
    }

    [0m [90m 13 |[39m     error[33m:[39m ([33m...[39margs) [33m=>[39m {
     [90m 14 |[39m         [36mif[39m (process[33m.[39menv[33m.[39m[33mNODE_ENV[39m [33m!==[39m [32m'test'[39m) {
    [31m[1m>[22m[39m[90m 15 |[39m             console[33m.[39merror([32m'[ERROR]'[39m[33m,[39m [33m...[39margs)[33m;[39m
     [90m    |[39m                     [31m[1m^[22m[39m
     [90m 16 |[39m         }
     [90m 17 |[39m     }[33m,[39m
     [90m 18 |[39m[0m

      at Object.error (utils/logger.js:15:21)
      at BalanceService.freezeBalance (services/balanceService.ts:1299:20)
      at Object.<anonymous> (tests/services/balanceService.test.ts:751:28)

  console.error
    [ERROR] Error freezing balance {
      userId: 43,
      reason: 'Test freeze',
      error: 'insert or update on table "user_balances" violates foreign key constraint "user_balances_frozen_by_fkey"'
    }

    [0m [90m 13 |[39m     error[33m:[39m ([33m...[39margs) [33m=>[39m {
     [90m 14 |[39m         [36mif[39m (process[33m.[39menv[33m.[39m[33mNODE_ENV[39m [33m!==[39m [32m'test'[39m) {
    [31m[1m>[22m[39m[90m 15 |[39m             console[33m.[39merror([32m'[ERROR]'[39m[33m,[39m [33m...[39margs)[33m;[39m
     [90m    |[39m                     [31m[1m^[22m[39m
     [90m 16 |[39m         }
     [90m 17 |[39m     }[33m,[39m
     [90m 18 |[39m[0m

      at Object.error (utils/logger.js:15:21)
      at BalanceService.freezeBalance (services/balanceService.ts:1299:20)
      at Object.<anonymous> (tests/services/balanceService.test.ts:760:13)

  console.error
    [ERROR] Balance adjustment failed {
      userId: 43,
      amount: 500,
      reason: 'Compensation',
      error: 'insert or update on table "balance_transactions" violates foreign key constraint "balance_transactions_processed_by_fkey"'
    }

    [0m [90m 13 |[39m     error[33m:[39m ([33m...[39margs) [33m=>[39m {
     [90m 14 |[39m         [36mif[39m (process[33m.[39menv[33m.[39m[33mNODE_ENV[39m [33m!==[39m [32m'test'[39m) {
    [31m[1m>[22m[39m[90m 15 |[39m             console[33m.[39merror([32m'[ERROR]'[39m[33m,[39m [33m...[39margs)[33m;[39m
     [90m    |[39m                     [31m[1m^[22m[39m
     [90m 16 |[39m         }
     [90m 17 |[39m     }[33m,[39m
     [90m 18 |[39m[0m

      at Object.error (utils/logger.js:15:21)
      at BalanceService.adjustBalance (services/balanceService.ts:1396:20)
      at Object.<anonymous> (tests/services/balanceService.test.ts:773:28)

  console.log
    [INFO] Deposit completed {
      userId: 43,
      amount: 1000,
      transactionId: 'TXN-5139bdfa-2bba-4b05-ad23-f33b25290f53'
    }

      at Object.log [as info] (utils/logger.js:9:21)

  console.error
    [ERROR] Balance adjustment failed {
      userId: 43,
      amount: -200,
      reason: 'Correction',
      error: 'insert or update on table "balance_transactions" violates foreign key constraint "balance_transactions_processed_by_fkey"'
    }

    [0m [90m 13 |[39m     error[33m:[39m ([33m...[39margs) [33m=>[39m {
     [90m 14 |[39m         [36mif[39m (process[33m.[39menv[33m.[39m[33mNODE_ENV[39m [33m!==[39m [32m'test'[39m) {
    [31m[1m>[22m[39m[90m 15 |[39m             console[33m.[39merror([32m'[ERROR]'[39m[33m,[39m [33m...[39margs)[33m;[39m
     [90m    |[39m                     [31m[1m^[22m[39m
     [90m 16 |[39m         }
     [90m 17 |[39m     }[33m,[39m
     [90m 18 |[39m[0m

      at Object.error (utils/logger.js:15:21)
      at BalanceService.adjustBalance (services/balanceService.ts:1396:20)
      at Object.<anonymous> (tests/services/balanceService.test.ts:787:28)

  console.log
    [INFO] Deposit completed {
      userId: 43,
      amount: 100.55,
      transactionId: 'TXN-2d9f54aa-8943-4e93-8c70-fbace11d1768'
    }

      at Object.log [as info] (utils/logger.js:9:21)

  console.log
    [INFO] Deposit completed {
      userId: 43,
      amount: 1000,
      transactionId: 'TXN-4d5d96fc-d40e-4a60-b80c-51777f4199fd'
    }

      at Object.log [as info] (utils/logger.js:9:21)

  console.log
    [INFO] Withdrawal completed {
      userId: 43,
      amount: 100,
      transactionId: 'TXN-6707ad79-c5a6-4d9f-9ba0-1a4a8bc69375'
    }

      at Object.log [as info] (utils/logger.js:9:21)
          at async Promise.all (index 0)

  console.log
    [INFO] Withdrawal completed {
      userId: 43,
      amount: 150,
      transactionId: 'TXN-da88732e-e43a-4e52-a637-472ce93f2d70'
    }

      at Object.log [as info] (utils/logger.js:9:21)
          at async Promise.all (index 1)

  console.log
    [INFO] Withdrawal completed {
      userId: 43,
      amount: 200,
      transactionId: 'TXN-1adb16cc-325a-4e19-84a3-164cdaf201e4'
    }

      at Object.log [as info] (utils/logger.js:9:21)
          at async Promise.all (index 2)

  console.error
    [ERROR] Withdrawal failed {
      dto: {
        userId: 43,
        amount: 10000,
        destination: 'bank',
        description: 'Invalid withdrawal'
      },
      error: 'Insufficient balance. Available: 0, Required: 10000'
    }

    [0m [90m 13 |[39m     error[33m:[39m ([33m...[39margs) [33m=>[39m {
     [90m 14 |[39m         [36mif[39m (process[33m.[39menv[33m.[39m[33mNODE_ENV[39m [33m!==[39m [32m'test'[39m) {
    [31m[1m>[22m[39m[90m 15 |[39m             console[33m.[39merror([32m'[ERROR]'[39m[33m,[39m [33m...[39margs)[33m;[39m
     [90m    |[39m                     [31m[1m^[22m[39m
     [90m 16 |[39m         }
     [90m 17 |[39m     }[33m,[39m
     [90m 18 |[39m[0m

      at Object.error (utils/logger.js:15:21)
      at BalanceService.withdraw (services/balanceService.ts:372:20)
      at Object.<anonymous> (tests/services/balanceService.test.ts:850:17)

FAIL tests/services/balanceService.test.ts (11.538 s)
  BalanceService
    getBalance
      ΓêÜ should get user balance (76 ms)
      ΓêÜ should throw error for non-existent user (89 ms)
    createBalance
      ├ù should create balance for new user (36 ms)
      ΓêÜ should not create duplicate balance (15 ms)
    deposit
      ΓêÜ should deposit funds successfully (110 ms)
      ΓêÜ should reject negative deposit amount (19 ms)
      ΓêÜ should reject deposit below minimum (13 ms)
      ΓêÜ should reject deposit above maximum (13 ms)
      ΓêÜ should reject deposit to frozen balance (30 ms)
      ΓêÜ should handle multiple concurrent deposits correctly (289 ms)
    withdraw
      ΓêÜ should withdraw funds successfully (71 ms)
      ΓêÜ should reject withdrawal with insufficient balance (30 ms)
      ΓêÜ should reject withdrawal below minimum (28 ms)
      ├ù should enforce daily withdrawal limit (84 ms)
    deductForOrder
      ├ù should deduct balance for order payment (51 ms)
      ΓêÜ should reject order payment with insufficient balance (54 ms)
    refundForOrder
      ├ù should refund balance for cancelled order (33 ms)
    creditEarnings
      ├ù should credit driver earnings (40 ms)
    deductCommission
      ├ù should deduct commission from driver (56 ms)
    createHold
      ΓêÜ should create balance hold (53 ms)
      ΓêÜ should reject hold with insufficient balance (33 ms)
    releaseHold
      ΓêÜ should release hold successfully (53 ms)
      ΓêÜ should reject releasing non-existent hold (49 ms)
      ΓêÜ should reject releasing already released hold (53 ms)
    captureHold
      ΓêÜ should capture hold successfully (51 ms)
    getTransactionHistory
      ΓêÜ should get all transactions for user (58 ms)
      ΓêÜ should filter transactions by type (52 ms)
      ΓêÜ should filter transactions by status (52 ms)
      ΓêÜ should limit results (60 ms)
    getBalanceStatement
      ├ù should generate balance statement (46 ms)
    validateSufficientBalance
      ΓêÜ should return true for sufficient balance (24 ms)
      ΓêÜ should return false for insufficient balance (23 ms)
    validateWithdrawalLimits
      ΓêÜ should pass validation for amount within limits (27 ms)
      ΓêÜ should fail validation for amount exceeding daily limit (26 ms)
    freezeBalance
      ├ù should freeze user balance (17 ms)
    unfreezeBalance
      ├ù should unfreeze user balance (13 ms)
    adjustBalance
      ├ù should adjust balance positively (32 ms)
      ├ù should adjust balance negatively (309 ms)
    Edge Cases
      ΓêÜ should handle decimal precision correctly (25 ms)
      ΓêÜ should maintain balance consistency across concurrent operations (417 ms)
      ΓêÜ should rollback transaction on error (28 ms)

  ΓùÅ BalanceService ΓÇ║ createBalance ΓÇ║ should create balance for new user

    expect(received).toBe(expected) // Object.is equality

    Expected: 0
    Received: "0.00"

      172 |
      173 |             expect(balance.userId).toBe(newUserId);
    > 174 |             expect(balance.availableBalance).toBe(0);
          |                                              ^
      175 |             expect(balance.currency).toBe(Currency.EGP);
      176 |
      177 |             // Cleanup

      at Object.<anonymous> (tests/services/balanceService.test.ts:174:46)

  ΓùÅ BalanceService ΓÇ║ withdraw ΓÇ║ should enforce daily withdrawal limit

    expect(received).rejects.toThrow(expected)

    Expected substring: "Daily withdrawal limit exceeded"
    Received message:   "Insufficient balance. Available: 1000, Required: 2000"

          314 |             // Check sufficient balance
          315 |             if (balance.availableBalance < dto.amount) {
        > 316 |                 throw new Error(
              |                       ^
          317 |                     `Insufficient balance. Available: ${balance.availableBalance}, Required: ${dto.amount}`
          318 |                 );
          319 |             }

      at BalanceService.withdraw (services/balanceService.ts:316:23)
      at Object.<anonymous> (tests/services/balanceService.test.ts:337:13)
      at Object.toThrow (node_modules/expect/build/index.js:218:22)
      at Object.<anonymous> (tests/services/balanceService.test.ts:344:23)

  ΓùÅ BalanceService ΓÇ║ deductForOrder ΓÇ║ should deduct balance for order payment

    error: update or delete on table "orders" violates foreign key constraint "balance_transactions_order_id_fkey" on table "balance_transactions"

      382 |
      383 |             // Cleanup
    > 384 |             await pool.query('DELETE FROM orders WHERE id = $1', [orderId]);
          |             ^
      385 |         });
      386 |
      387 |         it('should reject order payment with insufficient balance', async () => {

      at node_modules/pg-pool/index.js:45:11
      at Object.<anonymous> (tests/services/balanceService.test.ts:384:13)

  ΓùÅ BalanceService ΓÇ║ refundForOrder ΓÇ║ should refund balance for cancelled order

    error: update or delete on table "orders" violates foreign key constraint "balance_transactions_order_id_fkey" on table "balance_transactions"

      428 |             expect(result.balance.availableBalance).toBe(100);
      429 |
    > 430 |             await pool.query('DELETE FROM orders WHERE id = $1', [orderId]);
          |             ^
      431 |         });
      432 |     });
      433 |

      at node_modules/pg-pool/index.js:45:11
      at Object.<anonymous> (tests/services/balanceService.test.ts:430:13)

  ΓùÅ BalanceService ΓÇ║ creditEarnings ΓÇ║ should credit driver earnings

    error: update or delete on table "orders" violates foreign key constraint "balance_transactions_order_id_fkey" on table "balance_transactions"

      458 |             expect(result.balance.lifetimeEarnings).toBe(85);
      459 |
    > 460 |             await pool.query('DELETE FROM orders WHERE id = $1', [orderId]);
          |             ^
      461 |         });
      462 |     });
      463 |

      at node_modules/pg-pool/index.js:45:11
      at Object.<anonymous> (tests/services/balanceService.test.ts:460:13)

  ΓùÅ BalanceService ΓÇ║ deductCommission ΓÇ║ should deduct commission from driver

    error: update or delete on table "orders" violates foreign key constraint "balance_transactions_order_id_fkey" on table "balance_transactions"

      486 |             expect(result.balance.availableBalance).toBe(85);
      487 |
    > 488 |             await pool.query('DELETE FROM orders WHERE id = $1', [orderId]);
          |             ^
      489 |         });
      490 |     });
      491 |

      at node_modules/pg-pool/index.js:45:11
      at Object.<anonymous> (tests/services/balanceService.test.ts:488:13)

  ΓùÅ BalanceService ΓÇ║ getBalanceStatement ΓÇ║ should generate balance statement

    expect(received).toBe(expected) // Object.is equality

    Expected: 1000
    Received: "01000.00"

      689 |
      690 |             expect(statement.userId).toBe(testUserId);
    > 691 |             expect(statement.totalDeposits).toBe(1000);
          |                                             ^
      692 |             expect(statement.totalWithdrawals).toBe(200);
      693 |             expect(statement.transactions.length).toBe(2);
      694 |         });

      at Object.<anonymous> (tests/services/balanceService.test.ts:691:45)

  ΓùÅ BalanceService ΓÇ║ freezeBalance ΓÇ║ should freeze user balance

    error: insert or update on table "user_balances" violates foreign key constraint "user_balances_frozen_by_fkey"

      1283 |     async freezeBalance(userId: number, reason: string, adminId: number): Promise<UserBalance> {
      1284 |         try {
    > 1285 |             await this.pool.query(
           |             ^
      1286 |                 `UPDATE user_balances
      1287 |          SET is_frozen = TRUE,
      1288 |              freeze_reason = $1,

      at node_modules/pg-pool/index.js:45:11
      at BalanceService.freezeBalance (services/balanceService.ts:1285:13)
      at Object.<anonymous> (tests/services/balanceService.test.ts:751:28)

  ΓùÅ BalanceService ΓÇ║ unfreezeBalance ΓÇ║ should unfreeze user balance

    error: insert or update on table "user_balances" violates foreign key constraint "user_balances_frozen_by_fkey"

      1283 |     async freezeBalance(userId: number, reason: string, adminId: number): Promise<UserBalance> {
      1284 |         try {
    > 1285 |             await this.pool.query(
           |             ^
      1286 |                 `UPDATE user_balances
      1287 |          SET is_frozen = TRUE,
      1288 |              freeze_reason = $1,

      at node_modules/pg-pool/index.js:45:11
      at BalanceService.freezeBalance (services/balanceService.ts:1285:13)
      at Object.<anonymous> (tests/services/balanceService.test.ts:760:13)

  ΓùÅ BalanceService ΓÇ║ adjustBalance ΓÇ║ should adjust balance positively

    error: insert or update on table "balance_transactions" violates foreign key constraint "balance_transactions_processed_by_fkey"

      1481 |         const transactionId = `TXN-${uuidv4()}`;
      1482 |
    > 1483 |         const result = await client.query(
           |                        ^
      1484 |             `INSERT INTO balance_transactions (
      1485 |         transaction_id, user_id, type, amount, currency,
      1486 |         balance_before, balance_after, status, description, metadata,

      at node_modules/pg/lib/client.js:545:17
      at BalanceService.createTransaction (services/balanceService.ts:1483:24)
      at BalanceService.adjustBalance (services/balanceService.ts:1357:33)
      at Object.<anonymous> (tests/services/balanceService.test.ts:773:28)

  ΓùÅ BalanceService ΓÇ║ adjustBalance ΓÇ║ should adjust balance negatively

    error: insert or update on table "balance_transactions" violates foreign key constraint "balance_transactions_processed_by_fkey"

      1481 |         const transactionId = `TXN-${uuidv4()}`;
      1482 |
    > 1483 |         const result = await client.query(
           |                        ^
      1484 |             `INSERT INTO balance_transactions (
      1485 |         transaction_id, user_id, type, amount, currency,
      1486 |         balance_before, balance_after, status, description, metadata,

      at node_modules/pg/lib/client.js:545:17
      at BalanceService.createTransaction (services/balanceService.ts:1483:24)
      at BalanceService.adjustBalance (services/balanceService.ts:1357:33)
      at Object.<anonymous> (tests/services/balanceService.test.ts:787:28)

Test Suites: 1 failed, 1 total
Tests:       11 failed, 30 passed, 41 total
Snapshots:   0 total
Time:        13.012 s, estimated 14 s
Ran all test suites matching /tests\\services\\balanceService.test.ts/i.
