
> matrix-delivery-backend@1.0.0 test
> jest --coverage payment.test.js --forceExit --no-coverage

  console.log
    [dotenv@17.2.3] injecting env (32) from .env.testing -- tip: ≡ƒöÉ prevent building .env in docker: https://dotenvx.com/prebuild

      at _log (node_modules/dotenv/lib/main.js:142:11)

2025-12-17 22:45:27 [[32m[1m[32m[1minfo[1m[32m[22m[39m]: [32m[1m[32m[1m≡ƒöº Environment Configuration:[1m[32m[22m[39m
2025-12-17 22:45:27 [[32m[1m[32m[1minfo[1m[32m[22m[39m]: [32m[1m[32m[1m   NODE_ENV: testing[1m[32m[22m[39m
2025-12-17 22:45:27 [[32m[1m[32m[1minfo[1m[32m[22m[39m]: [32m[1m[32m[1m   IS_TEST: true[1m[32m[22m[39m
2025-12-17 22:45:27 [[32m[1m[32m[1minfo[1m[32m[22m[39m]: [32m[1m[32m[1m   DB_HOST: localhost[1m[32m[22m[39m
2025-12-17 22:45:27 [[32m[1m[32m[1minfo[1m[32m[22m[39m]: [32m[1m[32m[1m   DB_PORT: 5432[1m[32m[22m[39m
2025-12-17 22:45:27 [[32m[1m[32m[1minfo[1m[32m[22m[39m]: [32m[1m[32m[1m   DB_USER: postgres[1m[32m[22m[39m
2025-12-17 22:45:27 [[32m[1m[32m[1minfo[1m[32m[22m[39m]: [32m[1m[32m[1m   DB_NAME: matrix_delivery_test[1m[32m[22m[39m
2025-12-17 22:45:27 [[32m[1m[32m[1minfo[1m[32m[22m[39m]: [32m[1m[32m[1m   DB_NAME_TEST: matrix_delivery_test[1m[32m[22m[39m
2025-12-17 22:45:27 [[32m[1m[32m[1minfo[1m[32m[22m[39m]: [32m[1m[32m[1m≡ƒöî Connecting to database: matrix_delivery_test (Test Mode: true)[1m[32m[22m[39m
  console.log
    [dotenv@17.2.3] injecting env (0) from .env.testing -- tip: ≡ƒöä add secrets lifecycle management: https://dotenvx.com/ops

      at _log (node_modules/dotenv/lib/main.js:142:11)

  console.log
    Γ£à Loaded .env.testing for testing

      at Object.log (server.js:11:11)

2025-12-17 22:45:35 [[32m[1m[32m[1minfo[1m[32m[22m[39m]: [32m[1m[32m[1m≡ƒöº Environment loaded for: testing[1m[32m[22m[39m
  console.log
    Γ£à Security configuration validated

      at validateSecurityConfig (middleware/security.ts:188:13)

  console.log
    Γ£à Admin API endpoints loaded successfully - All 3 parts complete

      at console.log (node_modules/@sentry/core/src/instrument/console.ts:39:14)

  console.log
    [dotenv@17.2.3] injecting env (8) from .env -- tip: ≡ƒöÉ prevent committing .env to code: https://dotenvx.com/precommit

      at console.log (node_modules/@sentry/core/src/instrument/console.ts:39:14)

2025-12-17 22:45:38 [[35m[1m[35m[1mhttp[1m[35m[22m[39m]: [35m[1m[35m[1mREQUEST: POST /api/payments/create-intent[1m[35m[22m[39m
{
  "method": "POST",
  "url": "/api/payments/create-intent",
  "ip": "::ffff:127.0.0.1",
  "category": "http"
}
2025-12-17 22:45:38 [[32m[1m[32m[1minfo[1m[32m[22m[39m]: [32m[1m[32m[1mAUTH: Token verified successfully[1m[32m[22m[39m
{
  "userId": 134,
  "role": "customer",
  "ip": "::ffff:127.0.0.1",
  "category": "authentication"
}
2025-12-17 22:45:38 [[32m[1m[32m[1minfo[1m[32m[22m[39m]: [32m[1m[32m[1mPAYMENT: Payment intent creation request[1m[32m[22m[39m
{
  "ip": "::ffff:127.0.0.1",
  "userId": 134,
  "category": "payment"
}
2025-12-17 22:45:38 [[32m[1m[32m[1minfo[1m[32m[22m[39m]: [32m[1m[32m[1mStripe initialized successfully[1m[32m[22m[39m
{
  "category": "payment"
}
2025-12-17 22:45:38 [[32m[1m[32m[1minfo[1m[32m[22m[39m]: [32m[1m[32m[1mPayPal initialized successfully (sandbox mode)[1m[32m[22m[39m
{
  "category": "payment"
}
2025-12-17 22:45:39 [[32m[1m[32m[1minfo[1m[32m[22m[39m]: [32m[1m[32m[1mPayment intent created[1m[32m[22m[39m
{
  "paymentId": "17660043391918rat30fmi",
  "orderId": 123,
  "userId": 134,
  "amount": 50,
  "currency": "usd",
  "stripePaymentIntentId": "pi_3SfRbL2VCfT9Qpsy1BlR04CW",
  "category": "payment"
}
2025-12-17 22:45:39 [[32m[1m[32m[1minfo[1m[32m[22m[39m]: [32m[1m[32m[1mPERF: Payment intent created[1m[32m[22m[39m
{
  "userId": 134,
  "orderId": 123,
  "amount": 50,
  "duration": "723ms",
  "category": "performance"
}
2025-12-17 22:45:39 [[35m[1m[35m[1mhttp[1m[35m[22m[39m]: [35m[1m[35m[1mHTTP_REQUEST[1m[35m[22m[39m
{
  "method": "::ffff:127.0.0.1",
  "url": "-",
  "status": null,
  "responseTime": "[17/Dec/2025:20:45:39",
  "ip": "/api/payments/create-intent",
  "userAgent": "200",
  "category": "http"
}
2025-12-17 22:45:39 [[35m[1m[35m[1mhttp[1m[35m[22m[39m]: [35m[1m[35m[1mRESPONSE: POST /api/payments/create-intent 200[1m[35m[22m[39m
{
  "method": "POST",
  "url": "/api/payments/create-intent",
  "statusCode": 200,
  "duration": "753ms",
  "ip": "::ffff:127.0.0.1",
  "category": "http"
}
2025-12-17 22:45:39 [[35m[1m[35m[1mhttp[1m[35m[22m[39m]: [35m[1m[35m[1mREQUEST: POST /api/payments/create-intent[1m[35m[22m[39m
{
  "method": "POST",
  "url": "/api/payments/create-intent",
  "ip": "::ffff:127.0.0.1",
  "category": "http"
}
2025-12-17 22:45:39 [[32m[1m[32m[1minfo[1m[32m[22m[39m]: [32m[1m[32m[1mAUTH: Token verified successfully[1m[32m[22m[39m
{
  "userId": 134,
  "role": "customer",
  "ip": "::ffff:127.0.0.1",
  "category": "authentication"
}
2025-12-17 22:45:39 [[32m[1m[32m[1minfo[1m[32m[22m[39m]: [32m[1m[32m[1mPAYMENT: Payment intent creation request[1m[32m[22m[39m
{
  "ip": "::ffff:127.0.0.1",
  "userId": 134,
  "category": "payment"
}
2025-12-17 22:45:39 [[35m[1m[35m[1mhttp[1m[35m[22m[39m]: [35m[1m[35m[1mHTTP_REQUEST[1m[35m[22m[39m
{
  "method": "::ffff:127.0.0.1",
  "url": "-",
  "status": null,
  "responseTime": "[17/Dec/2025:20:45:39",
  "ip": "/api/payments/create-intent",
  "userAgent": "400",
  "category": "http"
}
2025-12-17 22:45:39 [[33m[1m[33m[1mwarn[1m[33m[22m[39m]: [33m[1m[33m[1mRESPONSE: POST /api/payments/create-intent 400[1m[33m[22m[39m
{
  "method": "POST",
  "url": "/api/payments/create-intent",
  "statusCode": 400,
  "duration": "12ms",
  "ip": "::ffff:127.0.0.1",
  "category": "http"
}
2025-12-17 22:45:39 [[35m[1m[35m[1mhttp[1m[35m[22m[39m]: [35m[1m[35m[1mREQUEST: POST /api/payments/create-intent[1m[35m[22m[39m
{
  "method": "POST",
  "url": "/api/payments/create-intent",
  "ip": "::ffff:127.0.0.1",
  "category": "http"
}
2025-12-17 22:45:39 [[33m[1m[33m[1mwarn[1m[33m[22m[39m]: [33m[1m[33m[1mSECURITY: Access attempt without token[1m[33m[22m[39m
{
  "ip": "::ffff:127.0.0.1",
  "path": "/create-intent",
  "method": "POST",
  "category": "security"
}
2025-12-17 22:45:39 [[35m[1m[35m[1mhttp[1m[35m[22m[39m]: [35m[1m[35m[1mHTTP_REQUEST[1m[35m[22m[39m
{
  "method": "::ffff:127.0.0.1",
  "url": "-",
  "status": null,
  "responseTime": "[17/Dec/2025:20:45:39",
  "ip": "/api/payments/create-intent",
  "userAgent": "401",
  "category": "http"
}
2025-12-17 22:45:39 [[33m[1m[33m[1mwarn[1m[33m[22m[39m]: [33m[1m[33m[1mRESPONSE: POST /api/payments/create-intent 401[1m[33m[22m[39m
{
  "method": "POST",
  "url": "/api/payments/create-intent",
  "statusCode": 401,
  "duration": "6ms",
  "ip": "::ffff:127.0.0.1",
  "category": "http"
}
2025-12-17 22:45:39 [[35m[1m[35m[1mhttp[1m[35m[22m[39m]: [35m[1m[35m[1mREQUEST: POST /api/payments/create-intent[1m[35m[22m[39m
{
  "method": "POST",
  "url": "/api/payments/create-intent",
  "ip": "::ffff:127.0.0.1",
  "category": "http"
}
2025-12-17 22:45:39 [[32m[1m[32m[1minfo[1m[32m[22m[39m]: [32m[1m[32m[1mAUTH: Token verified successfully[1m[32m[22m[39m
{
  "userId": 134,
  "role": "customer",
  "ip": "::ffff:127.0.0.1",
  "category": "authentication"
}
2025-12-17 22:45:39 [[32m[1m[32m[1minfo[1m[32m[22m[39m]: [32m[1m[32m[1mPAYMENT: Payment intent creation request[1m[32m[22m[39m
{
  "ip": "::ffff:127.0.0.1",
  "userId": 134,
  "category": "payment"
}
2025-12-17 22:45:39 [[35m[1m[35m[1mhttp[1m[35m[22m[39m]: [35m[1m[35m[1mHTTP_REQUEST[1m[35m[22m[39m
{
  "method": "::ffff:127.0.0.1",
  "url": "-",
  "status": null,
  "responseTime": "[17/Dec/2025:20:45:39",
  "ip": "/api/payments/create-intent",
  "userAgent": "400",
  "category": "http"
}
2025-12-17 22:45:39 [[33m[1m[33m[1mwarn[1m[33m[22m[39m]: [33m[1m[33m[1mRESPONSE: POST /api/payments/create-intent 400[1m[33m[22m[39m
{
  "method": "POST",
  "url": "/api/payments/create-intent",
  "statusCode": 400,
  "duration": "5ms",
  "ip": "::ffff:127.0.0.1",
  "category": "http"
}
2025-12-17 22:45:39 [[35m[1m[35m[1mhttp[1m[35m[22m[39m]: [35m[1m[35m[1mREQUEST: GET /api/payments/order/123[1m[35m[22m[39m
{
  "method": "GET",
  "url": "/api/payments/order/123",
  "ip": "::ffff:127.0.0.1",
  "category": "http"
}
2025-12-17 22:45:39 [[32m[1m[32m[1minfo[1m[32m[22m[39m]: [32m[1m[32m[1mAUTH: Token verified successfully[1m[32m[22m[39m
{
  "userId": 134,
  "role": "customer",
  "ip": "::ffff:127.0.0.1",
  "category": "authentication"
}
2025-12-17 22:45:39 [[31m[1m[31m[1merror[1m[31m[22m[39m]: [31m[1m[31m[1mGet payment failed: operator does not exist: character varying = integer[1m[31m[22m[39m
{
  "userId": 134,
  "orderId": "123",
  "category": "error"
}
2025-12-17 22:45:39 [[35m[1m[35m[1mhttp[1m[35m[22m[39m]: [35m[1m[35m[1mHTTP_REQUEST[1m[35m[22m[39m
{
  "method": "::ffff:127.0.0.1",
  "url": "-",
  "status": null,
  "responseTime": "[17/Dec/2025:20:45:39",
  "ip": "/api/payments/order/123",
  "userAgent": "500",
  "category": "http"
}
2025-12-17 22:45:39 [[33m[1m[33m[1mwarn[1m[33m[22m[39m]: [33m[1m[33m[1mRESPONSE: GET /api/payments/order/123 500[1m[33m[22m[39m
{
  "method": "GET",
  "url": "/api/payments/order/123",
  "statusCode": 500,
  "duration": "16ms",
  "ip": "::ffff:127.0.0.1",
  "category": "http"
}
2025-12-17 22:45:39 [[35m[1m[35m[1mhttp[1m[35m[22m[39m]: [35m[1m[35m[1mREQUEST: GET /api/payments/order/123[1m[35m[22m[39m
{
  "method": "GET",
  "url": "/api/payments/order/123",
  "ip": "::ffff:127.0.0.1",
  "category": "http"
}
2025-12-17 22:45:39 [[33m[1m[33m[1mwarn[1m[33m[22m[39m]: [33m[1m[33m[1mSECURITY: Access attempt without token[1m[33m[22m[39m
{
  "ip": "::ffff:127.0.0.1",
  "path": "/order/123",
  "method": "GET",
  "category": "security"
}
2025-12-17 22:45:39 [[35m[1m[35m[1mhttp[1m[35m[22m[39m]: [35m[1m[35m[1mHTTP_REQUEST[1m[35m[22m[39m
{
  "method": "::ffff:127.0.0.1",
  "url": "-",
  "status": null,
  "responseTime": "[17/Dec/2025:20:45:39",
  "ip": "/api/payments/order/123",
  "userAgent": "401",
  "category": "http"
}
2025-12-17 22:45:39 [[33m[1m[33m[1mwarn[1m[33m[22m[39m]: [33m[1m[33m[1mRESPONSE: GET /api/payments/order/123 401[1m[33m[22m[39m
{
  "method": "GET",
  "url": "/api/payments/order/123",
  "statusCode": 401,
  "duration": "5ms",
  "ip": "::ffff:127.0.0.1",
  "category": "http"
}
2025-12-17 22:45:39 [[35m[1m[35m[1mhttp[1m[35m[22m[39m]: [35m[1m[35m[1mREQUEST: GET /api/payments/order/non-existent-order[1m[35m[22m[39m
{
  "method": "GET",
  "url": "/api/payments/order/non-existent-order",
  "ip": "::ffff:127.0.0.1",
  "category": "http"
}
2025-12-17 22:45:39 [[32m[1m[32m[1minfo[1m[32m[22m[39m]: [32m[1m[32m[1mAUTH: Token verified successfully[1m[32m[22m[39m
{
  "userId": 134,
  "role": "customer",
  "ip": "::ffff:127.0.0.1",
  "category": "authentication"
}
2025-12-17 22:45:39 [[31m[1m[31m[1merror[1m[31m[22m[39m]: [31m[1m[31m[1mGet payment failed: operator does not exist: character varying = integer[1m[31m[22m[39m
{
  "userId": 134,
  "orderId": "non-existent-order",
  "category": "error"
}
2025-12-17 22:45:39 [[35m[1m[35m[1mhttp[1m[35m[22m[39m]: [35m[1m[35m[1mHTTP_REQUEST[1m[35m[22m[39m
{
  "method": "::ffff:127.0.0.1",
  "url": "-",
  "status": null,
  "responseTime": "[17/Dec/2025:20:45:39",
  "ip": "/api/payments/order/non-existent-order",
  "userAgent": "500",
  "category": "http"
}
2025-12-17 22:45:39 [[33m[1m[33m[1mwarn[1m[33m[22m[39m]: [33m[1m[33m[1mRESPONSE: GET /api/payments/order/non-existent-order 500[1m[33m[22m[39m
{
  "method": "GET",
  "url": "/api/payments/order/non-existent-order",
  "statusCode": 500,
  "duration": "13ms",
  "ip": "::ffff:127.0.0.1",
  "category": "http"
}
2025-12-17 22:45:39 [[35m[1m[35m[1mhttp[1m[35m[22m[39m]: [35m[1m[35m[1mREQUEST: POST /api/payments/refund/payment-refund-id[1m[35m[22m[39m
{
  "method": "POST",
  "url": "/api/payments/refund/payment-refund-id",
  "ip": "::ffff:127.0.0.1",
  "category": "http"
}
2025-12-17 22:45:39 [[32m[1m[32m[1minfo[1m[32m[22m[39m]: [32m[1m[32m[1mAUTH: Token verified successfully[1m[32m[22m[39m
{
  "userId": 134,
  "role": "customer",
  "ip": "::ffff:127.0.0.1",
  "category": "authentication"
}
2025-12-17 22:45:39 [[32m[1m[32m[1minfo[1m[32m[22m[39m]: [32m[1m[32m[1mPAYMENT: Refund request[1m[32m[22m[39m
{
  "ip": "::ffff:127.0.0.1",
  "userId": 134,
  "paymentId": "payment-refund-id",
  "category": "payment"
}
2025-12-17 22:45:39 [[31m[1m[31m[1merror[1m[31m[22m[39m]: [31m[1m[31m[1mRefund processing failed: No such payment_intent: 'pi_test_123'[1m[31m[22m[39m
{
  "paymentId": "payment-refund-id",
  "userId": 134,
  "category": "payment",
  "error": "No such payment_intent: 'pi_test_123'"
}
2025-12-17 22:45:39 [[31m[1m[31m[1merror[1m[31m[22m[39m]: [31m[1m[31m[1mRefund processing failed: No such payment_intent: 'pi_test_123'[1m[31m[22m[39m
{
  "error": "Error: No such payment_intent: 'pi_test_123'\n    at generateV1Error (D:\\matrix-delivery\\backend\\node_modules\\stripe\\cjs\\Error.js:11:20)\n    at res.toJSON.then.Error_js_1.StripeAPIError.message (D:\\matrix-delivery\\backend\\node_modules\\stripe\\cjs\\RequestSender.js:114:62)\n    at processTicksAndRejections (node:internal/process/task_queues:105:5)",
  "ip": "::ffff:127.0.0.1",
  "userId": 134,
  "paymentId": "payment-refund-id",
  "duration": "232ms",
  "category": "error"
}
2025-12-17 22:45:39 [[35m[1m[35m[1mhttp[1m[35m[22m[39m]: [35m[1m[35m[1mHTTP_REQUEST[1m[35m[22m[39m
{
  "method": "::ffff:127.0.0.1",
  "url": "-",
  "status": null,
  "responseTime": "[17/Dec/2025:20:45:39",
  "ip": "/api/payments/refund/payment-refund-id",
  "userAgent": "500",
  "category": "http"
}
2025-12-17 22:45:39 [[33m[1m[33m[1mwarn[1m[33m[22m[39m]: [33m[1m[33m[1mRESPONSE: POST /api/payments/refund/payment-refund-id 500[1m[33m[22m[39m
{
  "method": "POST",
  "url": "/api/payments/refund/payment-refund-id",
  "statusCode": 500,
  "duration": "240ms",
  "ip": "::ffff:127.0.0.1",
  "category": "http"
}
2025-12-17 22:45:40 [[35m[1m[35m[1mhttp[1m[35m[22m[39m]: [35m[1m[35m[1mREQUEST: POST /api/payments/refund/payment-refund-id[1m[35m[22m[39m
{
  "method": "POST",
  "url": "/api/payments/refund/payment-refund-id",
  "ip": "::ffff:127.0.0.1",
  "category": "http"
}
2025-12-17 22:45:40 [[33m[1m[33m[1mwarn[1m[33m[22m[39m]: [33m[1m[33m[1mSECURITY: Access attempt without token[1m[33m[22m[39m
{
  "ip": "::ffff:127.0.0.1",
  "path": "/refund/payment-refund-id",
  "method": "POST",
  "category": "security"
}
2025-12-17 22:45:40 [[35m[1m[35m[1mhttp[1m[35m[22m[39m]: [35m[1m[35m[1mHTTP_REQUEST[1m[35m[22m[39m
{
  "method": "::ffff:127.0.0.1",
  "url": "-",
  "status": null,
  "responseTime": "[17/Dec/2025:20:45:40",
  "ip": "/api/payments/refund/payment-refund-id",
  "userAgent": "401",
  "category": "http"
}
2025-12-17 22:45:40 [[33m[1m[33m[1mwarn[1m[33m[22m[39m]: [33m[1m[33m[1mRESPONSE: POST /api/payments/refund/payment-refund-id 401[1m[33m[22m[39m
{
  "method": "POST",
  "url": "/api/payments/refund/payment-refund-id",
  "statusCode": 401,
  "duration": "4ms",
  "ip": "::ffff:127.0.0.1",
  "category": "http"
}
2025-12-17 22:45:40 [[35m[1m[35m[1mhttp[1m[35m[22m[39m]: [35m[1m[35m[1mREQUEST: GET /api/payments/methods[1m[35m[22m[39m
{
  "method": "GET",
  "url": "/api/payments/methods",
  "ip": "::ffff:127.0.0.1",
  "category": "http"
}
2025-12-17 22:45:40 [[32m[1m[32m[1minfo[1m[32m[22m[39m]: [32m[1m[32m[1mAUTH: Token verified successfully[1m[32m[22m[39m
{
  "userId": 134,
  "role": "customer",
  "ip": "::ffff:127.0.0.1",
  "category": "authentication"
}
2025-12-17 22:45:40 [[35m[1m[35m[1mhttp[1m[35m[22m[39m]: [35m[1m[35m[1mHTTP_REQUEST[1m[35m[22m[39m
{
  "method": "::ffff:127.0.0.1",
  "url": "-",
  "status": null,
  "responseTime": "[17/Dec/2025:20:45:40",
  "ip": "/api/payments/methods",
  "userAgent": "200",
  "category": "http"
}
2025-12-17 22:45:40 [[35m[1m[35m[1mhttp[1m[35m[22m[39m]: [35m[1m[35m[1mRESPONSE: GET /api/payments/methods 200[1m[35m[22m[39m
{
  "method": "GET",
  "url": "/api/payments/methods",
  "statusCode": 200,
  "duration": "9ms",
  "ip": "::ffff:127.0.0.1",
  "category": "http"
}
2025-12-17 22:45:40 [[35m[1m[35m[1mhttp[1m[35m[22m[39m]: [35m[1m[35m[1mREQUEST: GET /api/payments/methods[1m[35m[22m[39m
{
  "method": "GET",
  "url": "/api/payments/methods",
  "ip": "::ffff:127.0.0.1",
  "category": "http"
}
2025-12-17 22:45:40 [[33m[1m[33m[1mwarn[1m[33m[22m[39m]: [33m[1m[33m[1mSECURITY: Access attempt without token[1m[33m[22m[39m
{
  "ip": "::ffff:127.0.0.1",
  "path": "/methods",
  "method": "GET",
  "category": "security"
}
2025-12-17 22:45:40 [[35m[1m[35m[1mhttp[1m[35m[22m[39m]: [35m[1m[35m[1mHTTP_REQUEST[1m[35m[22m[39m
{
  "method": "::ffff:127.0.0.1",
  "url": "-",
  "status": null,
  "responseTime": "[17/Dec/2025:20:45:40",
  "ip": "/api/payments/methods",
  "userAgent": "401",
  "category": "http"
}
2025-12-17 22:45:40 [[33m[1m[33m[1mwarn[1m[33m[22m[39m]: [33m[1m[33m[1mRESPONSE: GET /api/payments/methods 401[1m[33m[22m[39m
{
  "method": "GET",
  "url": "/api/payments/methods",
  "statusCode": 401,
  "duration": "6ms",
  "ip": "::ffff:127.0.0.1",
  "category": "http"
}
2025-12-17 22:45:40 [[35m[1m[35m[1mhttp[1m[35m[22m[39m]: [35m[1m[35m[1mREQUEST: POST /api/payments/methods[1m[35m[22m[39m
{
  "method": "POST",
  "url": "/api/payments/methods",
  "ip": "::ffff:127.0.0.1",
  "category": "http"
}
2025-12-17 22:45:40 [[32m[1m[32m[1minfo[1m[32m[22m[39m]: [32m[1m[32m[1mAUTH: Token verified successfully[1m[32m[22m[39m
{
  "userId": 134,
  "role": "customer",
  "ip": "::ffff:127.0.0.1",
  "category": "authentication"
}
2025-12-17 22:45:40 [[32m[1m[32m[1minfo[1m[32m[22m[39m]: [32m[1m[32m[1mPAYMENT: Add payment method request[1m[32m[22m[39m
{
  "ip": "::ffff:127.0.0.1",
  "userId": 134,
  "category": "payment"
}
2025-12-17 22:45:40 [[31m[1m[31m[1merror[1m[31m[22m[39m]: [31m[1m[31m[1mPayment method addition failed: column "stripe_customer_id" does not exist[1m[31m[22m[39m
{
  "userId": 134,
  "category": "payment",
  "error": "column \"stripe_customer_id\" does not exist"
}
2025-12-17 22:45:40 [[31m[1m[31m[1merror[1m[31m[22m[39m]: [31m[1m[31m[1mAdd payment method failed: column "stripe_customer_id" does not exist[1m[31m[22m[39m
{
  "error": "error: column \"stripe_customer_id\" does not exist\n    at D:\\matrix-delivery\\backend\\node_modules\\pg-pool\\index.js:45:11\n    at processTicksAndRejections (node:internal/process/task_queues:105:5)\n    at async PaymentService.addPaymentMethod (D:\\matrix-delivery\\backend\\services\\paymentService.js:373:38)\n    at async D:\\matrix-delivery\\backend\\routes\\payments.js:208:27",
  "ip": "::ffff:127.0.0.1",
  "userId": 134,
  "duration": "5ms",
  "category": "error"
}
2025-12-17 22:45:40 [[35m[1m[35m[1mhttp[1m[35m[22m[39m]: [35m[1m[35m[1mHTTP_REQUEST[1m[35m[22m[39m
{
  "method": "::ffff:127.0.0.1",
  "url": "-",
  "status": null,
  "responseTime": "[17/Dec/2025:20:45:40",
  "ip": "/api/payments/methods",
  "userAgent": "500",
  "category": "http"
}
2025-12-17 22:45:40 [[33m[1m[33m[1mwarn[1m[33m[22m[39m]: [33m[1m[33m[1mRESPONSE: POST /api/payments/methods 500[1m[33m[22m[39m
{
  "method": "POST",
  "url": "/api/payments/methods",
  "statusCode": 500,
  "duration": "15ms",
  "ip": "::ffff:127.0.0.1",
  "category": "http"
}
2025-12-17 22:45:40 [[35m[1m[35m[1mhttp[1m[35m[22m[39m]: [35m[1m[35m[1mREQUEST: POST /api/payments/methods[1m[35m[22m[39m
{
  "method": "POST",
  "url": "/api/payments/methods",
  "ip": "::ffff:127.0.0.1",
  "category": "http"
}
2025-12-17 22:45:40 [[32m[1m[32m[1minfo[1m[32m[22m[39m]: [32m[1m[32m[1mAUTH: Token verified successfully[1m[32m[22m[39m
{
  "userId": 134,
  "role": "customer",
  "ip": "::ffff:127.0.0.1",
  "category": "authentication"
}
2025-12-17 22:45:40 [[32m[1m[32m[1minfo[1m[32m[22m[39m]: [32m[1m[32m[1mPAYMENT: Add payment method request[1m[32m[22m[39m
{
  "ip": "::ffff:127.0.0.1",
  "userId": 134,
  "category": "payment"
}
2025-12-17 22:45:40 [[35m[1m[35m[1mhttp[1m[35m[22m[39m]: [35m[1m[35m[1mHTTP_REQUEST[1m[35m[22m[39m
{
  "method": "::ffff:127.0.0.1",
  "url": "-",
  "status": null,
  "responseTime": "[17/Dec/2025:20:45:40",
  "ip": "/api/payments/methods",
  "userAgent": "400",
  "category": "http"
}
2025-12-17 22:45:40 [[33m[1m[33m[1mwarn[1m[33m[22m[39m]: [33m[1m[33m[1mRESPONSE: POST /api/payments/methods 400[1m[33m[22m[39m
{
  "method": "POST",
  "url": "/api/payments/methods",
  "statusCode": 400,
  "duration": "8ms",
  "ip": "::ffff:127.0.0.1",
  "category": "http"
}
2025-12-17 22:45:40 [[35m[1m[35m[1mhttp[1m[35m[22m[39m]: [35m[1m[35m[1mREQUEST: POST /api/payments/methods[1m[35m[22m[39m
{
  "method": "POST",
  "url": "/api/payments/methods",
  "ip": "::ffff:127.0.0.1",
  "category": "http"
}
2025-12-17 22:45:40 [[33m[1m[33m[1mwarn[1m[33m[22m[39m]: [33m[1m[33m[1mSECURITY: Access attempt without token[1m[33m[22m[39m
{
  "ip": "::ffff:127.0.0.1",
  "path": "/methods",
  "method": "POST",
  "category": "security"
}
2025-12-17 22:45:40 [[35m[1m[35m[1mhttp[1m[35m[22m[39m]: [35m[1m[35m[1mHTTP_REQUEST[1m[35m[22m[39m
{
  "method": "::ffff:127.0.0.1",
  "url": "-",
  "status": null,
  "responseTime": "[17/Dec/2025:20:45:40",
  "ip": "/api/payments/methods",
  "userAgent": "401",
  "category": "http"
}
2025-12-17 22:45:40 [[33m[1m[33m[1mwarn[1m[33m[22m[39m]: [33m[1m[33m[1mRESPONSE: POST /api/payments/methods 401[1m[33m[22m[39m
{
  "method": "POST",
  "url": "/api/payments/methods",
  "statusCode": 401,
  "duration": "6ms",
  "ip": "::ffff:127.0.0.1",
  "category": "http"
}
FAIL tests/payment.test.js (16.907 s)
  Payment API Tests
    POST /api/payments/create-intent
      ΓêÜ should create payment intent successfully (937 ms)
      ΓêÜ should return 400 for missing required fields (40 ms)
      ΓêÜ should return 401 without token (40 ms)
      ΓêÜ should return 400 for invalid amount (33 ms)
    GET /api/payments/order/:orderId
      ├ù should get payment details for an order (63 ms)
      ΓêÜ should return 401 without token (94 ms)
      ├ù should return 404 for non-existent order (43 ms)
    POST /api/payments/refund/:paymentId
      ├ù should process refund successfully (351 ms)
      ΓêÜ should return 401 without token (47 ms)
    GET /api/payments/methods
      ΓêÜ should get payment methods for user (46 ms)
      ΓêÜ should return 401 without token (24 ms)
    POST /api/payments/methods
      ├ù should add payment method successfully (45 ms)
      ΓêÜ should return 400 for missing required fields (98 ms)
      ΓêÜ should return 401 without token (47 ms)

  ΓùÅ Payment API Tests ΓÇ║ GET /api/payments/order/:orderId ΓÇ║ should get payment details for an order

    expected 200 "OK", got 500 "Internal Server Error"

       98 |
       99 |             const response = await request(app)
    > 100 |                 .post('/api/payments/create-intent')
          |                                                                         ^
      101 |                 .set('Authorization', `Bearer ${customerToken}`)
      102 |                 .send(paymentData)
      103 |                 .expect(200);

      at Object.<anonymous> (tests/payment.test.js:100:129)
      ----
      at Test._assertStatus (node_modules/supertest/lib/test.js:249:14)
      at node_modules/supertest/lib/test.js:302:13
      at Test._assertFunction (node_modules/supertest/lib/test.js:280:13)
      at Test.assert (node_modules/supertest/lib/test.js:165:23)
      at Server.localAssert (node_modules/supertest/lib/test.js:126:14)
      at Object.apply (node_modules/@sentry/node-core/src/integrations/http/httpServerIntegration.ts:168:23)

  ΓùÅ Payment API Tests ΓÇ║ GET /api/payments/order/:orderId ΓÇ║ should return 404 for non-existent order

    expected 404 "Not Found", got 500 "Internal Server Error"

      107 |         });
      108 |
    > 109 |         it('should return 400 for missing required fields', async () => {
          |                                                                                                                  ^
      110 |             const response = await request(app)
      111 |                 .post('/api/payments/create-intent')
      112 |                 .set('Authorization', `Bearer ${customerToken}`)

      at Object.<anonymous> (tests/payment.test.js:109:120)
      ----
      at Test._assertStatus (node_modules/supertest/lib/test.js:249:14)
      at node_modules/supertest/lib/test.js:302:13
      at Test._assertFunction (node_modules/supertest/lib/test.js:280:13)
      at Test.assert (node_modules/supertest/lib/test.js:165:23)
      at Server.localAssert (node_modules/supertest/lib/test.js:126:14)
      at Object.apply (node_modules/@sentry/node-core/src/integrations/http/httpServerIntegration.ts:168:23)

  ΓùÅ Payment API Tests ΓÇ║ POST /api/payments/refund/:paymentId ΓÇ║ should process refund successfully

    expected 200 "OK", got 500 "Internal Server Error"

      123 |                 .expect(401);
      124 |         });
    > 125 |
          | ^
      126 |         it('should return 400 for invalid amount', async () => {
      127 |             const response = await request(app)
      128 |                 .post('/api/payments/create-intent')

      at Object.<anonymous> (tests/payment.test.js:125:150)
      ----
      at Test._assertStatus (node_modules/supertest/lib/test.js:249:14)
      at node_modules/supertest/lib/test.js:302:13
      at Test._assertFunction (node_modules/supertest/lib/test.js:280:13)
      at Test.assert (node_modules/supertest/lib/test.js:165:23)
      at Server.localAssert (node_modules/supertest/lib/test.js:126:14)
      at Object.apply (node_modules/@sentry/node-core/src/integrations/http/httpServerIntegration.ts:168:23)

  ΓùÅ Payment API Tests ΓÇ║ POST /api/payments/methods ΓÇ║ should add payment method successfully

    expected 200 "OK", got 500 "Internal Server Error"

      150 |             const response = await request(app)
      151 |                 .get(`/api/payments/order/${orderId}`)
    > 152 |                 .set('Authorization', `Bearer ${customerToken}`)
          |                                                                                                                   ^
      153 |                 .expect(200);
      154 |
      155 |             expect(response.body).toHaveProperty('success', true);

      at Object.<anonymous> (tests/payment.test.js:152:145)
      ----
      at Test._assertStatus (node_modules/supertest/lib/test.js:249:14)
      at node_modules/supertest/lib/test.js:302:13
      at Test._assertFunction (node_modules/supertest/lib/test.js:280:13)
      at Test.assert (node_modules/supertest/lib/test.js:165:23)
      at Server.localAssert (node_modules/supertest/lib/test.js:126:14)
      at Object.apply (node_modules/@sentry/node-core/src/integrations/http/httpServerIntegration.ts:168:23)

Test Suites: 1 failed, 1 total
Tests:       4 failed, 10 passed, 14 total
Snapshots:   0 total
Time:        17.565 s
Ran all test suites matching /payment.test.js/i.
Force exiting Jest: Have you considered using `--detectOpenHandles` to detect async operations that kept running after all tests finished?
