
> matrix-delivery-backend@1.0.0 test:integration
> jest --testPathPattern=tests/integration --runInBand

FAIL tests/integration/database/startup.integration.test.js (7.279 s)
  ΓùÅ Console

    console.log
      [dotenv@17.2.3] injecting env (32) from .env.testing -- tip: ΓÜÖ∩╕Å  override existing env vars with { override: true }

      at _log (node_modules/dotenv/lib/main.js:142:11)

    console.log
      2025-12-21 21:03:42 [info]: ≡ƒöº Environment Configuration:

      at Console.log (node_modules/winston/lib/winston/transports/console.js:87:23)

    console.log
      2025-12-21 21:03:42 [info]:    NODE_ENV: testing

      at Console.log (node_modules/winston/lib/winston/transports/console.js:87:23)

    console.log
      2025-12-21 21:03:42 [info]:    IS_TEST: true

      at Console.log (node_modules/winston/lib/winston/transports/console.js:87:23)

    console.log
      2025-12-21 21:03:42 [info]:    DB_HOST: localhost

      at Console.log (node_modules/winston/lib/winston/transports/console.js:87:23)

    console.log
      2025-12-21 21:03:42 [info]:    DB_PORT: 5432

      at Console.log (node_modules/winston/lib/winston/transports/console.js:87:23)

    console.log
      2025-12-21 21:03:42 [info]:    DB_USER: postgres

      at Console.log (node_modules/winston/lib/winston/transports/console.js:87:23)

    console.log
      2025-12-21 21:03:42 [info]:    DB_NAME: matrix_delivery_test

      at Console.log (node_modules/winston/lib/winston/transports/console.js:87:23)

    console.log
      2025-12-21 21:03:42 [info]:    DB_NAME_TEST: matrix_delivery_test

      at Console.log (node_modules/winston/lib/winston/transports/console.js:87:23)

    console.log
      2025-12-21 21:03:42 [info]: ≡ƒöî Connecting to database: matrix_delivery_test (Test Mode: true)

      at Console.log (node_modules/winston/lib/winston/transports/console.js:87:23)

    console.log
      Resetting test database to match production schema...

      at Object.log (tests/integration/database/startup.integration.test.js:37:17)

    console.log
      ≡ƒöä Resetting test database...

      at log (tests/setup/resetTestDatabase.js:16:13)

    console.log
        Executing test schema SQL...

      at log (tests/setup/resetTestDatabase.js:23:17)

    console.log
      Γ£à Test database reset complete!

      at log (tests/setup/resetTestDatabase.js:26:17)

    console.log
      Γ£à Test database reset complete

      at Object.log (tests/integration/database/startup.integration.test.js:43:25)

    console.log
      2025-12-21 21:03:42 [error]: Γ¥î Admin tables creation error: foreign key constraint "admin_logs_admin_id_fkey" cannot be implemented
      {
        "length": 236,
        "name": "error",
        "severity": "ERROR",
        "code": "42804",
        "detail": "Key columns \"admin_id\" and \"id\" are of incompatible types: character varying and integer.",
        "file": "tablecmds.c",
        "line": "9498",
        "routine": "ATAddForeignKeyConstraint",
        "stack": "error: foreign key constraint \"admin_logs_admin_id_fkey\" cannot be implemented\n    at D:\\matrix-delivery\\backend\\node_modules\\pg-pool\\index.js:45:11\n    at processTicksAndRejections (node:internal/process/task_queues:105:5)\n    at createAdminTables (D:\\matrix-delivery\\backend\\database\\startup.js:14:9)\n    at Object.<anonymous> (D:\\matrix-delivery\\backend\\tests\\integration\\database\\startup.integration.test.js:73:13)"
      }

      at Console.log (node_modules/winston/lib/winston/transports/console.js:87:23)

    console.log
      2025-12-21 21:03:43 [error]: Γ¥î Admin tables creation error: foreign key constraint "admin_logs_admin_id_fkey" cannot be implemented
      {
        "length": 236,
        "name": "error",
        "severity": "ERROR",
        "code": "42804",
        "detail": "Key columns \"admin_id\" and \"id\" are of incompatible types: character varying and integer.",
        "file": "tablecmds.c",
        "line": "9498",
        "routine": "ATAddForeignKeyConstraint",
        "stack": "error: foreign key constraint \"admin_logs_admin_id_fkey\" cannot be implemented\n    at D:\\matrix-delivery\\backend\\node_modules\\pg-pool\\index.js:45:11\n    at processTicksAndRejections (node:internal/process/task_queues:105:5)\n    at createAdminTables (D:\\matrix-delivery\\backend\\database\\startup.js:14:9)\n    at Object.<anonymous> (D:\\matrix-delivery\\backend\\tests\\integration\\database\\startup.integration.test.js:116:13)"
      }

      at Console.log (node_modules/winston/lib/winston/transports/console.js:87:23)

    console.log
      2025-12-21 21:03:43 [error]: Γ¥î Admin tables creation error: foreign key constraint "admin_logs_admin_id_fkey" cannot be implemented
      {
        "length": 236,
        "name": "error",
        "severity": "ERROR",
        "code": "42804",
        "detail": "Key columns \"admin_id\" and \"id\" are of incompatible types: character varying and integer.",
        "file": "tablecmds.c",
        "line": "9498",
        "routine": "ATAddForeignKeyConstraint",
        "stack": "error: foreign key constraint \"admin_logs_admin_id_fkey\" cannot be implemented\n    at D:\\matrix-delivery\\backend\\node_modules\\pg-pool\\index.js:45:11\n    at processTicksAndRejections (node:internal/process/task_queues:105:5)\n    at createAdminTables (D:\\matrix-delivery\\backend\\database\\startup.js:14:9)\n    at Object.<anonymous> (D:\\matrix-delivery\\backend\\tests\\integration\\database\\startup.integration.test.js:132:13)"
      }

      at Console.log (node_modules/winston/lib/winston/transports/console.js:87:23)

    console.log
      2025-12-21 21:03:43 [error]: Γ¥î Admin tables creation error: foreign key constraint "admin_logs_admin_id_fkey" cannot be implemented
      {
        "length": 236,
        "name": "error",
        "severity": "ERROR",
        "code": "42804",
        "detail": "Key columns \"admin_id\" and \"id\" are of incompatible types: character varying and integer.",
        "file": "tablecmds.c",
        "line": "9498",
        "routine": "ATAddForeignKeyConstraint",
        "stack": "error: foreign key constraint \"admin_logs_admin_id_fkey\" cannot be implemented\n    at D:\\matrix-delivery\\backend\\node_modules\\pg-pool\\index.js:45:11\n    at processTicksAndRejections (node:internal/process/task_queues:105:5)\n    at createAdminTables (D:\\matrix-delivery\\backend\\database\\startup.js:14:9)\n    at Object.<anonymous> (D:\\matrix-delivery\\backend\\tests\\integration\\database\\startup.integration.test.js:152:13)"
      }

      at Console.log (node_modules/winston/lib/winston/transports/console.js:87:23)

    console.log
      2025-12-21 21:03:43 [error]: Γ¥î Admin tables creation error: foreign key constraint "admin_logs_admin_id_fkey" cannot be implemented
      {
        "length": 236,
        "name": "error",
        "severity": "ERROR",
        "code": "42804",
        "detail": "Key columns \"admin_id\" and \"id\" are of incompatible types: character varying and integer.",
        "file": "tablecmds.c",
        "line": "9498",
        "routine": "ATAddForeignKeyConstraint",
        "stack": "error: foreign key constraint \"admin_logs_admin_id_fkey\" cannot be implemented\n    at D:\\matrix-delivery\\backend\\node_modules\\pg-pool\\index.js:45:11\n    at processTicksAndRejections (node:internal/process/task_queues:105:5)\n    at createAdminTables (D:\\matrix-delivery\\backend\\database\\startup.js:14:9)\n    at Object.<anonymous> (D:\\matrix-delivery\\backend\\tests\\integration\\database\\startup.integration.test.js:174:13)"
      }

      at Console.log (node_modules/winston/lib/winston/transports/console.js:87:23)

    console.log
      2025-12-21 21:03:43 [error]: Γ¥î Admin tables creation error: foreign key constraint "admin_logs_admin_id_fkey" cannot be implemented
      {
        "length": 236,
        "name": "error",
        "severity": "ERROR",
        "code": "42804",
        "detail": "Key columns \"admin_id\" and \"id\" are of incompatible types: character varying and integer.",
        "file": "tablecmds.c",
        "line": "9498",
        "routine": "ATAddForeignKeyConstraint",
        "stack": "error: foreign key constraint \"admin_logs_admin_id_fkey\" cannot be implemented\n    at D:\\matrix-delivery\\backend\\node_modules\\pg-pool\\index.js:45:11\n    at processTicksAndRejections (node:internal/process/task_queues:105:5)\n    at createAdminTables (D:\\matrix-delivery\\backend\\database\\startup.js:14:9)\n    at Object.<anonymous> (D:\\matrix-delivery\\backend\\tests\\integration\\database\\startup.integration.test.js:197:13)"
      }

      at Console.log (node_modules/winston/lib/winston/transports/console.js:87:23)

    console.log
      2025-12-21 21:03:43 [error]: Γ¥î Admin tables creation error: foreign key constraint "admin_logs_admin_id_fkey" cannot be implemented
      {
        "length": 236,
        "name": "error",
        "severity": "ERROR",
        "code": "42804",
        "detail": "Key columns \"admin_id\" and \"id\" are of incompatible types: character varying and integer.",
        "file": "tablecmds.c",
        "line": "9498",
        "routine": "ATAddForeignKeyConstraint",
        "stack": "error: foreign key constraint \"admin_logs_admin_id_fkey\" cannot be implemented\n    at D:\\matrix-delivery\\backend\\node_modules\\pg-pool\\index.js:45:11\n    at processTicksAndRejections (node:internal/process/task_queues:105:5)\n    at createAdminTables (D:\\matrix-delivery\\backend\\database\\startup.js:14:9)\n    at Object.<anonymous> (D:\\matrix-delivery\\backend\\tests\\integration\\database\\startup.integration.test.js:197:13)"
      }

      at Console.log (node_modules/winston/lib/winston/transports/console.js:87:23)

    console.log
      2025-12-21 21:03:43 [error]: Γ¥î Admin tables creation error: foreign key constraint "admin_logs_admin_id_fkey" cannot be implemented
      {
        "length": 236,
        "name": "error",
        "severity": "ERROR",
        "code": "42804",
        "detail": "Key columns \"admin_id\" and \"id\" are of incompatible types: character varying and integer.",
        "file": "tablecmds.c",
        "line": "9498",
        "routine": "ATAddForeignKeyConstraint",
        "stack": "error: foreign key constraint \"admin_logs_admin_id_fkey\" cannot be implemented\n    at D:\\matrix-delivery\\backend\\node_modules\\pg-pool\\index.js:45:11\n    at processTicksAndRejections (node:internal/process/task_queues:105:5)\n    at createAdminTables (D:\\matrix-delivery\\backend\\database\\startup.js:14:9)\n    at Object.<anonymous> (D:\\matrix-delivery\\backend\\tests\\integration\\database\\startup.integration.test.js:197:13)"
      }

      at Console.log (node_modules/winston/lib/winston/transports/console.js:87:23)

    console.log
      2025-12-21 21:03:43 [error]: Γ¥î Admin tables creation error: foreign key constraint "admin_logs_admin_id_fkey" cannot be implemented
      {
        "length": 236,
        "name": "error",
        "severity": "ERROR",
        "code": "42804",
        "detail": "Key columns \"admin_id\" and \"id\" are of incompatible types: character varying and integer.",
        "file": "tablecmds.c",
        "line": "9498",
        "routine": "ATAddForeignKeyConstraint",
        "stack": "error: foreign key constraint \"admin_logs_admin_id_fkey\" cannot be implemented\n    at D:\\matrix-delivery\\backend\\node_modules\\pg-pool\\index.js:45:11\n    at processTicksAndRejections (node:internal/process/task_queues:105:5)\n    at createAdminTables (D:\\matrix-delivery\\backend\\database\\startup.js:14:9)\n    at Object.<anonymous> (D:\\matrix-delivery\\backend\\tests\\integration\\database\\startup.integration.test.js:197:13)"
      }

      at Console.log (node_modules/winston/lib/winston/transports/console.js:87:23)

    console.log
      2025-12-21 21:03:43 [error]: Γ¥î Admin tables creation error: foreign key constraint "admin_logs_admin_id_fkey" cannot be implemented
      {
        "length": 236,
        "name": "error",
        "severity": "ERROR",
        "code": "42804",
        "detail": "Key columns \"admin_id\" and \"id\" are of incompatible types: character varying and integer.",
        "file": "tablecmds.c",
        "line": "9498",
        "routine": "ATAddForeignKeyConstraint",
        "stack": "error: foreign key constraint \"admin_logs_admin_id_fkey\" cannot be implemented\n    at D:\\matrix-delivery\\backend\\node_modules\\pg-pool\\index.js:45:11\n    at processTicksAndRejections (node:internal/process/task_queues:105:5)\n    at createAdminTables (D:\\matrix-delivery\\backend\\database\\startup.js:14:9)\n    at Object.<anonymous> (D:\\matrix-delivery\\backend\\tests\\integration\\database\\startup.integration.test.js:300:13)"
      }

      at Console.log (node_modules/winston/lib/winston/transports/console.js:87:23)

    console.log
      2025-12-21 21:03:44 [error]: Γ¥î Admin tables creation error: foreign key constraint "admin_logs_admin_id_fkey" cannot be implemented
      {
        "length": 236,
        "name": "error",
        "severity": "ERROR",
        "code": "42804",
        "detail": "Key columns \"admin_id\" and \"id\" are of incompatible types: character varying and integer.",
        "file": "tablecmds.c",
        "line": "9498",
        "routine": "ATAddForeignKeyConstraint",
        "stack": "error: foreign key constraint \"admin_logs_admin_id_fkey\" cannot be implemented\n    at D:\\matrix-delivery\\backend\\node_modules\\pg-pool\\index.js:45:11\n    at processTicksAndRejections (node:internal/process/task_queues:105:5)\n    at createAdminTables (D:\\matrix-delivery\\backend\\database\\startup.js:14:9)\n    at Object.<anonymous> (D:\\matrix-delivery\\backend\\tests\\integration\\database\\startup.integration.test.js:310:13)"
      }

      at Console.log (node_modules/winston/lib/winston/transports/console.js:87:23)

  ΓùÅ Database Startup - Real Database Integration ΓÇ║ createAdminTables - Real Database ΓÇ║ should create admin_logs table with correct schema

    error: foreign key constraint "admin_logs_admin_id_fkey" cannot be implemented

      12 |     try {
      13 |         // Admin logs table
    > 14 |         await pool.query(`
         |         ^
      15 |       CREATE TABLE IF NOT EXISTS admin_logs (
      16 |         id SERIAL PRIMARY KEY,
      17 |         admin_id VARCHAR(255) NOT NULL REFERENCES users(id) ON DELETE CASCADE,

      at node_modules/pg-pool/index.js:45:11
      at createAdminTables (database/startup.js:14:9)
      at Object.<anonymous> (tests/integration/database/startup.integration.test.js:73:13)

  ΓùÅ Database Startup - Real Database Integration ΓÇ║ createAdminTables - Real Database ΓÇ║ should create system_settings table with primary key

    error: foreign key constraint "admin_logs_admin_id_fkey" cannot be implemented

      12 |     try {
      13 |         // Admin logs table
    > 14 |         await pool.query(`
         |         ^
      15 |       CREATE TABLE IF NOT EXISTS admin_logs (
      16 |         id SERIAL PRIMARY KEY,
      17 |         admin_id VARCHAR(255) NOT NULL REFERENCES users(id) ON DELETE CASCADE,

      at node_modules/pg-pool/index.js:45:11
      at createAdminTables (database/startup.js:14:9)
      at Object.<anonymous> (tests/integration/database/startup.integration.test.js:116:13)

  ΓùÅ Database Startup - Real Database Integration ΓÇ║ createAdminTables - Real Database ΓÇ║ should create all required indexes

    error: foreign key constraint "admin_logs_admin_id_fkey" cannot be implemented

      12 |     try {
      13 |         // Admin logs table
    > 14 |         await pool.query(`
         |         ^
      15 |       CREATE TABLE IF NOT EXISTS admin_logs (
      16 |         id SERIAL PRIMARY KEY,
      17 |         admin_id VARCHAR(255) NOT NULL REFERENCES users(id) ON DELETE CASCADE,

      at node_modules/pg-pool/index.js:45:11
      at createAdminTables (database/startup.js:14:9)
      at Object.<anonymous> (tests/integration/database/startup.integration.test.js:132:13)

  ΓùÅ Database Startup - Real Database Integration ΓÇ║ createAdminTables - Real Database ΓÇ║ should insert default system settings

    error: foreign key constraint "admin_logs_admin_id_fkey" cannot be implemented

      12 |     try {
      13 |         // Admin logs table
    > 14 |         await pool.query(`
         |         ^
      15 |       CREATE TABLE IF NOT EXISTS admin_logs (
      16 |         id SERIAL PRIMARY KEY,
      17 |         admin_id VARCHAR(255) NOT NULL REFERENCES users(id) ON DELETE CASCADE,

      at node_modules/pg-pool/index.js:45:11
      at createAdminTables (database/startup.js:14:9)
      at Object.<anonymous> (tests/integration/database/startup.integration.test.js:152:13)

  ΓùÅ Database Startup - Real Database Integration ΓÇ║ createAdminTables - Real Database ΓÇ║ should be idempotent (can be called multiple times)

    error: foreign key constraint "admin_logs_admin_id_fkey" cannot be implemented

      12 |     try {
      13 |         // Admin logs table
    > 14 |         await pool.query(`
         |         ^
      15 |       CREATE TABLE IF NOT EXISTS admin_logs (
      16 |         id SERIAL PRIMARY KEY,
      17 |         admin_id VARCHAR(255) NOT NULL REFERENCES users(id) ON DELETE CASCADE,

      at node_modules/pg-pool/index.js:45:11
      at createAdminTables (database/startup.js:14:9)
      at Object.<anonymous> (tests/integration/database/startup.integration.test.js:174:13)

  ΓùÅ Database Startup - Real Database Integration ΓÇ║ Data Operations - Real Database ΓÇ║ should allow inserting and querying admin logs

    error: foreign key constraint "admin_logs_admin_id_fkey" cannot be implemented

      12 |     try {
      13 |         // Admin logs table
    > 14 |         await pool.query(`
         |         ^
      15 |       CREATE TABLE IF NOT EXISTS admin_logs (
      16 |         id SERIAL PRIMARY KEY,
      17 |         admin_id VARCHAR(255) NOT NULL REFERENCES users(id) ON DELETE CASCADE,

      at node_modules/pg-pool/index.js:45:11
      at createAdminTables (database/startup.js:14:9)
      at Object.<anonymous> (tests/integration/database/startup.integration.test.js:197:13)

  ΓùÅ Database Startup - Real Database Integration ΓÇ║ Data Operations - Real Database ΓÇ║ should enforce foreign key constraint on admin_id

    error: foreign key constraint "admin_logs_admin_id_fkey" cannot be implemented

      12 |     try {
      13 |         // Admin logs table
    > 14 |         await pool.query(`
         |         ^
      15 |       CREATE TABLE IF NOT EXISTS admin_logs (
      16 |         id SERIAL PRIMARY KEY,
      17 |         admin_id VARCHAR(255) NOT NULL REFERENCES users(id) ON DELETE CASCADE,

      at node_modules/pg-pool/index.js:45:11
      at createAdminTables (database/startup.js:14:9)
      at Object.<anonymous> (tests/integration/database/startup.integration.test.js:197:13)

  ΓùÅ Database Startup - Real Database Integration ΓÇ║ Data Operations - Real Database ΓÇ║ should enforce primary key constraint on system_settings

    error: foreign key constraint "admin_logs_admin_id_fkey" cannot be implemented

      12 |     try {
      13 |         // Admin logs table
    > 14 |         await pool.query(`
         |         ^
      15 |       CREATE TABLE IF NOT EXISTS admin_logs (
      16 |         id SERIAL PRIMARY KEY,
      17 |         admin_id VARCHAR(255) NOT NULL REFERENCES users(id) ON DELETE CASCADE,

      at node_modules/pg-pool/index.js:45:11
      at createAdminTables (database/startup.js:14:9)
      at Object.<anonymous> (tests/integration/database/startup.integration.test.js:197:13)

  ΓùÅ Database Startup - Real Database Integration ΓÇ║ Data Operations - Real Database ΓÇ║ should handle JSONB data correctly

    error: foreign key constraint "admin_logs_admin_id_fkey" cannot be implemented

      12 |     try {
      13 |         // Admin logs table
    > 14 |         await pool.query(`
         |         ^
      15 |       CREATE TABLE IF NOT EXISTS admin_logs (
      16 |         id SERIAL PRIMARY KEY,
      17 |         admin_id VARCHAR(255) NOT NULL REFERENCES users(id) ON DELETE CASCADE,

      at node_modules/pg-pool/index.js:45:11
      at createAdminTables (database/startup.js:14:9)
      at Object.<anonymous> (tests/integration/database/startup.integration.test.js:197:13)

  ΓùÅ Database Startup - Real Database Integration ΓÇ║ Performance - Real Database ΓÇ║ should create tables within reasonable time

    error: foreign key constraint "admin_logs_admin_id_fkey" cannot be implemented

      12 |     try {
      13 |         // Admin logs table
    > 14 |         await pool.query(`
         |         ^
      15 |       CREATE TABLE IF NOT EXISTS admin_logs (
      16 |         id SERIAL PRIMARY KEY,
      17 |         admin_id VARCHAR(255) NOT NULL REFERENCES users(id) ON DELETE CASCADE,

      at node_modules/pg-pool/index.js:45:11
      at createAdminTables (database/startup.js:14:9)
      at Object.<anonymous> (tests/integration/database/startup.integration.test.js:300:13)

  ΓùÅ Database Startup - Real Database Integration ΓÇ║ Performance - Real Database ΓÇ║ should handle concurrent reads efficiently

    error: foreign key constraint "admin_logs_admin_id_fkey" cannot be implemented

      12 |     try {
      13 |         // Admin logs table
    > 14 |         await pool.query(`
         |         ^
      15 |       CREATE TABLE IF NOT EXISTS admin_logs (
      16 |         id SERIAL PRIMARY KEY,
      17 |         admin_id VARCHAR(255) NOT NULL REFERENCES users(id) ON DELETE CASCADE,

      at node_modules/pg-pool/index.js:45:11
      at createAdminTables (database/startup.js:14:9)
      at Object.<anonymous> (tests/integration/database/startup.integration.test.js:310:13)

PASS tests/integration/admin/stats.test.js (7.101 s)
  ΓùÅ Console

    console.log
      [dotenv@17.2.3] injecting env (32) from .env.testing -- tip: ΓÜÖ∩╕Å  write to custom object with { processEnv: myObject }

      at _log (node_modules/dotenv/lib/main.js:142:11)

    console.log
      2025-12-21 21:03:45 [info]: ≡ƒöº Environment Configuration:

      at Console.log (node_modules/winston/lib/winston/transports/console.js:87:23)

    console.log
      2025-12-21 21:03:45 [info]:    NODE_ENV: testing

      at Console.log (node_modules/winston/lib/winston/transports/console.js:87:23)

    console.log
      2025-12-21 21:03:45 [info]:    IS_TEST: true

      at Console.log (node_modules/winston/lib/winston/transports/console.js:87:23)

    console.log
      2025-12-21 21:03:45 [info]:    DB_HOST: localhost

      at Console.log (node_modules/winston/lib/winston/transports/console.js:87:23)

    console.log
      2025-12-21 21:03:45 [info]:    DB_PORT: 5432

      at Console.log (node_modules/winston/lib/winston/transports/console.js:87:23)

    console.log
      2025-12-21 21:03:45 [info]:    DB_USER: postgres

      at Console.log (node_modules/winston/lib/winston/transports/console.js:87:23)

    console.log
      2025-12-21 21:03:45 [info]:    DB_NAME: matrix_delivery_test

      at Console.log (node_modules/winston/lib/winston/transports/console.js:87:23)

    console.log
      2025-12-21 21:03:45 [info]:    DB_NAME_TEST: matrix_delivery_test

      at Console.log (node_modules/winston/lib/winston/transports/console.js:87:23)

    console.log
      2025-12-21 21:03:45 [info]: ≡ƒöî Connecting to database: matrix_delivery_test (Test Mode: true)

      at Console.log (node_modules/winston/lib/winston/transports/console.js:87:23)

    console.log
      [dotenv@17.2.3] injecting env (0) from .env.testing -- tip: ≡ƒöÉ encrypt with Dotenvx: https://dotenvx.com

      at _log (node_modules/dotenv/lib/main.js:142:11)

    console.log
      Γ£à Loaded .env.testing for testing

      at Object.log (server.js:11:11)

    console.log
      2025-12-21 21:03:49 [info]: ≡ƒöº Environment loaded for: testing

      at Console.log (node_modules/winston/lib/winston/transports/console.js:87:23)

    console.log
      Γ£à Security configuration validated

      at validateSecurityConfig (middleware/security.ts:188:13)

    console.log
      [dotenv@17.2.3] injecting env (8) from .env -- tip: ≡ƒùé∩╕Å backup and recover secrets: https://dotenvx.com/ops

      at console.log (node_modules/@sentry/core/src/instrument/console.ts:39:14)

    console.log
      2025-12-21 21:03:50 [http]: REQUEST: GET /api/admin/stats
      {
        "method": "GET",
        "url": "/api/admin/stats",
        "ip": "::ffff:127.0.0.1",
        "category": "http"
      }

      at Console.log (node_modules/winston/lib/winston/transports/console.js:87:23)

    console.log
      2025-12-21 21:03:50 [http]: HTTP_REQUEST
      {
        "method": "::ffff:127.0.0.1",
        "url": "-",
        "status": null,
        "responseTime": "[21/Dec/2025:19:03:50",
        "ip": "/api/admin/stats",
        "userAgent": "200",
        "category": "http"
      }

      at Console.log (node_modules/winston/lib/winston/transports/console.js:87:23)

    console.log
      2025-12-21 21:03:50 [http]: RESPONSE: GET /api/admin/stats 200
      {
        "method": "GET",
        "url": "/api/admin/stats",
        "statusCode": 200,
        "duration": "33ms",
        "ip": "::ffff:127.0.0.1",
        "category": "http"
      }

      at Console.log (node_modules/winston/lib/winston/transports/console.js:87:23)

    console.log
      2025-12-21 21:03:50 [http]: REQUEST: GET /api/admin/stats?range=30d
      {
        "method": "GET",
        "url": "/api/admin/stats?range=30d",
        "ip": "::ffff:127.0.0.1",
        "category": "http"
      }

      at Console.log (node_modules/winston/lib/winston/transports/console.js:87:23)

    console.log
      2025-12-21 21:03:50 [http]: HTTP_REQUEST
      {
        "method": "::ffff:127.0.0.1",
        "url": "-",
        "status": null,
        "responseTime": "[21/Dec/2025:19:03:50",
        "ip": "/api/admin/stats?range=30d",
        "userAgent": "200",
        "category": "http"
      }

      at Console.log (node_modules/winston/lib/winston/transports/console.js:87:23)

    console.log
      2025-12-21 21:03:50 [http]: RESPONSE: GET /api/admin/stats?range=30d 200
      {
        "method": "GET",
        "url": "/api/admin/stats?range=30d",
        "statusCode": 200,
        "duration": "14ms",
        "ip": "::ffff:127.0.0.1",
        "category": "http"
      }

      at Console.log (node_modules/winston/lib/winston/transports/console.js:87:23)

    console.log
      2025-12-21 21:03:51 [http]: REQUEST: GET /api/admin/stats
      {
        "method": "GET",
        "url": "/api/admin/stats",
        "ip": "::ffff:127.0.0.1",
        "category": "http"
      }

      at Console.log (node_modules/winston/lib/winston/transports/console.js:87:23)

    console.log
      2025-12-21 21:03:51 [http]: HTTP_REQUEST
      {
        "method": "::ffff:127.0.0.1",
        "url": "-",
        "status": null,
        "responseTime": "[21/Dec/2025:19:03:51",
        "ip": "/api/admin/stats",
        "userAgent": "200",
        "category": "http"
      }

      at Console.log (node_modules/winston/lib/winston/transports/console.js:87:23)

    console.log
      2025-12-21 21:03:51 [http]: RESPONSE: GET /api/admin/stats 200
      {
        "method": "GET",
        "url": "/api/admin/stats",
        "statusCode": 200,
        "duration": "22ms",
        "ip": "::ffff:127.0.0.1",
        "category": "http"
      }

      at Console.log (node_modules/winston/lib/winston/transports/console.js:87:23)

    console.log
      2025-12-21 21:03:51 [http]: REQUEST: GET /api/admin/stats
      {
        "method": "GET",
        "url": "/api/admin/stats",
        "ip": "::ffff:127.0.0.1",
        "category": "http"
      }

      at Console.log (node_modules/winston/lib/winston/transports/console.js:87:23)

    console.log
      2025-12-21 21:03:51 [http]: HTTP_REQUEST
      {
        "method": "::ffff:127.0.0.1",
        "url": "-",
        "status": null,
        "responseTime": "[21/Dec/2025:19:03:51",
        "ip": "/api/admin/stats",
        "userAgent": "200",
        "category": "http"
      }

      at Console.log (node_modules/winston/lib/winston/transports/console.js:87:23)

    console.log
      2025-12-21 21:03:51 [http]: RESPONSE: GET /api/admin/stats 200
      {
        "method": "GET",
        "url": "/api/admin/stats",
        "statusCode": 200,
        "duration": "11ms",
        "ip": "::ffff:127.0.0.1",
        "category": "http"
      }

      at Console.log (node_modules/winston/lib/winston/transports/console.js:87:23)

    console.log
      2025-12-21 21:03:51 [http]: REQUEST: GET /api/admin/stats
      {
        "method": "GET",
        "url": "/api/admin/stats",
        "ip": "::ffff:127.0.0.1",
        "category": "http"
      }

      at Console.log (node_modules/winston/lib/winston/transports/console.js:87:23)

    console.error
      Get admin stats error: Error: Database connection failed
          at Object.<anonymous> (D:\matrix-delivery\backend\tests\integration\admin\stats.test.js:278:39)
          at Promise.then.completed (D:\matrix-delivery\backend\node_modules\jest-circus\build\utils.js:298:28)
          at new Promise (<anonymous>)
          at callAsyncCircusFn (D:\matrix-delivery\backend\node_modules\jest-circus\build\utils.js:231:10)
          at _callCircusTest (D:\matrix-delivery\backend\node_modules\jest-circus\build\run.js:316:40)
          at processTicksAndRejections (node:internal/process/task_queues:105:5)
          at async _runTest (D:\matrix-delivery\backend\node_modules\jest-circus\build\run.js:252:3)
          at async _runTestsForDescribeBlock (D:\matrix-delivery\backend\node_modules\jest-circus\build\run.js:126:9)
          at async _runTestsForDescribeBlock (D:\matrix-delivery\backend\node_modules\jest-circus\build\run.js:121:9)
          at async _runTestsForDescribeBlock (D:\matrix-delivery\backend\node_modules\jest-circus\build\run.js:121:9)
          at async run (D:\matrix-delivery\backend\node_modules\jest-circus\build\run.js:71:3)
          at async runAndTransformResultsToJestFormat (D:\matrix-delivery\backend\node_modules\jest-circus\build\legacy-code-todo-rewrite\jestAdapterInit.js:122:21)
          at async jestAdapter (D:\matrix-delivery\backend\node_modules\jest-circus\build\legacy-code-todo-rewrite\jestAdapter.js:79:19)
          at async runTestInternal (D:\matrix-delivery\backend\node_modules\jest-runner\build\runTest.js:367:16)
          at async runTest (D:\matrix-delivery\backend\node_modules\jest-runner\build\runTest.js:444:34)

      190 |     await logAdminAction(req.admin.id, 'VIEW_STATS', 'dashboard', null, { range, ip: req.ip });
      191 |   } catch (error) {
    > 192 |     console.error('Get admin stats error:', error);
          |             ^
      193 |     res.status(500).json({ error: 'Failed to get statistics' });
      194 |   }
      195 | });

      at console.error (node_modules/@sentry/core/src/instrument/console.ts:39:14)
      at error (routes/admin.js:192:13)

    console.log
      2025-12-21 21:03:51 [http]: HTTP_REQUEST
      {
        "method": "::ffff:127.0.0.1",
        "url": "-",
        "status": null,
        "responseTime": "[21/Dec/2025:19:03:51",
        "ip": "/api/admin/stats",
        "userAgent": "500",
        "category": "http"
      }

      at Console.log (node_modules/winston/lib/winston/transports/console.js:87:23)

    console.log
      2025-12-21 21:03:51 [warn]: RESPONSE: GET /api/admin/stats 500
      {
        "method": "GET",
        "url": "/api/admin/stats",
        "statusCode": 500,
        "duration": "23ms",
        "ip": "::ffff:127.0.0.1",
        "category": "http"
      }

      at Console.log (node_modules/winston/lib/winston/transports/console.js:87:23)

    console.log
      2025-12-21 21:03:51 [http]: REQUEST: GET /api/admin/stats?range=7d
      {
        "method": "GET",
        "url": "/api/admin/stats?range=7d",
        "ip": "::ffff:127.0.0.1",
        "category": "http"
      }

      at Console.log (node_modules/winston/lib/winston/transports/console.js:87:23)

    console.log
      2025-12-21 21:03:51 [http]: HTTP_REQUEST
      {
        "method": "::ffff:127.0.0.1",
        "url": "-",
        "status": null,
        "responseTime": "[21/Dec/2025:19:03:51",
        "ip": "/api/admin/stats?range=7d",
        "userAgent": "200",
        "category": "http"
      }

      at Console.log (node_modules/winston/lib/winston/transports/console.js:87:23)

    console.log
      2025-12-21 21:03:51 [http]: RESPONSE: GET /api/admin/stats?range=7d 200
      {
        "method": "GET",
        "url": "/api/admin/stats?range=7d",
        "statusCode": 200,
        "duration": "6ms",
        "ip": "::ffff:127.0.0.1",
        "category": "http"
      }

      at Console.log (node_modules/winston/lib/winston/transports/console.js:87:23)

    console.log
      2025-12-21 21:03:51 [http]: REQUEST: GET /api/admin/stats?range=24h
      {
        "method": "GET",
        "url": "/api/admin/stats?range=24h",
        "ip": "::ffff:127.0.0.1",
        "category": "http"
      }

      at Console.log (node_modules/winston/lib/winston/transports/console.js:87:23)

    console.log
      2025-12-21 21:03:51 [http]: HTTP_REQUEST
      {
        "method": "::ffff:127.0.0.1",
        "url": "-",
        "status": null,
        "responseTime": "[21/Dec/2025:19:03:51",
        "ip": "/api/admin/stats?range=24h",
        "userAgent": "200",
        "category": "http"
      }

      at Console.log (node_modules/winston/lib/winston/transports/console.js:87:23)

    console.log
      2025-12-21 21:03:51 [http]: RESPONSE: GET /api/admin/stats?range=24h 200
      {
        "method": "GET",
        "url": "/api/admin/stats?range=24h",
        "statusCode": 200,
        "duration": "7ms",
        "ip": "::ffff:127.0.0.1",
        "category": "http"
      }

      at Console.log (node_modules/winston/lib/winston/transports/console.js:87:23)

    console.log
      2025-12-21 21:03:51 [http]: REQUEST: GET /api/admin/stats?range=7d
      {
        "method": "GET",
        "url": "/api/admin/stats?range=7d",
        "ip": "::ffff:127.0.0.1",
        "category": "http"
      }

      at Console.log (node_modules/winston/lib/winston/transports/console.js:87:23)

    console.log
      2025-12-21 21:03:51 [http]: HTTP_REQUEST
      {
        "method": "::ffff:127.0.0.1",
        "url": "-",
        "status": null,
        "responseTime": "[21/Dec/2025:19:03:51",
        "ip": "/api/admin/stats?range=7d",
        "userAgent": "200",
        "category": "http"
      }

      at Console.log (node_modules/winston/lib/winston/transports/console.js:87:23)

    console.log
      2025-12-21 21:03:51 [http]: RESPONSE: GET /api/admin/stats?range=7d 200
      {
        "method": "GET",
        "url": "/api/admin/stats?range=7d",
        "statusCode": 200,
        "duration": "6ms",
        "ip": "::ffff:127.0.0.1",
        "category": "http"
      }

      at Console.log (node_modules/winston/lib/winston/transports/console.js:87:23)

    console.log
      2025-12-21 21:03:51 [http]: REQUEST: GET /api/admin/stats?range=30d
      {
        "method": "GET",
        "url": "/api/admin/stats?range=30d",
        "ip": "::ffff:127.0.0.1",
        "category": "http"
      }

      at Console.log (node_modules/winston/lib/winston/transports/console.js:87:23)

    console.log
      2025-12-21 21:03:51 [http]: HTTP_REQUEST
      {
        "method": "::ffff:127.0.0.1",
        "url": "-",
        "status": null,
        "responseTime": "[21/Dec/2025:19:03:51",
        "ip": "/api/admin/stats?range=30d",
        "userAgent": "200",
        "category": "http"
      }

      at Console.log (node_modules/winston/lib/winston/transports/console.js:87:23)

    console.log
      2025-12-21 21:03:51 [http]: RESPONSE: GET /api/admin/stats?range=30d 200
      {
        "method": "GET",
        "url": "/api/admin/stats?range=30d",
        "statusCode": 200,
        "duration": "8ms",
        "ip": "::ffff:127.0.0.1",
        "category": "http"
      }

      at Console.log (node_modules/winston/lib/winston/transports/console.js:87:23)

    console.log
      2025-12-21 21:03:51 [http]: REQUEST: GET /api/admin/stats?range=90d
      {
        "method": "GET",
        "url": "/api/admin/stats?range=90d",
        "ip": "::ffff:127.0.0.1",
        "category": "http"
      }

      at Console.log (node_modules/winston/lib/winston/transports/console.js:87:23)

    console.log
      2025-12-21 21:03:51 [http]: HTTP_REQUEST
      {
        "method": "::ffff:127.0.0.1",
        "url": "-",
        "status": null,
        "responseTime": "[21/Dec/2025:19:03:51",
        "ip": "/api/admin/stats?range=90d",
        "userAgent": "200",
        "category": "http"
      }

      at Console.log (node_modules/winston/lib/winston/transports/console.js:87:23)

    console.log
      2025-12-21 21:03:51 [http]: RESPONSE: GET /api/admin/stats?range=90d 200
      {
        "method": "GET",
        "url": "/api/admin/stats?range=90d",
        "statusCode": 200,
        "duration": "6ms",
        "ip": "::ffff:127.0.0.1",
        "category": "http"
      }

      at Console.log (node_modules/winston/lib/winston/transports/console.js:87:23)

    console.log
      2025-12-21 21:03:51 [http]: REQUEST: GET /api/admin/stats
      {
        "method": "GET",
        "url": "/api/admin/stats",
        "ip": "::ffff:127.0.0.1",
        "category": "http"
      }

      at Console.log (node_modules/winston/lib/winston/transports/console.js:87:23)

    console.log
      2025-12-21 21:03:51 [http]: HTTP_REQUEST
      {
        "method": "::ffff:127.0.0.1",
        "url": "-",
        "status": null,
        "responseTime": "[21/Dec/2025:19:03:51",
        "ip": "/api/admin/stats",
        "userAgent": "200",
        "category": "http"
      }

      at Console.log (node_modules/winston/lib/winston/transports/console.js:87:23)

    console.log
      2025-12-21 21:03:51 [http]: RESPONSE: GET /api/admin/stats 200
      {
        "method": "GET",
        "url": "/api/admin/stats",
        "statusCode": 200,
        "duration": "5ms",
        "ip": "::ffff:127.0.0.1",
        "category": "http"
      }

      at Console.log (node_modules/winston/lib/winston/transports/console.js:87:23)

PASS tests/integration/codCommission.test.ts
  ΓùÅ Console

    console.log
      [dotenv@17.2.3] injecting env (32) from .env.testing -- tip: ΓÜÖ∩╕Å  suppress all logs with { quiet: true }

      at _log (node_modules/dotenv/lib/main.js:142:11)

    console.log
      [INFO] Balance created { userId: 1, currency: 'EGP' }

      at Object.log [as info] (utils/logger.js:9:21)

    console.log
      [INFO] Balance created { userId: 2, currency: 'EGP' }

      at Object.log [as info] (utils/logger.js:9:21)

    console.warn
      [WARN] Commission creates/increases debt {
        driverId: 2,
        orderId: 1,
        balanceBefore: 0,
        balanceAfter: -15,
        commission: 15,
        debtAmount: 15,
        category: 'balance'
      }

      19 |     warn: (...args) => {
      20 |         if (process.env.NODE_ENV !== 'test') {
    > 21 |             console.warn('[WARN]', ...args);
         |                     ^
      22 |         }
      23 |     },
      24 |

      at Object.warn (utils/logger.js:21:21)
      at BalanceService.deductCommission (services/balanceService.ts:634:24)
      at Object.<anonymous> (tests/integration/codCommission.test.ts:121:38)

    console.log
      [INFO] Commission deducted {
        driverId: 2,
        orderId: 1,
        commission: 15,
        newBalance: -15,
        isDebt: true,
        category: 'balance'
      }

      at Object.log [as info] (utils/logger.js:9:21)

    console.log
      [INFO] Deposit completed {
        userId: 2,
        amount: 500,
        transactionId: 'TXN-4044dbf5-ee14-4cd9-8963-b01f54f9e992'
      }

      at Object.log [as info] (utils/logger.js:9:21)

    console.log
      [INFO] Commission deducted {
        driverId: 2,
        orderId: 2,
        commission: 15,
        newBalance: 485,
        isDebt: false,
        category: 'balance'
      }

      at Object.log [as info] (utils/logger.js:9:21)

    console.log
      [INFO] Deposit completed {
        userId: 2,
        amount: 10,
        transactionId: 'TXN-7cc72b37-6b6b-4ec8-b063-3dab820d11a8'
      }

      at Object.log [as info] (utils/logger.js:9:21)

    console.warn
      [WARN] Commission creates/increases debt {
        driverId: 2,
        orderId: 3,
        balanceBefore: 10,
        balanceAfter: -5,
        commission: 15,
        debtAmount: 5,
        category: 'balance'
      }

      19 |     warn: (...args) => {
      20 |         if (process.env.NODE_ENV !== 'test') {
    > 21 |             console.warn('[WARN]', ...args);
         |                     ^
      22 |         }
      23 |     },
      24 |

      at Object.warn (utils/logger.js:21:21)
      at BalanceService.deductCommission (services/balanceService.ts:634:24)
      at Object.<anonymous> (tests/integration/codCommission.test.ts:218:13)

    console.log
      [INFO] Commission deducted {
        driverId: 2,
        orderId: 3,
        commission: 15,
        newBalance: -5,
        isDebt: true,
        category: 'balance'
      }

      at Object.log [as info] (utils/logger.js:9:21)

    console.warn
      [WARN] Commission creates/increases debt {
        driverId: 2,
        orderId: 4,
        balanceBefore: 0,
        balanceAfter: -15,
        commission: 15,
        debtAmount: 15,
        category: 'balance'
      }

      19 |     warn: (...args) => {
      20 |         if (process.env.NODE_ENV !== 'test') {
    > 21 |             console.warn('[WARN]', ...args);
         |                     ^
      22 |         }
      23 |     },
      24 |

      at Object.warn (utils/logger.js:21:21)
      at BalanceService.deductCommission (services/balanceService.ts:634:24)
      at Object.<anonymous> (tests/integration/codCommission.test.ts:238:17)

    console.log
      [INFO] Commission deducted {
        driverId: 2,
        orderId: 4,
        commission: 15,
        newBalance: -15,
        isDebt: true,
        category: 'balance'
      }

      at Object.log [as info] (utils/logger.js:9:21)

    console.warn
      [WARN] Commission creates/increases debt {
        driverId: 2,
        orderId: 5,
        balanceBefore: -15,
        balanceAfter: -30,
        commission: 15,
        debtAmount: 30,
        category: 'balance'
      }

      19 |     warn: (...args) => {
      20 |         if (process.env.NODE_ENV !== 'test') {
    > 21 |             console.warn('[WARN]', ...args);
         |                     ^
      22 |         }
      23 |     },
      24 |

      at Object.warn (utils/logger.js:21:21)
      at BalanceService.deductCommission (services/balanceService.ts:634:24)
      at Object.<anonymous> (tests/integration/codCommission.test.ts:238:17)

    console.log
      [INFO] Commission deducted {
        driverId: 2,
        orderId: 5,
        commission: 15,
        newBalance: -30,
        isDebt: true,
        category: 'balance'
      }

      at Object.log [as info] (utils/logger.js:9:21)

    console.warn
      [WARN] Commission creates/increases debt {
        driverId: 2,
        orderId: 6,
        balanceBefore: -30,
        balanceAfter: -45,
        commission: 15,
        debtAmount: 45,
        category: 'balance'
      }

      19 |     warn: (...args) => {
      20 |         if (process.env.NODE_ENV !== 'test') {
    > 21 |             console.warn('[WARN]', ...args);
         |                     ^
      22 |         }
      23 |     },
      24 |

      at Object.warn (utils/logger.js:21:21)
      at BalanceService.deductCommission (services/balanceService.ts:634:24)
      at Object.<anonymous> (tests/integration/codCommission.test.ts:238:17)

    console.log
      [INFO] Commission deducted {
        driverId: 2,
        orderId: 6,
        commission: 15,
        newBalance: -45,
        isDebt: true,
        category: 'balance'
      }

      at Object.log [as info] (utils/logger.js:9:21)

    console.warn
      [WARN] Commission creates/increases debt {
        driverId: 2,
        orderId: 7,
        balanceBefore: -45,
        balanceAfter: -60,
        commission: 15,
        debtAmount: 60,
        category: 'balance'
      }

      19 |     warn: (...args) => {
      20 |         if (process.env.NODE_ENV !== 'test') {
    > 21 |             console.warn('[WARN]', ...args);
         |                     ^
      22 |         }
      23 |     },
      24 |

      at Object.warn (utils/logger.js:21:21)
      at BalanceService.deductCommission (services/balanceService.ts:634:24)
      at Object.<anonymous> (tests/integration/codCommission.test.ts:238:17)

    console.log
      [INFO] Commission deducted {
        driverId: 2,
        orderId: 7,
        commission: 15,
        newBalance: -60,
        isDebt: true,
        category: 'balance'
      }

      at Object.log [as info] (utils/logger.js:9:21)

    console.warn
      [WARN] Commission creates/increases debt {
        driverId: 2,
        orderId: 8,
        balanceBefore: -60,
        balanceAfter: -75,
        commission: 15,
        debtAmount: 75,
        category: 'balance'
      }

      19 |     warn: (...args) => {
      20 |         if (process.env.NODE_ENV !== 'test') {
    > 21 |             console.warn('[WARN]', ...args);
         |                     ^
      22 |         }
      23 |     },
      24 |

      at Object.warn (utils/logger.js:21:21)
      at BalanceService.deductCommission (services/balanceService.ts:634:24)
      at Object.<anonymous> (tests/integration/codCommission.test.ts:238:17)

    console.log
      [INFO] Commission deducted {
        driverId: 2,
        orderId: 8,
        commission: 15,
        newBalance: -75,
        isDebt: true,
        category: 'balance'
      }

      at Object.log [as info] (utils/logger.js:9:21)

    console.warn
      [WARN] Commission creates/increases debt {
        driverId: 2,
        orderId: 9,
        balanceBefore: 0,
        balanceAfter: -15,
        commission: 15,
        debtAmount: 15,
        category: 'balance'
      }

      19 |     warn: (...args) => {
      20 |         if (process.env.NODE_ENV !== 'test') {
    > 21 |             console.warn('[WARN]', ...args);
         |                     ^
      22 |         }
      23 |     },
      24 |

      at Object.warn (utils/logger.js:21:21)
      at BalanceService.deductCommission (services/balanceService.ts:634:24)
      at Object.<anonymous> (tests/integration/codCommission.test.ts:259:17)

    console.log
      [INFO] Commission deducted {
        driverId: 2,
        orderId: 9,
        commission: 15,
        newBalance: -15,
        isDebt: true,
        category: 'balance'
      }

      at Object.log [as info] (utils/logger.js:9:21)

    console.warn
      [WARN] Commission creates/increases debt {
        driverId: 2,
        orderId: 10,
        balanceBefore: -15,
        balanceAfter: -30,
        commission: 15,
        debtAmount: 30,
        category: 'balance'
      }

      19 |     warn: (...args) => {
      20 |         if (process.env.NODE_ENV !== 'test') {
    > 21 |             console.warn('[WARN]', ...args);
         |                     ^
      22 |         }
      23 |     },
      24 |

      at Object.warn (utils/logger.js:21:21)
      at BalanceService.deductCommission (services/balanceService.ts:634:24)
      at Object.<anonymous> (tests/integration/codCommission.test.ts:259:17)

    console.log
      [INFO] Commission deducted {
        driverId: 2,
        orderId: 10,
        commission: 15,
        newBalance: -30,
        isDebt: true,
        category: 'balance'
      }

      at Object.log [as info] (utils/logger.js:9:21)

    console.warn
      [WARN] Commission creates/increases debt {
        driverId: 2,
        orderId: 11,
        balanceBefore: -30,
        balanceAfter: -45,
        commission: 15,
        debtAmount: 45,
        category: 'balance'
      }

      19 |     warn: (...args) => {
      20 |         if (process.env.NODE_ENV !== 'test') {
    > 21 |             console.warn('[WARN]', ...args);
         |                     ^
      22 |         }
      23 |     },
      24 |

      at Object.warn (utils/logger.js:21:21)
      at BalanceService.deductCommission (services/balanceService.ts:634:24)
      at Object.<anonymous> (tests/integration/codCommission.test.ts:259:17)

    console.log
      [INFO] Commission deducted {
        driverId: 2,
        orderId: 11,
        commission: 15,
        newBalance: -45,
        isDebt: true,
        category: 'balance'
      }

      at Object.log [as info] (utils/logger.js:9:21)

    console.warn
      [WARN] Commission creates/increases debt {
        driverId: 2,
        orderId: 12,
        balanceBefore: -45,
        balanceAfter: -60,
        commission: 15,
        debtAmount: 60,
        category: 'balance'
      }

      19 |     warn: (...args) => {
      20 |         if (process.env.NODE_ENV !== 'test') {
    > 21 |             console.warn('[WARN]', ...args);
         |                     ^
      22 |         }
      23 |     },
      24 |

      at Object.warn (utils/logger.js:21:21)
      at BalanceService.deductCommission (services/balanceService.ts:634:24)
      at Object.<anonymous> (tests/integration/codCommission.test.ts:259:17)

    console.log
      [INFO] Commission deducted {
        driverId: 2,
        orderId: 12,
        commission: 15,
        newBalance: -60,
        isDebt: true,
        category: 'balance'
      }

      at Object.log [as info] (utils/logger.js:9:21)

    console.warn
      [WARN] Commission creates/increases debt {
        driverId: 2,
        orderId: 13,
        balanceBefore: -60,
        balanceAfter: -75,
        commission: 15,
        debtAmount: 75,
        category: 'balance'
      }

      19 |     warn: (...args) => {
      20 |         if (process.env.NODE_ENV !== 'test') {
    > 21 |             console.warn('[WARN]', ...args);
         |                     ^
      22 |         }
      23 |     },
      24 |

      at Object.warn (utils/logger.js:21:21)
      at BalanceService.deductCommission (services/balanceService.ts:634:24)
      at Object.<anonymous> (tests/integration/codCommission.test.ts:259:17)

    console.log
      [INFO] Commission deducted {
        driverId: 2,
        orderId: 13,
        commission: 15,
        newBalance: -75,
        isDebt: true,
        category: 'balance'
      }

      at Object.log [as info] (utils/logger.js:9:21)

    console.warn
      [WARN] Commission creates/increases debt {
        driverId: 2,
        orderId: 14,
        balanceBefore: -75,
        balanceAfter: -90,
        commission: 15,
        debtAmount: 90,
        category: 'balance'
      }

      19 |     warn: (...args) => {
      20 |         if (process.env.NODE_ENV !== 'test') {
    > 21 |             console.warn('[WARN]', ...args);
         |                     ^
      22 |         }
      23 |     },
      24 |

      at Object.warn (utils/logger.js:21:21)
      at BalanceService.deductCommission (services/balanceService.ts:634:24)
      at Object.<anonymous> (tests/integration/codCommission.test.ts:259:17)

    console.log
      [INFO] Commission deducted {
        driverId: 2,
        orderId: 14,
        commission: 15,
        newBalance: -90,
        isDebt: true,
        category: 'balance'
      }

      at Object.log [as info] (utils/logger.js:9:21)

    console.warn
      [WARN] Commission creates/increases debt {
        driverId: 2,
        orderId: 15,
        balanceBefore: -90,
        balanceAfter: -105,
        commission: 15,
        debtAmount: 105,
        category: 'balance'
      }

      19 |     warn: (...args) => {
      20 |         if (process.env.NODE_ENV !== 'test') {
    > 21 |             console.warn('[WARN]', ...args);
         |                     ^
      22 |         }
      23 |     },
      24 |

      at Object.warn (utils/logger.js:21:21)
      at BalanceService.deductCommission (services/balanceService.ts:634:24)
      at Object.<anonymous> (tests/integration/codCommission.test.ts:259:17)

    console.log
      [INFO] Commission deducted {
        driverId: 2,
        orderId: 15,
        commission: 15,
        newBalance: -105,
        isDebt: true,
        category: 'balance'
      }

      at Object.log [as info] (utils/logger.js:9:21)

    console.warn
      [WARN] Commission creates/increases debt {
        driverId: 2,
        orderId: 16,
        balanceBefore: -105,
        balanceAfter: -120,
        commission: 15,
        debtAmount: 120,
        category: 'balance'
      }

      19 |     warn: (...args) => {
      20 |         if (process.env.NODE_ENV !== 'test') {
    > 21 |             console.warn('[WARN]', ...args);
         |                     ^
      22 |         }
      23 |     },
      24 |

      at Object.warn (utils/logger.js:21:21)
      at BalanceService.deductCommission (services/balanceService.ts:634:24)
      at Object.<anonymous> (tests/integration/codCommission.test.ts:259:17)

    console.log
      [INFO] Commission deducted {
        driverId: 2,
        orderId: 16,
        commission: 15,
        newBalance: -120,
        isDebt: true,
        category: 'balance'
      }

      at Object.log [as info] (utils/logger.js:9:21)

    console.warn
      [WARN] Commission creates/increases debt {
        driverId: 2,
        orderId: 17,
        balanceBefore: -120,
        balanceAfter: -135,
        commission: 15,
        debtAmount: 135,
        category: 'balance'
      }

      19 |     warn: (...args) => {
      20 |         if (process.env.NODE_ENV !== 'test') {
    > 21 |             console.warn('[WARN]', ...args);
         |                     ^
      22 |         }
      23 |     },
      24 |

      at Object.warn (utils/logger.js:21:21)
      at BalanceService.deductCommission (services/balanceService.ts:634:24)
      at Object.<anonymous> (tests/integration/codCommission.test.ts:259:17)

    console.log
      [INFO] Commission deducted {
        driverId: 2,
        orderId: 17,
        commission: 15,
        newBalance: -135,
        isDebt: true,
        category: 'balance'
      }

      at Object.log [as info] (utils/logger.js:9:21)

    console.warn
      [WARN] Commission creates/increases debt {
        driverId: 2,
        orderId: 18,
        balanceBefore: -135,
        balanceAfter: -150,
        commission: 15,
        debtAmount: 150,
        category: 'balance'
      }

      19 |     warn: (...args) => {
      20 |         if (process.env.NODE_ENV !== 'test') {
    > 21 |             console.warn('[WARN]', ...args);
         |                     ^
      22 |         }
      23 |     },
      24 |

      at Object.warn (utils/logger.js:21:21)
      at BalanceService.deductCommission (services/balanceService.ts:634:24)
      at Object.<anonymous> (tests/integration/codCommission.test.ts:259:17)

    console.log
      [INFO] Commission deducted {
        driverId: 2,
        orderId: 18,
        commission: 15,
        newBalance: -150,
        isDebt: true,
        category: 'balance'
      }

      at Object.log [as info] (utils/logger.js:9:21)

    console.warn
      [WARN] Commission creates/increases debt {
        driverId: 2,
        orderId: 19,
        balanceBefore: 0,
        balanceAfter: -15,
        commission: 15,
        debtAmount: 15,
        category: 'balance'
      }

      19 |     warn: (...args) => {
      20 |         if (process.env.NODE_ENV !== 'test') {
    > 21 |             console.warn('[WARN]', ...args);
         |                     ^
      22 |         }
      23 |     },
      24 |

      at Object.warn (utils/logger.js:21:21)
      at BalanceService.deductCommission (services/balanceService.ts:634:24)
      at Object.<anonymous> (tests/integration/codCommission.test.ts:289:17)

    console.log
      [INFO] Commission deducted {
        driverId: 2,
        orderId: 19,
        commission: 15,
        newBalance: -15,
        isDebt: true,
        category: 'balance'
      }

      at Object.log [as info] (utils/logger.js:9:21)

    console.warn
      [WARN] Commission creates/increases debt {
        driverId: 2,
        orderId: 20,
        balanceBefore: -15,
        balanceAfter: -30,
        commission: 15,
        debtAmount: 30,
        category: 'balance'
      }

      19 |     warn: (...args) => {
      20 |         if (process.env.NODE_ENV !== 'test') {
    > 21 |             console.warn('[WARN]', ...args);
         |                     ^
      22 |         }
      23 |     },
      24 |

      at Object.warn (utils/logger.js:21:21)
      at BalanceService.deductCommission (services/balanceService.ts:634:24)
      at Object.<anonymous> (tests/integration/codCommission.test.ts:289:17)

    console.log
      [INFO] Commission deducted {
        driverId: 2,
        orderId: 20,
        commission: 15,
        newBalance: -30,
        isDebt: true,
        category: 'balance'
      }

      at Object.log [as info] (utils/logger.js:9:21)

    console.warn
      [WARN] Commission creates/increases debt {
        driverId: 2,
        orderId: 21,
        balanceBefore: -30,
        balanceAfter: -45,
        commission: 15,
        debtAmount: 45,
        category: 'balance'
      }

      19 |     warn: (...args) => {
      20 |         if (process.env.NODE_ENV !== 'test') {
    > 21 |             console.warn('[WARN]', ...args);
         |                     ^
      22 |         }
      23 |     },
      24 |

      at Object.warn (utils/logger.js:21:21)
      at BalanceService.deductCommission (services/balanceService.ts:634:24)
      at Object.<anonymous> (tests/integration/codCommission.test.ts:289:17)

    console.log
      [INFO] Commission deducted {
        driverId: 2,
        orderId: 21,
        commission: 15,
        newBalance: -45,
        isDebt: true,
        category: 'balance'
      }

      at Object.log [as info] (utils/logger.js:9:21)

    console.warn
      [WARN] Commission creates/increases debt {
        driverId: 2,
        orderId: 22,
        balanceBefore: -45,
        balanceAfter: -60,
        commission: 15,
        debtAmount: 60,
        category: 'balance'
      }

      19 |     warn: (...args) => {
      20 |         if (process.env.NODE_ENV !== 'test') {
    > 21 |             console.warn('[WARN]', ...args);
         |                     ^
      22 |         }
      23 |     },
      24 |

      at Object.warn (utils/logger.js:21:21)
      at BalanceService.deductCommission (services/balanceService.ts:634:24)
      at Object.<anonymous> (tests/integration/codCommission.test.ts:289:17)

    console.log
      [INFO] Commission deducted {
        driverId: 2,
        orderId: 22,
        commission: 15,
        newBalance: -60,
        isDebt: true,
        category: 'balance'
      }

      at Object.log [as info] (utils/logger.js:9:21)

    console.warn
      [WARN] Commission creates/increases debt {
        driverId: 2,
        orderId: 23,
        balanceBefore: -60,
        balanceAfter: -75,
        commission: 15,
        debtAmount: 75,
        category: 'balance'
      }

      19 |     warn: (...args) => {
      20 |         if (process.env.NODE_ENV !== 'test') {
    > 21 |             console.warn('[WARN]', ...args);
         |                     ^
      22 |         }
      23 |     },
      24 |

      at Object.warn (utils/logger.js:21:21)
      at BalanceService.deductCommission (services/balanceService.ts:634:24)
      at Object.<anonymous> (tests/integration/codCommission.test.ts:289:17)

    console.log
      [INFO] Commission deducted {
        driverId: 2,
        orderId: 23,
        commission: 15,
        newBalance: -75,
        isDebt: true,
        category: 'balance'
      }

      at Object.log [as info] (utils/logger.js:9:21)

    console.warn
      [WARN] Commission creates/increases debt {
        driverId: 2,
        orderId: 24,
        balanceBefore: -75,
        balanceAfter: -90,
        commission: 15,
        debtAmount: 90,
        category: 'balance'
      }

      19 |     warn: (...args) => {
      20 |         if (process.env.NODE_ENV !== 'test') {
    > 21 |             console.warn('[WARN]', ...args);
         |                     ^
      22 |         }
      23 |     },
      24 |

      at Object.warn (utils/logger.js:21:21)
      at BalanceService.deductCommission (services/balanceService.ts:634:24)
      at Object.<anonymous> (tests/integration/codCommission.test.ts:289:17)

    console.log
      [INFO] Commission deducted {
        driverId: 2,
        orderId: 24,
        commission: 15,
        newBalance: -90,
        isDebt: true,
        category: 'balance'
      }

      at Object.log [as info] (utils/logger.js:9:21)

    console.warn
      [WARN] Commission creates/increases debt {
        driverId: 2,
        orderId: 25,
        balanceBefore: -90,
        balanceAfter: -105,
        commission: 15,
        debtAmount: 105,
        category: 'balance'
      }

      19 |     warn: (...args) => {
      20 |         if (process.env.NODE_ENV !== 'test') {
    > 21 |             console.warn('[WARN]', ...args);
         |                     ^
      22 |         }
      23 |     },
      24 |

      at Object.warn (utils/logger.js:21:21)
      at BalanceService.deductCommission (services/balanceService.ts:634:24)
      at Object.<anonymous> (tests/integration/codCommission.test.ts:289:17)

    console.log
      [INFO] Commission deducted {
        driverId: 2,
        orderId: 25,
        commission: 15,
        newBalance: -105,
        isDebt: true,
        category: 'balance'
      }

      at Object.log [as info] (utils/logger.js:9:21)

    console.warn
      [WARN] Commission creates/increases debt {
        driverId: 2,
        orderId: 26,
        balanceBefore: -105,
        balanceAfter: -120,
        commission: 15,
        debtAmount: 120,
        category: 'balance'
      }

      19 |     warn: (...args) => {
      20 |         if (process.env.NODE_ENV !== 'test') {
    > 21 |             console.warn('[WARN]', ...args);
         |                     ^
      22 |         }
      23 |     },
      24 |

      at Object.warn (utils/logger.js:21:21)
      at BalanceService.deductCommission (services/balanceService.ts:634:24)
      at Object.<anonymous> (tests/integration/codCommission.test.ts:289:17)

    console.log
      [INFO] Commission deducted {
        driverId: 2,
        orderId: 26,
        commission: 15,
        newBalance: -120,
        isDebt: true,
        category: 'balance'
      }

      at Object.log [as info] (utils/logger.js:9:21)

    console.warn
      [WARN] Commission creates/increases debt {
        driverId: 2,
        orderId: 27,
        balanceBefore: -120,
        balanceAfter: -135,
        commission: 15,
        debtAmount: 135,
        category: 'balance'
      }

      19 |     warn: (...args) => {
      20 |         if (process.env.NODE_ENV !== 'test') {
    > 21 |             console.warn('[WARN]', ...args);
         |                     ^
      22 |         }
      23 |     },
      24 |

      at Object.warn (utils/logger.js:21:21)
      at BalanceService.deductCommission (services/balanceService.ts:634:24)
      at Object.<anonymous> (tests/integration/codCommission.test.ts:289:17)

    console.log
      [INFO] Commission deducted {
        driverId: 2,
        orderId: 27,
        commission: 15,
        newBalance: -135,
        isDebt: true,
        category: 'balance'
      }

      at Object.log [as info] (utils/logger.js:9:21)

    console.warn
      [WARN] Commission creates/increases debt {
        driverId: 2,
        orderId: 28,
        balanceBefore: -135,
        balanceAfter: -150,
        commission: 15,
        debtAmount: 150,
        category: 'balance'
      }

      19 |     warn: (...args) => {
      20 |         if (process.env.NODE_ENV !== 'test') {
    > 21 |             console.warn('[WARN]', ...args);
         |                     ^
      22 |         }
      23 |     },
      24 |

      at Object.warn (utils/logger.js:21:21)
      at BalanceService.deductCommission (services/balanceService.ts:634:24)
      at Object.<anonymous> (tests/integration/codCommission.test.ts:289:17)

    console.log
      [INFO] Commission deducted {
        driverId: 2,
        orderId: 28,
        commission: 15,
        newBalance: -150,
        isDebt: true,
        category: 'balance'
      }

      at Object.log [as info] (utils/logger.js:9:21)

    console.warn
      [WARN] Commission creates/increases debt {
        driverId: 2,
        orderId: 29,
        balanceBefore: -150,
        balanceAfter: -165,
        commission: 15,
        debtAmount: 165,
        category: 'balance'
      }

      19 |     warn: (...args) => {
      20 |         if (process.env.NODE_ENV !== 'test') {
    > 21 |             console.warn('[WARN]', ...args);
         |                     ^
      22 |         }
      23 |     },
      24 |

      at Object.warn (utils/logger.js:21:21)
      at BalanceService.deductCommission (services/balanceService.ts:634:24)
      at Object.<anonymous> (tests/integration/codCommission.test.ts:289:17)

    console.log
      [INFO] Commission deducted {
        driverId: 2,
        orderId: 29,
        commission: 15,
        newBalance: -165,
        isDebt: true,
        category: 'balance'
      }

      at Object.log [as info] (utils/logger.js:9:21)

    console.warn
      [WARN] Commission creates/increases debt {
        driverId: 2,
        orderId: 30,
        balanceBefore: -165,
        balanceAfter: -180,
        commission: 15,
        debtAmount: 180,
        category: 'balance'
      }

      19 |     warn: (...args) => {
      20 |         if (process.env.NODE_ENV !== 'test') {
    > 21 |             console.warn('[WARN]', ...args);
         |                     ^
      22 |         }
      23 |     },
      24 |

      at Object.warn (utils/logger.js:21:21)
      at BalanceService.deductCommission (services/balanceService.ts:634:24)
      at Object.<anonymous> (tests/integration/codCommission.test.ts:289:17)

    console.log
      [INFO] Commission deducted {
        driverId: 2,
        orderId: 30,
        commission: 15,
        newBalance: -180,
        isDebt: true,
        category: 'balance'
      }

      at Object.log [as info] (utils/logger.js:9:21)

    console.warn
      [WARN] Commission creates/increases debt {
        driverId: 2,
        orderId: 31,
        balanceBefore: -180,
        balanceAfter: -195,
        commission: 15,
        debtAmount: 195,
        category: 'balance'
      }

      19 |     warn: (...args) => {
      20 |         if (process.env.NODE_ENV !== 'test') {
    > 21 |             console.warn('[WARN]', ...args);
         |                     ^
      22 |         }
      23 |     },
      24 |

      at Object.warn (utils/logger.js:21:21)
      at BalanceService.deductCommission (services/balanceService.ts:634:24)
      at Object.<anonymous> (tests/integration/codCommission.test.ts:289:17)

    console.log
      [INFO] Commission deducted {
        driverId: 2,
        orderId: 31,
        commission: 15,
        newBalance: -195,
        isDebt: true,
        category: 'balance'
      }

      at Object.log [as info] (utils/logger.js:9:21)

    console.log
      [INFO] Deposit completed {
        userId: 2,
        amount: 5,
        transactionId: 'TXN-4544c670-86d3-44ec-8760-81b9b4587f35'
      }

      at Object.log [as info] (utils/logger.js:9:21)

    console.warn
      [WARN] Commission creates/increases debt {
        driverId: 2,
        orderId: 32,
        balanceBefore: -190,
        balanceAfter: -200,
        commission: 10,
        debtAmount: 200,
        category: 'balance'
      }

      19 |     warn: (...args) => {
      20 |         if (process.env.NODE_ENV !== 'test') {
    > 21 |             console.warn('[WARN]', ...args);
         |                     ^
      22 |         }
      23 |     },
      24 |

      at Object.warn (utils/logger.js:21:21)
      at BalanceService.deductCommission (services/balanceService.ts:634:24)
      at Object.<anonymous> (tests/integration/codCommission.test.ts:314:13)

    console.log
      [INFO] Commission deducted {
        driverId: 2,
        orderId: 32,
        commission: 10,
        newBalance: -200,
        isDebt: true,
        category: 'balance'
      }

      at Object.log [as info] (utils/logger.js:9:21)

    console.warn
      [WARN] Commission creates/increases debt {
        driverId: 2,
        orderId: 33,
        balanceBefore: 0,
        balanceAfter: -15,
        commission: 15,
        debtAmount: 15,
        category: 'balance'
      }

      19 |     warn: (...args) => {
      20 |         if (process.env.NODE_ENV !== 'test') {
    > 21 |             console.warn('[WARN]', ...args);
         |                     ^
      22 |         }
      23 |     },
      24 |

      at Object.warn (utils/logger.js:21:21)
      at BalanceService.deductCommission (services/balanceService.ts:634:24)
      at Object.<anonymous> (tests/integration/codCommission.test.ts:338:17)

    console.log
      [INFO] Commission deducted {
        driverId: 2,
        orderId: 33,
        commission: 15,
        newBalance: -15,
        isDebt: true,
        category: 'balance'
      }

      at Object.log [as info] (utils/logger.js:9:21)

    console.warn
      [WARN] Commission creates/increases debt {
        driverId: 2,
        orderId: 34,
        balanceBefore: -15,
        balanceAfter: -30,
        commission: 15,
        debtAmount: 30,
        category: 'balance'
      }

      19 |     warn: (...args) => {
      20 |         if (process.env.NODE_ENV !== 'test') {
    > 21 |             console.warn('[WARN]', ...args);
         |                     ^
      22 |         }
      23 |     },
      24 |

      at Object.warn (utils/logger.js:21:21)
      at BalanceService.deductCommission (services/balanceService.ts:634:24)
      at Object.<anonymous> (tests/integration/codCommission.test.ts:338:17)

    console.log
      [INFO] Commission deducted {
        driverId: 2,
        orderId: 34,
        commission: 15,
        newBalance: -30,
        isDebt: true,
        category: 'balance'
      }

      at Object.log [as info] (utils/logger.js:9:21)

    console.warn
      [WARN] Commission creates/increases debt {
        driverId: 2,
        orderId: 35,
        balanceBefore: -30,
        balanceAfter: -45,
        commission: 15,
        debtAmount: 45,
        category: 'balance'
      }

      19 |     warn: (...args) => {
      20 |         if (process.env.NODE_ENV !== 'test') {
    > 21 |             console.warn('[WARN]', ...args);
         |                     ^
      22 |         }
      23 |     },
      24 |

      at Object.warn (utils/logger.js:21:21)
      at BalanceService.deductCommission (services/balanceService.ts:634:24)
      at Object.<anonymous> (tests/integration/codCommission.test.ts:338:17)

    console.log
      [INFO] Commission deducted {
        driverId: 2,
        orderId: 35,
        commission: 15,
        newBalance: -45,
        isDebt: true,
        category: 'balance'
      }

      at Object.log [as info] (utils/logger.js:9:21)

    console.warn
      [WARN] Commission creates/increases debt {
        driverId: 2,
        orderId: 36,
        balanceBefore: -45,
        balanceAfter: -60,
        commission: 15,
        debtAmount: 60,
        category: 'balance'
      }

      19 |     warn: (...args) => {
      20 |         if (process.env.NODE_ENV !== 'test') {
    > 21 |             console.warn('[WARN]', ...args);
         |                     ^
      22 |         }
      23 |     },
      24 |

      at Object.warn (utils/logger.js:21:21)
      at BalanceService.deductCommission (services/balanceService.ts:634:24)
      at Object.<anonymous> (tests/integration/codCommission.test.ts:338:17)

    console.log
      [INFO] Commission deducted {
        driverId: 2,
        orderId: 36,
        commission: 15,
        newBalance: -60,
        isDebt: true,
        category: 'balance'
      }

      at Object.log [as info] (utils/logger.js:9:21)

    console.warn
      [WARN] Commission creates/increases debt {
        driverId: 2,
        orderId: 37,
        balanceBefore: -60,
        balanceAfter: -75,
        commission: 15,
        debtAmount: 75,
        category: 'balance'
      }

      19 |     warn: (...args) => {
      20 |         if (process.env.NODE_ENV !== 'test') {
    > 21 |             console.warn('[WARN]', ...args);
         |                     ^
      22 |         }
      23 |     },
      24 |

      at Object.warn (utils/logger.js:21:21)
      at BalanceService.deductCommission (services/balanceService.ts:634:24)
      at Object.<anonymous> (tests/integration/codCommission.test.ts:338:17)

    console.log
      [INFO] Commission deducted {
        driverId: 2,
        orderId: 37,
        commission: 15,
        newBalance: -75,
        isDebt: true,
        category: 'balance'
      }

      at Object.log [as info] (utils/logger.js:9:21)

    console.warn
      [WARN] Commission creates/increases debt {
        driverId: 2,
        orderId: 38,
        balanceBefore: -75,
        balanceAfter: -90,
        commission: 15,
        debtAmount: 90,
        category: 'balance'
      }

      19 |     warn: (...args) => {
      20 |         if (process.env.NODE_ENV !== 'test') {
    > 21 |             console.warn('[WARN]', ...args);
         |                     ^
      22 |         }
      23 |     },
      24 |

      at Object.warn (utils/logger.js:21:21)
      at BalanceService.deductCommission (services/balanceService.ts:634:24)
      at Object.<anonymous> (tests/integration/codCommission.test.ts:338:17)

    console.log
      [INFO] Commission deducted {
        driverId: 2,
        orderId: 38,
        commission: 15,
        newBalance: -90,
        isDebt: true,
        category: 'balance'
      }

      at Object.log [as info] (utils/logger.js:9:21)

    console.warn
      [WARN] Commission creates/increases debt {
        driverId: 2,
        orderId: 39,
        balanceBefore: -90,
        balanceAfter: -105,
        commission: 15,
        debtAmount: 105,
        category: 'balance'
      }

      19 |     warn: (...args) => {
      20 |         if (process.env.NODE_ENV !== 'test') {
    > 21 |             console.warn('[WARN]', ...args);
         |                     ^
      22 |         }
      23 |     },
      24 |

      at Object.warn (utils/logger.js:21:21)
      at BalanceService.deductCommission (services/balanceService.ts:634:24)
      at Object.<anonymous> (tests/integration/codCommission.test.ts:338:17)

    console.log
      [INFO] Commission deducted {
        driverId: 2,
        orderId: 39,
        commission: 15,
        newBalance: -105,
        isDebt: true,
        category: 'balance'
      }

      at Object.log [as info] (utils/logger.js:9:21)

    console.warn
      [WARN] Commission creates/increases debt {
        driverId: 2,
        orderId: 40,
        balanceBefore: -105,
        balanceAfter: -120,
        commission: 15,
        debtAmount: 120,
        category: 'balance'
      }

      19 |     warn: (...args) => {
      20 |         if (process.env.NODE_ENV !== 'test') {
    > 21 |             console.warn('[WARN]', ...args);
         |                     ^
      22 |         }
      23 |     },
      24 |

      at Object.warn (utils/logger.js:21:21)
      at BalanceService.deductCommission (services/balanceService.ts:634:24)
      at Object.<anonymous> (tests/integration/codCommission.test.ts:338:17)

    console.log
      [INFO] Commission deducted {
        driverId: 2,
        orderId: 40,
        commission: 15,
        newBalance: -120,
        isDebt: true,
        category: 'balance'
      }

      at Object.log [as info] (utils/logger.js:9:21)

    console.warn
      [WARN] Commission creates/increases debt {
        driverId: 2,
        orderId: 41,
        balanceBefore: -120,
        balanceAfter: -135,
        commission: 15,
        debtAmount: 135,
        category: 'balance'
      }

      19 |     warn: (...args) => {
      20 |         if (process.env.NODE_ENV !== 'test') {
    > 21 |             console.warn('[WARN]', ...args);
         |                     ^
      22 |         }
      23 |     },
      24 |

      at Object.warn (utils/logger.js:21:21)
      at BalanceService.deductCommission (services/balanceService.ts:634:24)
      at Object.<anonymous> (tests/integration/codCommission.test.ts:338:17)

    console.log
      [INFO] Commission deducted {
        driverId: 2,
        orderId: 41,
        commission: 15,
        newBalance: -135,
        isDebt: true,
        category: 'balance'
      }

      at Object.log [as info] (utils/logger.js:9:21)

    console.warn
      [WARN] Commission creates/increases debt {
        driverId: 2,
        orderId: 42,
        balanceBefore: -135,
        balanceAfter: -150,
        commission: 15,
        debtAmount: 150,
        category: 'balance'
      }

      19 |     warn: (...args) => {
      20 |         if (process.env.NODE_ENV !== 'test') {
    > 21 |             console.warn('[WARN]', ...args);
         |                     ^
      22 |         }
      23 |     },
      24 |

      at Object.warn (utils/logger.js:21:21)
      at BalanceService.deductCommission (services/balanceService.ts:634:24)
      at Object.<anonymous> (tests/integration/codCommission.test.ts:338:17)

    console.log
      [INFO] Commission deducted {
        driverId: 2,
        orderId: 42,
        commission: 15,
        newBalance: -150,
        isDebt: true,
        category: 'balance'
      }

      at Object.log [as info] (utils/logger.js:9:21)

    console.warn
      [WARN] Commission creates/increases debt {
        driverId: 2,
        orderId: 43,
        balanceBefore: -150,
        balanceAfter: -165,
        commission: 15,
        debtAmount: 165,
        category: 'balance'
      }

      19 |     warn: (...args) => {
      20 |         if (process.env.NODE_ENV !== 'test') {
    > 21 |             console.warn('[WARN]', ...args);
         |                     ^
      22 |         }
      23 |     },
      24 |

      at Object.warn (utils/logger.js:21:21)
      at BalanceService.deductCommission (services/balanceService.ts:634:24)
      at Object.<anonymous> (tests/integration/codCommission.test.ts:338:17)

    console.log
      [INFO] Commission deducted {
        driverId: 2,
        orderId: 43,
        commission: 15,
        newBalance: -165,
        isDebt: true,
        category: 'balance'
      }

      at Object.log [as info] (utils/logger.js:9:21)

    console.warn
      [WARN] Commission creates/increases debt {
        driverId: 2,
        orderId: 44,
        balanceBefore: -165,
        balanceAfter: -180,
        commission: 15,
        debtAmount: 180,
        category: 'balance'
      }

      19 |     warn: (...args) => {
      20 |         if (process.env.NODE_ENV !== 'test') {
    > 21 |             console.warn('[WARN]', ...args);
         |                     ^
      22 |         }
      23 |     },
      24 |

      at Object.warn (utils/logger.js:21:21)
      at BalanceService.deductCommission (services/balanceService.ts:634:24)
      at Object.<anonymous> (tests/integration/codCommission.test.ts:338:17)

    console.log
      [INFO] Commission deducted {
        driverId: 2,
        orderId: 44,
        commission: 15,
        newBalance: -180,
        isDebt: true,
        category: 'balance'
      }

      at Object.log [as info] (utils/logger.js:9:21)

    console.warn
      [WARN] Commission creates/increases debt {
        driverId: 2,
        orderId: 45,
        balanceBefore: -180,
        balanceAfter: -195,
        commission: 15,
        debtAmount: 195,
        category: 'balance'
      }

      19 |     warn: (...args) => {
      20 |         if (process.env.NODE_ENV !== 'test') {
    > 21 |             console.warn('[WARN]', ...args);
         |                     ^
      22 |         }
      23 |     },
      24 |

      at Object.warn (utils/logger.js:21:21)
      at BalanceService.deductCommission (services/balanceService.ts:634:24)
      at Object.<anonymous> (tests/integration/codCommission.test.ts:338:17)

    console.log
      [INFO] Commission deducted {
        driverId: 2,
        orderId: 45,
        commission: 15,
        newBalance: -195,
        isDebt: true,
        category: 'balance'
      }

      at Object.log [as info] (utils/logger.js:9:21)

    console.warn
      [WARN] Commission creates/increases debt {
        driverId: 2,
        orderId: 46,
        balanceBefore: -195,
        balanceAfter: -210,
        commission: 15,
        debtAmount: 210,
        category: 'balance'
      }

      19 |     warn: (...args) => {
      20 |         if (process.env.NODE_ENV !== 'test') {
    > 21 |             console.warn('[WARN]', ...args);
         |                     ^
      22 |         }
      23 |     },
      24 |

      at Object.warn (utils/logger.js:21:21)
      at BalanceService.deductCommission (services/balanceService.ts:634:24)
      at Object.<anonymous> (tests/integration/codCommission.test.ts:338:17)

    console.log
      [INFO] Commission deducted {
        driverId: 2,
        orderId: 46,
        commission: 15,
        newBalance: -210,
        isDebt: true,
        category: 'balance'
      }

      at Object.log [as info] (utils/logger.js:9:21)

    console.warn
      [WARN] Commission creates/increases debt {
        driverId: 2,
        orderId: 47,
        balanceBefore: -210,
        balanceAfter: -225,
        commission: 15,
        debtAmount: 225,
        category: 'balance'
      }

      19 |     warn: (...args) => {
      20 |         if (process.env.NODE_ENV !== 'test') {
    > 21 |             console.warn('[WARN]', ...args);
         |                     ^
      22 |         }
      23 |     },
      24 |

      at Object.warn (utils/logger.js:21:21)
      at BalanceService.deductCommission (services/balanceService.ts:634:24)
      at Object.<anonymous> (tests/integration/codCommission.test.ts:338:17)

    console.log
      [INFO] Commission deducted {
        driverId: 2,
        orderId: 47,
        commission: 15,
        newBalance: -225,
        isDebt: true,
        category: 'balance'
      }

      at Object.log [as info] (utils/logger.js:9:21)

    console.warn
      [WARN] Commission creates/increases debt {
        driverId: 2,
        orderId: 48,
        balanceBefore: -225,
        balanceAfter: -240,
        commission: 15,
        debtAmount: 240,
        category: 'balance'
      }

      19 |     warn: (...args) => {
      20 |         if (process.env.NODE_ENV !== 'test') {
    > 21 |             console.warn('[WARN]', ...args);
         |                     ^
      22 |         }
      23 |     },
      24 |

      at Object.warn (utils/logger.js:21:21)
      at BalanceService.deductCommission (services/balanceService.ts:634:24)
      at Object.<anonymous> (tests/integration/codCommission.test.ts:338:17)

    console.log
      [INFO] Commission deducted {
        driverId: 2,
        orderId: 48,
        commission: 15,
        newBalance: -240,
        isDebt: true,
        category: 'balance'
      }

      at Object.log [as info] (utils/logger.js:9:21)

    console.warn
      [WARN] Commission creates/increases debt {
        driverId: 2,
        orderId: 49,
        balanceBefore: -240,
        balanceAfter: -255,
        commission: 15,
        debtAmount: 255,
        category: 'balance'
      }

      19 |     warn: (...args) => {
      20 |         if (process.env.NODE_ENV !== 'test') {
    > 21 |             console.warn('[WARN]', ...args);
         |                     ^
      22 |         }
      23 |     },
      24 |

      at Object.warn (utils/logger.js:21:21)
      at BalanceService.deductCommission (services/balanceService.ts:634:24)
      at Object.<anonymous> (tests/integration/codCommission.test.ts:338:17)

    console.log
      [INFO] Commission deducted {
        driverId: 2,
        orderId: 49,
        commission: 15,
        newBalance: -255,
        isDebt: true,
        category: 'balance'
      }

      at Object.log [as info] (utils/logger.js:9:21)

    console.warn
      [WARN] Commission creates/increases debt {
        driverId: 2,
        orderId: 50,
        balanceBefore: 0,
        balanceAfter: -15,
        commission: 15,
        debtAmount: 15,
        category: 'balance'
      }

      19 |     warn: (...args) => {
      20 |         if (process.env.NODE_ENV !== 'test') {
    > 21 |             console.warn('[WARN]', ...args);
         |                     ^
      22 |         }
      23 |     },
      24 |

      at Object.warn (utils/logger.js:21:21)
      at BalanceService.deductCommission (services/balanceService.ts:634:24)
      at Object.<anonymous> (tests/integration/codCommission.test.ts:362:17)

    console.log
      [INFO] Commission deducted {
        driverId: 2,
        orderId: 50,
        commission: 15,
        newBalance: -15,
        isDebt: true,
        category: 'balance'
      }

      at Object.log [as info] (utils/logger.js:9:21)

    console.warn
      [WARN] Commission creates/increases debt {
        driverId: 2,
        orderId: 51,
        balanceBefore: -15,
        balanceAfter: -30,
        commission: 15,
        debtAmount: 30,
        category: 'balance'
      }

      19 |     warn: (...args) => {
      20 |         if (process.env.NODE_ENV !== 'test') {
    > 21 |             console.warn('[WARN]', ...args);
         |                     ^
      22 |         }
      23 |     },
      24 |

      at Object.warn (utils/logger.js:21:21)
      at BalanceService.deductCommission (services/balanceService.ts:634:24)
      at Object.<anonymous> (tests/integration/codCommission.test.ts:362:17)

    console.log
      [INFO] Commission deducted {
        driverId: 2,
        orderId: 51,
        commission: 15,
        newBalance: -30,
        isDebt: true,
        category: 'balance'
      }

      at Object.log [as info] (utils/logger.js:9:21)

    console.warn
      [WARN] Commission creates/increases debt {
        driverId: 2,
        orderId: 52,
        balanceBefore: -30,
        balanceAfter: -45,
        commission: 15,
        debtAmount: 45,
        category: 'balance'
      }

      19 |     warn: (...args) => {
      20 |         if (process.env.NODE_ENV !== 'test') {
    > 21 |             console.warn('[WARN]', ...args);
         |                     ^
      22 |         }
      23 |     },
      24 |

      at Object.warn (utils/logger.js:21:21)
      at BalanceService.deductCommission (services/balanceService.ts:634:24)
      at Object.<anonymous> (tests/integration/codCommission.test.ts:362:17)

    console.log
      [INFO] Commission deducted {
        driverId: 2,
        orderId: 52,
        commission: 15,
        newBalance: -45,
        isDebt: true,
        category: 'balance'
      }

      at Object.log [as info] (utils/logger.js:9:21)

    console.warn
      [WARN] Commission creates/increases debt {
        driverId: 2,
        orderId: 53,
        balanceBefore: -45,
        balanceAfter: -60,
        commission: 15,
        debtAmount: 60,
        category: 'balance'
      }

      19 |     warn: (...args) => {
      20 |         if (process.env.NODE_ENV !== 'test') {
    > 21 |             console.warn('[WARN]', ...args);
         |                     ^
      22 |         }
      23 |     },
      24 |

      at Object.warn (utils/logger.js:21:21)
      at BalanceService.deductCommission (services/balanceService.ts:634:24)
      at Object.<anonymous> (tests/integration/codCommission.test.ts:362:17)

    console.log
      [INFO] Commission deducted {
        driverId: 2,
        orderId: 53,
        commission: 15,
        newBalance: -60,
        isDebt: true,
        category: 'balance'
      }

      at Object.log [as info] (utils/logger.js:9:21)

    console.warn
      [WARN] Commission creates/increases debt {
        driverId: 2,
        orderId: 54,
        balanceBefore: -60,
        balanceAfter: -75,
        commission: 15,
        debtAmount: 75,
        category: 'balance'
      }

      19 |     warn: (...args) => {
      20 |         if (process.env.NODE_ENV !== 'test') {
    > 21 |             console.warn('[WARN]', ...args);
         |                     ^
      22 |         }
      23 |     },
      24 |

      at Object.warn (utils/logger.js:21:21)
      at BalanceService.deductCommission (services/balanceService.ts:634:24)
      at Object.<anonymous> (tests/integration/codCommission.test.ts:362:17)

    console.log
      [INFO] Commission deducted {
        driverId: 2,
        orderId: 54,
        commission: 15,
        newBalance: -75,
        isDebt: true,
        category: 'balance'
      }

      at Object.log [as info] (utils/logger.js:9:21)

    console.warn
      [WARN] Commission creates/increases debt {
        driverId: 2,
        orderId: 55,
        balanceBefore: -75,
        balanceAfter: -90,
        commission: 15,
        debtAmount: 90,
        category: 'balance'
      }

      19 |     warn: (...args) => {
      20 |         if (process.env.NODE_ENV !== 'test') {
    > 21 |             console.warn('[WARN]', ...args);
         |                     ^
      22 |         }
      23 |     },
      24 |

      at Object.warn (utils/logger.js:21:21)
      at BalanceService.deductCommission (services/balanceService.ts:634:24)
      at Object.<anonymous> (tests/integration/codCommission.test.ts:362:17)

    console.log
      [INFO] Commission deducted {
        driverId: 2,
        orderId: 55,
        commission: 15,
        newBalance: -90,
        isDebt: true,
        category: 'balance'
      }

      at Object.log [as info] (utils/logger.js:9:21)

    console.warn
      [WARN] Commission creates/increases debt {
        driverId: 2,
        orderId: 56,
        balanceBefore: -90,
        balanceAfter: -105,
        commission: 15,
        debtAmount: 105,
        category: 'balance'
      }

      19 |     warn: (...args) => {
      20 |         if (process.env.NODE_ENV !== 'test') {
    > 21 |             console.warn('[WARN]', ...args);
         |                     ^
      22 |         }
      23 |     },
      24 |

      at Object.warn (utils/logger.js:21:21)
      at BalanceService.deductCommission (services/balanceService.ts:634:24)
      at Object.<anonymous> (tests/integration/codCommission.test.ts:362:17)

    console.log
      [INFO] Commission deducted {
        driverId: 2,
        orderId: 56,
        commission: 15,
        newBalance: -105,
        isDebt: true,
        category: 'balance'
      }

      at Object.log [as info] (utils/logger.js:9:21)

    console.warn
      [WARN] Commission creates/increases debt {
        driverId: 2,
        orderId: 57,
        balanceBefore: -105,
        balanceAfter: -120,
        commission: 15,
        debtAmount: 120,
        category: 'balance'
      }

      19 |     warn: (...args) => {
      20 |         if (process.env.NODE_ENV !== 'test') {
    > 21 |             console.warn('[WARN]', ...args);
         |                     ^
      22 |         }
      23 |     },
      24 |

      at Object.warn (utils/logger.js:21:21)
      at BalanceService.deductCommission (services/balanceService.ts:634:24)
      at Object.<anonymous> (tests/integration/codCommission.test.ts:362:17)

    console.log
      [INFO] Commission deducted {
        driverId: 2,
        orderId: 57,
        commission: 15,
        newBalance: -120,
        isDebt: true,
        category: 'balance'
      }

      at Object.log [as info] (utils/logger.js:9:21)

    console.warn
      [WARN] Commission creates/increases debt {
        driverId: 2,
        orderId: 58,
        balanceBefore: -120,
        balanceAfter: -135,
        commission: 15,
        debtAmount: 135,
        category: 'balance'
      }

      19 |     warn: (...args) => {
      20 |         if (process.env.NODE_ENV !== 'test') {
    > 21 |             console.warn('[WARN]', ...args);
         |                     ^
      22 |         }
      23 |     },
      24 |

      at Object.warn (utils/logger.js:21:21)
      at BalanceService.deductCommission (services/balanceService.ts:634:24)
      at Object.<anonymous> (tests/integration/codCommission.test.ts:362:17)

    console.log
      [INFO] Commission deducted {
        driverId: 2,
        orderId: 58,
        commission: 15,
        newBalance: -135,
        isDebt: true,
        category: 'balance'
      }

      at Object.log [as info] (utils/logger.js:9:21)

    console.warn
      [WARN] Commission creates/increases debt {
        driverId: 2,
        orderId: 59,
        balanceBefore: -135,
        balanceAfter: -150,
        commission: 15,
        debtAmount: 150,
        category: 'balance'
      }

      19 |     warn: (...args) => {
      20 |         if (process.env.NODE_ENV !== 'test') {
    > 21 |             console.warn('[WARN]', ...args);
         |                     ^
      22 |         }
      23 |     },
      24 |

      at Object.warn (utils/logger.js:21:21)
      at BalanceService.deductCommission (services/balanceService.ts:634:24)
      at Object.<anonymous> (tests/integration/codCommission.test.ts:362:17)

    console.log
      [INFO] Commission deducted {
        driverId: 2,
        orderId: 59,
        commission: 15,
        newBalance: -150,
        isDebt: true,
        category: 'balance'
      }

      at Object.log [as info] (utils/logger.js:9:21)

    console.warn
      [WARN] Commission creates/increases debt {
        driverId: 2,
        orderId: 60,
        balanceBefore: -150,
        balanceAfter: -165,
        commission: 15,
        debtAmount: 165,
        category: 'balance'
      }

      19 |     warn: (...args) => {
      20 |         if (process.env.NODE_ENV !== 'test') {
    > 21 |             console.warn('[WARN]', ...args);
         |                     ^
      22 |         }
      23 |     },
      24 |

      at Object.warn (utils/logger.js:21:21)
      at BalanceService.deductCommission (services/balanceService.ts:634:24)
      at Object.<anonymous> (tests/integration/codCommission.test.ts:362:17)

    console.log
      [INFO] Commission deducted {
        driverId: 2,
        orderId: 60,
        commission: 15,
        newBalance: -165,
        isDebt: true,
        category: 'balance'
      }

      at Object.log [as info] (utils/logger.js:9:21)

    console.warn
      [WARN] Commission creates/increases debt {
        driverId: 2,
        orderId: 61,
        balanceBefore: -165,
        balanceAfter: -180,
        commission: 15,
        debtAmount: 180,
        category: 'balance'
      }

      19 |     warn: (...args) => {
      20 |         if (process.env.NODE_ENV !== 'test') {
    > 21 |             console.warn('[WARN]', ...args);
         |                     ^
      22 |         }
      23 |     },
      24 |

      at Object.warn (utils/logger.js:21:21)
      at BalanceService.deductCommission (services/balanceService.ts:634:24)
      at Object.<anonymous> (tests/integration/codCommission.test.ts:362:17)

    console.log
      [INFO] Commission deducted {
        driverId: 2,
        orderId: 61,
        commission: 15,
        newBalance: -180,
        isDebt: true,
        category: 'balance'
      }

      at Object.log [as info] (utils/logger.js:9:21)

    console.warn
      [WARN] Commission creates/increases debt {
        driverId: 2,
        orderId: 62,
        balanceBefore: -180,
        balanceAfter: -195,
        commission: 15,
        debtAmount: 195,
        category: 'balance'
      }

      19 |     warn: (...args) => {
      20 |         if (process.env.NODE_ENV !== 'test') {
    > 21 |             console.warn('[WARN]', ...args);
         |                     ^
      22 |         }
      23 |     },
      24 |

      at Object.warn (utils/logger.js:21:21)
      at BalanceService.deductCommission (services/balanceService.ts:634:24)
      at Object.<anonymous> (tests/integration/codCommission.test.ts:362:17)

    console.log
      [INFO] Commission deducted {
        driverId: 2,
        orderId: 62,
        commission: 15,
        newBalance: -195,
        isDebt: true,
        category: 'balance'
      }

      at Object.log [as info] (utils/logger.js:9:21)

    console.warn
      [WARN] Commission creates/increases debt {
        driverId: 2,
        orderId: 63,
        balanceBefore: -195,
        balanceAfter: -210,
        commission: 15,
        debtAmount: 210,
        category: 'balance'
      }

      19 |     warn: (...args) => {
      20 |         if (process.env.NODE_ENV !== 'test') {
    > 21 |             console.warn('[WARN]', ...args);
         |                     ^
      22 |         }
      23 |     },
      24 |

      at Object.warn (utils/logger.js:21:21)
      at BalanceService.deductCommission (services/balanceService.ts:634:24)
      at Object.<anonymous> (tests/integration/codCommission.test.ts:362:17)

    console.log
      [INFO] Commission deducted {
        driverId: 2,
        orderId: 63,
        commission: 15,
        newBalance: -210,
        isDebt: true,
        category: 'balance'
      }

      at Object.log [as info] (utils/logger.js:9:21)

    console.warn
      [WARN] Commission creates/increases debt {
        driverId: 2,
        orderId: 64,
        balanceBefore: -210,
        balanceAfter: -225,
        commission: 15,
        debtAmount: 225,
        category: 'balance'
      }

      19 |     warn: (...args) => {
      20 |         if (process.env.NODE_ENV !== 'test') {
    > 21 |             console.warn('[WARN]', ...args);
         |                     ^
      22 |         }
      23 |     },
      24 |

      at Object.warn (utils/logger.js:21:21)
      at BalanceService.deductCommission (services/balanceService.ts:634:24)
      at Object.<anonymous> (tests/integration/codCommission.test.ts:362:17)

    console.log
      [INFO] Commission deducted {
        driverId: 2,
        orderId: 64,
        commission: 15,
        newBalance: -225,
        isDebt: true,
        category: 'balance'
      }

      at Object.log [as info] (utils/logger.js:9:21)

    console.warn
      [WARN] Commission creates/increases debt {
        driverId: 2,
        orderId: 65,
        balanceBefore: -225,
        balanceAfter: -240,
        commission: 15,
        debtAmount: 240,
        category: 'balance'
      }

      19 |     warn: (...args) => {
      20 |         if (process.env.NODE_ENV !== 'test') {
    > 21 |             console.warn('[WARN]', ...args);
         |                     ^
      22 |         }
      23 |     },
      24 |

      at Object.warn (utils/logger.js:21:21)
      at BalanceService.deductCommission (services/balanceService.ts:634:24)
      at Object.<anonymous> (tests/integration/codCommission.test.ts:362:17)

    console.log
      [INFO] Commission deducted {
        driverId: 2,
        orderId: 65,
        commission: 15,
        newBalance: -240,
        isDebt: true,
        category: 'balance'
      }

      at Object.log [as info] (utils/logger.js:9:21)

    console.warn
      [WARN] Commission creates/increases debt {
        driverId: 2,
        orderId: 66,
        balanceBefore: -240,
        balanceAfter: -255,
        commission: 15,
        debtAmount: 255,
        category: 'balance'
      }

      19 |     warn: (...args) => {
      20 |         if (process.env.NODE_ENV !== 'test') {
    > 21 |             console.warn('[WARN]', ...args);
         |                     ^
      22 |         }
      23 |     },
      24 |

      at Object.warn (utils/logger.js:21:21)
      at BalanceService.deductCommission (services/balanceService.ts:634:24)
      at Object.<anonymous> (tests/integration/codCommission.test.ts:362:17)

    console.log
      [INFO] Commission deducted {
        driverId: 2,
        orderId: 66,
        commission: 15,
        newBalance: -255,
        isDebt: true,
        category: 'balance'
      }

      at Object.log [as info] (utils/logger.js:9:21)

    console.warn
      [WARN] Commission creates/increases debt {
        driverId: 2,
        orderId: 67,
        balanceBefore: -255,
        balanceAfter: -270,
        commission: 15,
        debtAmount: 270,
        category: 'balance'
      }

      19 |     warn: (...args) => {
      20 |         if (process.env.NODE_ENV !== 'test') {
    > 21 |             console.warn('[WARN]', ...args);
         |                     ^
      22 |         }
      23 |     },
      24 |

      at Object.warn (utils/logger.js:21:21)
      at BalanceService.deductCommission (services/balanceService.ts:634:24)
      at Object.<anonymous> (tests/integration/codCommission.test.ts:362:17)

    console.log
      [INFO] Commission deducted {
        driverId: 2,
        orderId: 67,
        commission: 15,
        newBalance: -270,
        isDebt: true,
        category: 'balance'
      }

      at Object.log [as info] (utils/logger.js:9:21)

    console.warn
      [WARN] Commission creates/increases debt {
        driverId: 2,
        orderId: 68,
        balanceBefore: -270,
        balanceAfter: -285,
        commission: 15,
        debtAmount: 285,
        category: 'balance'
      }

      19 |     warn: (...args) => {
      20 |         if (process.env.NODE_ENV !== 'test') {
    > 21 |             console.warn('[WARN]', ...args);
         |                     ^
      22 |         }
      23 |     },
      24 |

      at Object.warn (utils/logger.js:21:21)
      at BalanceService.deductCommission (services/balanceService.ts:634:24)
      at Object.<anonymous> (tests/integration/codCommission.test.ts:362:17)

    console.log
      [INFO] Commission deducted {
        driverId: 2,
        orderId: 68,
        commission: 15,
        newBalance: -285,
        isDebt: true,
        category: 'balance'
      }

      at Object.log [as info] (utils/logger.js:9:21)

    console.warn
      [WARN] Commission creates/increases debt {
        driverId: 2,
        orderId: 69,
        balanceBefore: -285,
        balanceAfter: -300,
        commission: 15,
        debtAmount: 300,
        category: 'balance'
      }

      19 |     warn: (...args) => {
      20 |         if (process.env.NODE_ENV !== 'test') {
    > 21 |             console.warn('[WARN]', ...args);
         |                     ^
      22 |         }
      23 |     },
      24 |

      at Object.warn (utils/logger.js:21:21)
      at BalanceService.deductCommission (services/balanceService.ts:634:24)
      at Object.<anonymous> (tests/integration/codCommission.test.ts:362:17)

    console.log
      [INFO] Commission deducted {
        driverId: 2,
        orderId: 69,
        commission: 15,
        newBalance: -300,
        isDebt: true,
        category: 'balance'
      }

      at Object.log [as info] (utils/logger.js:9:21)

    console.warn
      [WARN] Commission creates/increases debt {
        driverId: 2,
        orderId: 70,
        balanceBefore: 0,
        balanceAfter: -15,
        commission: 15,
        debtAmount: 15,
        category: 'balance'
      }

      19 |     warn: (...args) => {
      20 |         if (process.env.NODE_ENV !== 'test') {
    > 21 |             console.warn('[WARN]', ...args);
         |                     ^
      22 |         }
      23 |     },
      24 |

      at Object.warn (utils/logger.js:21:21)
      at BalanceService.deductCommission (services/balanceService.ts:634:24)
      at Object.<anonymous> (tests/integration/codCommission.test.ts:396:17)

    console.log
      [INFO] Commission deducted {
        driverId: 2,
        orderId: 70,
        commission: 15,
        newBalance: -15,
        isDebt: true,
        category: 'balance'
      }

      at Object.log [as info] (utils/logger.js:9:21)

    console.warn
      [WARN] Commission creates/increases debt {
        driverId: 2,
        orderId: 71,
        balanceBefore: -15,
        balanceAfter: -30,
        commission: 15,
        debtAmount: 30,
        category: 'balance'
      }

      19 |     warn: (...args) => {
      20 |         if (process.env.NODE_ENV !== 'test') {
    > 21 |             console.warn('[WARN]', ...args);
         |                     ^
      22 |         }
      23 |     },
      24 |

      at Object.warn (utils/logger.js:21:21)
      at BalanceService.deductCommission (services/balanceService.ts:634:24)
      at Object.<anonymous> (tests/integration/codCommission.test.ts:396:17)

    console.log
      [INFO] Commission deducted {
        driverId: 2,
        orderId: 71,
        commission: 15,
        newBalance: -30,
        isDebt: true,
        category: 'balance'
      }

      at Object.log [as info] (utils/logger.js:9:21)

    console.warn
      [WARN] Commission creates/increases debt {
        driverId: 2,
        orderId: 72,
        balanceBefore: -30,
        balanceAfter: -45,
        commission: 15,
        debtAmount: 45,
        category: 'balance'
      }

      19 |     warn: (...args) => {
      20 |         if (process.env.NODE_ENV !== 'test') {
    > 21 |             console.warn('[WARN]', ...args);
         |                     ^
      22 |         }
      23 |     },
      24 |

      at Object.warn (utils/logger.js:21:21)
      at BalanceService.deductCommission (services/balanceService.ts:634:24)
      at Object.<anonymous> (tests/integration/codCommission.test.ts:396:17)

    console.log
      [INFO] Commission deducted {
        driverId: 2,
        orderId: 72,
        commission: 15,
        newBalance: -45,
        isDebt: true,
        category: 'balance'
      }

      at Object.log [as info] (utils/logger.js:9:21)

    console.warn
      [WARN] Commission creates/increases debt {
        driverId: 2,
        orderId: 73,
        balanceBefore: -45,
        balanceAfter: -60,
        commission: 15,
        debtAmount: 60,
        category: 'balance'
      }

      19 |     warn: (...args) => {
      20 |         if (process.env.NODE_ENV !== 'test') {
    > 21 |             console.warn('[WARN]', ...args);
         |                     ^
      22 |         }
      23 |     },
      24 |

      at Object.warn (utils/logger.js:21:21)
      at BalanceService.deductCommission (services/balanceService.ts:634:24)
      at Object.<anonymous> (tests/integration/codCommission.test.ts:396:17)

    console.log
      [INFO] Commission deducted {
        driverId: 2,
        orderId: 73,
        commission: 15,
        newBalance: -60,
        isDebt: true,
        category: 'balance'
      }

      at Object.log [as info] (utils/logger.js:9:21)

    console.warn
      [WARN] Commission creates/increases debt {
        driverId: 2,
        orderId: 74,
        balanceBefore: -60,
        balanceAfter: -75,
        commission: 15,
        debtAmount: 75,
        category: 'balance'
      }

      19 |     warn: (...args) => {
      20 |         if (process.env.NODE_ENV !== 'test') {
    > 21 |             console.warn('[WARN]', ...args);
         |                     ^
      22 |         }
      23 |     },
      24 |

      at Object.warn (utils/logger.js:21:21)
      at BalanceService.deductCommission (services/balanceService.ts:634:24)
      at Object.<anonymous> (tests/integration/codCommission.test.ts:396:17)

    console.log
      [INFO] Commission deducted {
        driverId: 2,
        orderId: 74,
        commission: 15,
        newBalance: -75,
        isDebt: true,
        category: 'balance'
      }

      at Object.log [as info] (utils/logger.js:9:21)

    console.warn
      [WARN] Commission creates/increases debt {
        driverId: 2,
        orderId: 75,
        balanceBefore: -75,
        balanceAfter: -90,
        commission: 15,
        debtAmount: 90,
        category: 'balance'
      }

      19 |     warn: (...args) => {
      20 |         if (process.env.NODE_ENV !== 'test') {
    > 21 |             console.warn('[WARN]', ...args);
         |                     ^
      22 |         }
      23 |     },
      24 |

      at Object.warn (utils/logger.js:21:21)
      at BalanceService.deductCommission (services/balanceService.ts:634:24)
      at Object.<anonymous> (tests/integration/codCommission.test.ts:396:17)

    console.log
      [INFO] Commission deducted {
        driverId: 2,
        orderId: 75,
        commission: 15,
        newBalance: -90,
        isDebt: true,
        category: 'balance'
      }

      at Object.log [as info] (utils/logger.js:9:21)

    console.warn
      [WARN] Commission creates/increases debt {
        driverId: 2,
        orderId: 76,
        balanceBefore: -90,
        balanceAfter: -105,
        commission: 15,
        debtAmount: 105,
        category: 'balance'
      }

      19 |     warn: (...args) => {
      20 |         if (process.env.NODE_ENV !== 'test') {
    > 21 |             console.warn('[WARN]', ...args);
         |                     ^
      22 |         }
      23 |     },
      24 |

      at Object.warn (utils/logger.js:21:21)
      at BalanceService.deductCommission (services/balanceService.ts:634:24)
      at Object.<anonymous> (tests/integration/codCommission.test.ts:396:17)

    console.log
      [INFO] Commission deducted {
        driverId: 2,
        orderId: 76,
        commission: 15,
        newBalance: -105,
        isDebt: true,
        category: 'balance'
      }

      at Object.log [as info] (utils/logger.js:9:21)

    console.warn
      [WARN] Commission creates/increases debt {
        driverId: 2,
        orderId: 77,
        balanceBefore: -105,
        balanceAfter: -120,
        commission: 15,
        debtAmount: 120,
        category: 'balance'
      }

      19 |     warn: (...args) => {
      20 |         if (process.env.NODE_ENV !== 'test') {
    > 21 |             console.warn('[WARN]', ...args);
         |                     ^
      22 |         }
      23 |     },
      24 |

      at Object.warn (utils/logger.js:21:21)
      at BalanceService.deductCommission (services/balanceService.ts:634:24)
      at Object.<anonymous> (tests/integration/codCommission.test.ts:396:17)

    console.log
      [INFO] Commission deducted {
        driverId: 2,
        orderId: 77,
        commission: 15,
        newBalance: -120,
        isDebt: true,
        category: 'balance'
      }

      at Object.log [as info] (utils/logger.js:9:21)

    console.warn
      [WARN] Commission creates/increases debt {
        driverId: 2,
        orderId: 78,
        balanceBefore: -120,
        balanceAfter: -135,
        commission: 15,
        debtAmount: 135,
        category: 'balance'
      }

      19 |     warn: (...args) => {
      20 |         if (process.env.NODE_ENV !== 'test') {
    > 21 |             console.warn('[WARN]', ...args);
         |                     ^
      22 |         }
      23 |     },
      24 |

      at Object.warn (utils/logger.js:21:21)
      at BalanceService.deductCommission (services/balanceService.ts:634:24)
      at Object.<anonymous> (tests/integration/codCommission.test.ts:396:17)

    console.log
      [INFO] Commission deducted {
        driverId: 2,
        orderId: 78,
        commission: 15,
        newBalance: -135,
        isDebt: true,
        category: 'balance'
      }

      at Object.log [as info] (utils/logger.js:9:21)

    console.warn
      [WARN] Commission creates/increases debt {
        driverId: 2,
        orderId: 79,
        balanceBefore: -135,
        balanceAfter: -150,
        commission: 15,
        debtAmount: 150,
        category: 'balance'
      }

      19 |     warn: (...args) => {
      20 |         if (process.env.NODE_ENV !== 'test') {
    > 21 |             console.warn('[WARN]', ...args);
         |                     ^
      22 |         }
      23 |     },
      24 |

      at Object.warn (utils/logger.js:21:21)
      at BalanceService.deductCommission (services/balanceService.ts:634:24)
      at Object.<anonymous> (tests/integration/codCommission.test.ts:396:17)

    console.log
      [INFO] Commission deducted {
        driverId: 2,
        orderId: 79,
        commission: 15,
        newBalance: -150,
        isDebt: true,
        category: 'balance'
      }

      at Object.log [as info] (utils/logger.js:9:21)

    console.warn
      [WARN] Commission creates/increases debt {
        driverId: 2,
        orderId: 80,
        balanceBefore: -150,
        balanceAfter: -165,
        commission: 15,
        debtAmount: 165,
        category: 'balance'
      }

      19 |     warn: (...args) => {
      20 |         if (process.env.NODE_ENV !== 'test') {
    > 21 |             console.warn('[WARN]', ...args);
         |                     ^
      22 |         }
      23 |     },
      24 |

      at Object.warn (utils/logger.js:21:21)
      at BalanceService.deductCommission (services/balanceService.ts:634:24)
      at Object.<anonymous> (tests/integration/codCommission.test.ts:396:17)

    console.log
      [INFO] Commission deducted {
        driverId: 2,
        orderId: 80,
        commission: 15,
        newBalance: -165,
        isDebt: true,
        category: 'balance'
      }

      at Object.log [as info] (utils/logger.js:9:21)

    console.warn
      [WARN] Commission creates/increases debt {
        driverId: 2,
        orderId: 81,
        balanceBefore: -165,
        balanceAfter: -180,
        commission: 15,
        debtAmount: 180,
        category: 'balance'
      }

      19 |     warn: (...args) => {
      20 |         if (process.env.NODE_ENV !== 'test') {
    > 21 |             console.warn('[WARN]', ...args);
         |                     ^
      22 |         }
      23 |     },
      24 |

      at Object.warn (utils/logger.js:21:21)
      at BalanceService.deductCommission (services/balanceService.ts:634:24)
      at Object.<anonymous> (tests/integration/codCommission.test.ts:396:17)

    console.log
      [INFO] Commission deducted {
        driverId: 2,
        orderId: 81,
        commission: 15,
        newBalance: -180,
        isDebt: true,
        category: 'balance'
      }

      at Object.log [as info] (utils/logger.js:9:21)

    console.warn
      [WARN] Commission creates/increases debt {
        driverId: 2,
        orderId: 82,
        balanceBefore: -180,
        balanceAfter: -195,
        commission: 15,
        debtAmount: 195,
        category: 'balance'
      }

      19 |     warn: (...args) => {
      20 |         if (process.env.NODE_ENV !== 'test') {
    > 21 |             console.warn('[WARN]', ...args);
         |                     ^
      22 |         }
      23 |     },
      24 |

      at Object.warn (utils/logger.js:21:21)
      at BalanceService.deductCommission (services/balanceService.ts:634:24)
      at Object.<anonymous> (tests/integration/codCommission.test.ts:396:17)

    console.log
      [INFO] Commission deducted {
        driverId: 2,
        orderId: 82,
        commission: 15,
        newBalance: -195,
        isDebt: true,
        category: 'balance'
      }

      at Object.log [as info] (utils/logger.js:9:21)

    console.warn
      [WARN] Commission creates/increases debt {
        driverId: 2,
        orderId: 83,
        balanceBefore: -195,
        balanceAfter: -210,
        commission: 15,
        debtAmount: 210,
        category: 'balance'
      }

      19 |     warn: (...args) => {
      20 |         if (process.env.NODE_ENV !== 'test') {
    > 21 |             console.warn('[WARN]', ...args);
         |                     ^
      22 |         }
      23 |     },
      24 |

      at Object.warn (utils/logger.js:21:21)
      at BalanceService.deductCommission (services/balanceService.ts:634:24)
      at Object.<anonymous> (tests/integration/codCommission.test.ts:396:17)

    console.log
      [INFO] Commission deducted {
        driverId: 2,
        orderId: 83,
        commission: 15,
        newBalance: -210,
        isDebt: true,
        category: 'balance'
      }

      at Object.log [as info] (utils/logger.js:9:21)

    console.warn
      [WARN] Commission creates/increases debt {
        driverId: 2,
        orderId: 84,
        balanceBefore: -210,
        balanceAfter: -225,
        commission: 15,
        debtAmount: 225,
        category: 'balance'
      }

      19 |     warn: (...args) => {
      20 |         if (process.env.NODE_ENV !== 'test') {
    > 21 |             console.warn('[WARN]', ...args);
         |                     ^
      22 |         }
      23 |     },
      24 |

      at Object.warn (utils/logger.js:21:21)
      at BalanceService.deductCommission (services/balanceService.ts:634:24)
      at Object.<anonymous> (tests/integration/codCommission.test.ts:396:17)

    console.log
      [INFO] Commission deducted {
        driverId: 2,
        orderId: 84,
        commission: 15,
        newBalance: -225,
        isDebt: true,
        category: 'balance'
      }

      at Object.log [as info] (utils/logger.js:9:21)

    console.log
      [INFO] Deposit completed {
        userId: 2,
        amount: 300,
        transactionId: 'TXN-de90a8a1-b4ef-4c4b-b8c6-cdb400d3e8d2'
      }

      at Object.log [as info] (utils/logger.js:9:21)

    console.warn
      [WARN] Commission creates/increases debt {
        driverId: 2,
        orderId: 85,
        balanceBefore: 0,
        balanceAfter: -15,
        commission: 15,
        debtAmount: 15,
        category: 'balance'
      }

      19 |     warn: (...args) => {
      20 |         if (process.env.NODE_ENV !== 'test') {
    > 21 |             console.warn('[WARN]', ...args);
         |                     ^
      22 |         }
      23 |     },
      24 |

      at Object.warn (utils/logger.js:21:21)
      at BalanceService.deductCommission (services/balanceService.ts:634:24)
      at Object.<anonymous> (tests/integration/codCommission.test.ts:432:17)

    console.log
      [INFO] Commission deducted {
        driverId: 2,
        orderId: 85,
        commission: 15,
        newBalance: -15,
        isDebt: true,
        category: 'balance'
      }

      at Object.log [as info] (utils/logger.js:9:21)

    console.warn
      [WARN] Commission creates/increases debt {
        driverId: 2,
        orderId: 86,
        balanceBefore: -15,
        balanceAfter: -30,
        commission: 15,
        debtAmount: 30,
        category: 'balance'
      }

      19 |     warn: (...args) => {
      20 |         if (process.env.NODE_ENV !== 'test') {
    > 21 |             console.warn('[WARN]', ...args);
         |                     ^
      22 |         }
      23 |     },
      24 |

      at Object.warn (utils/logger.js:21:21)
      at BalanceService.deductCommission (services/balanceService.ts:634:24)
      at Object.<anonymous> (tests/integration/codCommission.test.ts:432:17)

    console.log
      [INFO] Commission deducted {
        driverId: 2,
        orderId: 86,
        commission: 15,
        newBalance: -30,
        isDebt: true,
        category: 'balance'
      }

      at Object.log [as info] (utils/logger.js:9:21)

    console.warn
      [WARN] Commission creates/increases debt {
        driverId: 2,
        orderId: 87,
        balanceBefore: -30,
        balanceAfter: -45,
        commission: 15,
        debtAmount: 45,
        category: 'balance'
      }

      19 |     warn: (...args) => {
      20 |         if (process.env.NODE_ENV !== 'test') {
    > 21 |             console.warn('[WARN]', ...args);
         |                     ^
      22 |         }
      23 |     },
      24 |

      at Object.warn (utils/logger.js:21:21)
      at BalanceService.deductCommission (services/balanceService.ts:634:24)
      at Object.<anonymous> (tests/integration/codCommission.test.ts:432:17)

    console.log
      [INFO] Commission deducted {
        driverId: 2,
        orderId: 87,
        commission: 15,
        newBalance: -45,
        isDebt: true,
        category: 'balance'
      }

      at Object.log [as info] (utils/logger.js:9:21)

    console.warn
      [WARN] Commission creates/increases debt {
        driverId: 2,
        orderId: 88,
        balanceBefore: -45,
        balanceAfter: -60,
        commission: 15,
        debtAmount: 60,
        category: 'balance'
      }

      19 |     warn: (...args) => {
      20 |         if (process.env.NODE_ENV !== 'test') {
    > 21 |             console.warn('[WARN]', ...args);
         |                     ^
      22 |         }
      23 |     },
      24 |

      at Object.warn (utils/logger.js:21:21)
      at BalanceService.deductCommission (services/balanceService.ts:634:24)
      at Object.<anonymous> (tests/integration/codCommission.test.ts:432:17)

    console.log
      [INFO] Commission deducted {
        driverId: 2,
        orderId: 88,
        commission: 15,
        newBalance: -60,
        isDebt: true,
        category: 'balance'
      }

      at Object.log [as info] (utils/logger.js:9:21)

    console.warn
      [WARN] Commission creates/increases debt {
        driverId: 2,
        orderId: 89,
        balanceBefore: -60,
        balanceAfter: -75,
        commission: 15,
        debtAmount: 75,
        category: 'balance'
      }

      19 |     warn: (...args) => {
      20 |         if (process.env.NODE_ENV !== 'test') {
    > 21 |             console.warn('[WARN]', ...args);
         |                     ^
      22 |         }
      23 |     },
      24 |

      at Object.warn (utils/logger.js:21:21)
      at BalanceService.deductCommission (services/balanceService.ts:634:24)
      at Object.<anonymous> (tests/integration/codCommission.test.ts:432:17)

    console.log
      [INFO] Commission deducted {
        driverId: 2,
        orderId: 89,
        commission: 15,
        newBalance: -75,
        isDebt: true,
        category: 'balance'
      }

      at Object.log [as info] (utils/logger.js:9:21)

    console.warn
      [WARN] Commission creates/increases debt {
        driverId: 2,
        orderId: 90,
        balanceBefore: -75,
        balanceAfter: -90,
        commission: 15,
        debtAmount: 90,
        category: 'balance'
      }

      19 |     warn: (...args) => {
      20 |         if (process.env.NODE_ENV !== 'test') {
    > 21 |             console.warn('[WARN]', ...args);
         |                     ^
      22 |         }
      23 |     },
      24 |

      at Object.warn (utils/logger.js:21:21)
      at BalanceService.deductCommission (services/balanceService.ts:634:24)
      at Object.<anonymous> (tests/integration/codCommission.test.ts:432:17)

    console.log
      [INFO] Commission deducted {
        driverId: 2,
        orderId: 90,
        commission: 15,
        newBalance: -90,
        isDebt: true,
        category: 'balance'
      }

      at Object.log [as info] (utils/logger.js:9:21)

    console.warn
      [WARN] Commission creates/increases debt {
        driverId: 2,
        orderId: 91,
        balanceBefore: -90,
        balanceAfter: -105,
        commission: 15,
        debtAmount: 105,
        category: 'balance'
      }

      19 |     warn: (...args) => {
      20 |         if (process.env.NODE_ENV !== 'test') {
    > 21 |             console.warn('[WARN]', ...args);
         |                     ^
      22 |         }
      23 |     },
      24 |

      at Object.warn (utils/logger.js:21:21)
      at BalanceService.deductCommission (services/balanceService.ts:634:24)
      at Object.<anonymous> (tests/integration/codCommission.test.ts:432:17)

    console.log
      [INFO] Commission deducted {
        driverId: 2,
        orderId: 91,
        commission: 15,
        newBalance: -105,
        isDebt: true,
        category: 'balance'
      }

      at Object.log [as info] (utils/logger.js:9:21)

    console.log
      [INFO] Deposit completed {
        userId: 2,
        amount: 50,
        transactionId: 'TXN-fa09b16d-d1b3-43b0-8515-86a449e0d501'
      }

      at Object.log [as info] (utils/logger.js:9:21)

    console.warn
      [WARN] Commission creates/increases debt {
        driverId: 2,
        orderId: 92,
        balanceBefore: 0,
        balanceAfter: -1.5,
        commission: 1.5,
        debtAmount: 1.5,
        category: 'balance'
      }

      19 |     warn: (...args) => {
      20 |         if (process.env.NODE_ENV !== 'test') {
    > 21 |             console.warn('[WARN]', ...args);
         |                     ^
      22 |         }
      23 |     },
      24 |

      at Object.warn (utils/logger.js:21:21)
      at BalanceService.deductCommission (services/balanceService.ts:634:24)
      at Object.<anonymous> (tests/integration/codCommission.test.ts:469:13)

    console.log
      [INFO] Commission deducted {
        driverId: 2,
        orderId: 92,
        commission: 1.5,
        newBalance: -1.5,
        isDebt: true,
        category: 'balance'
      }

      at Object.log [as info] (utils/logger.js:9:21)

    console.warn
      [WARN] Commission creates/increases debt {
        driverId: 2,
        orderId: 93,
        balanceBefore: 0,
        balanceAfter: -150,
        commission: 150,
        debtAmount: 150,
        category: 'balance'
      }

      19 |     warn: (...args) => {
      20 |         if (process.env.NODE_ENV !== 'test') {
    > 21 |             console.warn('[WARN]', ...args);
         |                     ^
      22 |         }
      23 |     },
      24 |

      at Object.warn (utils/logger.js:21:21)
      at BalanceService.deductCommission (services/balanceService.ts:634:24)
      at Object.<anonymous> (tests/integration/codCommission.test.ts:487:13)

    console.log
      [INFO] Commission deducted {
        driverId: 2,
        orderId: 93,
        commission: 150,
        newBalance: -150,
        isDebt: true,
        category: 'balance'
      }

      at Object.log [as info] (utils/logger.js:9:21)

    console.log
      [INFO] Deposit completed {
        userId: 2,
        amount: 100,
        transactionId: 'TXN-51164a82-93f4-4a86-bd40-82ddd2ceb322'
      }

      at Object.log [as info] (utils/logger.js:9:21)

    console.log
      [INFO] Commission deducted {
        driverId: 2,
        orderId: 94,
        commission: 15,
        newBalance: 85,
        isDebt: false,
        category: 'balance'
      }

      at Object.log [as info] (utils/logger.js:9:21)

    console.log
      [INFO] Commission deducted {
        driverId: 2,
        orderId: 95,
        commission: 15,
        newBalance: 70,
        isDebt: false,
        category: 'balance'
      }

      at Object.log [as info] (utils/logger.js:9:21)

    console.log
      [INFO] Deposit completed {
        userId: 2,
        amount: 50,
        transactionId: 'TXN-454dedb5-20af-4225-aa10-37b65d0dcd54'
      }

      at Object.log [as info] (utils/logger.js:9:21)

    console.log
      [INFO] Commission deducted {
        driverId: 2,
        orderId: 96,
        commission: 12,
        newBalance: 38,
        isDebt: false,
        category: 'balance'
      }

      at Object.log [as info] (utils/logger.js:9:21)

    console.log
      [INFO] Commission deducted {
        driverId: 2,
        orderId: 97,
        commission: 18,
        newBalance: 20,
        isDebt: false,
        category: 'balance'
      }

      at Object.log [as info] (utils/logger.js:9:21)

    console.log
      [INFO] Commission deducted {
        driverId: 2,
        orderId: 98,
        commission: 14.25,
        newBalance: 5.75,
        isDebt: false,
        category: 'balance'
      }

      at Object.log [as info] (utils/logger.js:9:21)

    console.warn
      [WARN] Commission creates/increases debt {
        driverId: 2,
        orderId: 99,
        balanceBefore: 5.75,
        balanceAfter: -16.75,
        commission: 22.5,
        debtAmount: 16.75,
        category: 'balance'
      }

      19 |     warn: (...args) => {
      20 |         if (process.env.NODE_ENV !== 'test') {
    > 21 |             console.warn('[WARN]', ...args);
         |                     ^
      22 |         }
      23 |     },
      24 |

      at Object.warn (utils/logger.js:21:21)
      at BalanceService.deductCommission (services/balanceService.ts:634:24)
      at Object.<anonymous> (tests/integration/codCommission.test.ts:553:17)

    console.log
      [INFO] Commission deducted {
        driverId: 2,
        orderId: 99,
        commission: 22.5,
        newBalance: -16.75,
        isDebt: true,
        category: 'balance'
      }

      at Object.log [as info] (utils/logger.js:9:21)

    console.warn
      [WARN] Commission creates/increases debt {
        driverId: 2,
        orderId: 100,
        balanceBefore: -16.75,
        balanceAfter: -28,
        commission: 11.25,
        debtAmount: 28,
        category: 'balance'
      }

      19 |     warn: (...args) => {
      20 |         if (process.env.NODE_ENV !== 'test') {
    > 21 |             console.warn('[WARN]', ...args);
         |                     ^
      22 |         }
      23 |     },
      24 |

      at Object.warn (utils/logger.js:21:21)
      at BalanceService.deductCommission (services/balanceService.ts:634:24)
      at Object.<anonymous> (tests/integration/codCommission.test.ts:553:17)

    console.log
      [INFO] Commission deducted {
        driverId: 2,
        orderId: 100,
        commission: 11.25,
        newBalance: -28,
        isDebt: true,
        category: 'balance'
      }

      at Object.log [as info] (utils/logger.js:9:21)

    console.warn
      [WARN] Commission creates/increases debt {
        driverId: 2,
        orderId: 101,
        balanceBefore: -28,
        balanceAfter: -44.5,
        commission: 16.5,
        debtAmount: 44.5,
        category: 'balance'
      }

      19 |     warn: (...args) => {
      20 |         if (process.env.NODE_ENV !== 'test') {
    > 21 |             console.warn('[WARN]', ...args);
         |                     ^
      22 |         }
      23 |     },
      24 |

      at Object.warn (utils/logger.js:21:21)
      at BalanceService.deductCommission (services/balanceService.ts:634:24)
      at Object.<anonymous> (tests/integration/codCommission.test.ts:553:17)

    console.log
      [INFO] Commission deducted {
        driverId: 2,
        orderId: 101,
        commission: 16.5,
        newBalance: -44.5,
        isDebt: true,
        category: 'balance'
      }

      at Object.log [as info] (utils/logger.js:9:21)

    console.warn
      [WARN] Commission creates/increases debt {
        driverId: 2,
        orderId: 102,
        balanceBefore: -44.5,
        balanceAfter: -57.25,
        commission: 12.75,
        debtAmount: 57.25,
        category: 'balance'
      }

      19 |     warn: (...args) => {
      20 |         if (process.env.NODE_ENV !== 'test') {
    > 21 |             console.warn('[WARN]', ...args);
         |                     ^
      22 |         }
      23 |     },
      24 |

      at Object.warn (utils/logger.js:21:21)
      at BalanceService.deductCommission (services/balanceService.ts:634:24)
      at Object.<anonymous> (tests/integration/codCommission.test.ts:553:17)

    console.log
      [INFO] Commission deducted {
        driverId: 2,
        orderId: 102,
        commission: 12.75,
        newBalance: -57.25,
        isDebt: true,
        category: 'balance'
      }

      at Object.log [as info] (utils/logger.js:9:21)

    console.warn
      [WARN] Commission creates/increases debt {
        driverId: 2,
        orderId: 103,
        balanceBefore: -57.25,
        balanceAfter: -76.75,
        commission: 19.5,
        debtAmount: 76.75,
        category: 'balance'
      }

      19 |     warn: (...args) => {
      20 |         if (process.env.NODE_ENV !== 'test') {
    > 21 |             console.warn('[WARN]', ...args);
         |                     ^
      22 |         }
      23 |     },
      24 |

      at Object.warn (utils/logger.js:21:21)
      at BalanceService.deductCommission (services/balanceService.ts:634:24)
      at Object.<anonymous> (tests/integration/codCommission.test.ts:553:17)

    console.log
      [INFO] Commission deducted {
        driverId: 2,
        orderId: 103,
        commission: 19.5,
        newBalance: -76.75,
        isDebt: true,
        category: 'balance'
      }

      at Object.log [as info] (utils/logger.js:9:21)

    console.warn
      [WARN] Commission creates/increases debt {
        driverId: 2,
        orderId: 104,
        balanceBefore: -76.75,
        balanceAfter: -90.25,
        commission: 13.5,
        debtAmount: 90.25,
        category: 'balance'
      }

      19 |     warn: (...args) => {
      20 |         if (process.env.NODE_ENV !== 'test') {
    > 21 |             console.warn('[WARN]', ...args);
         |                     ^
      22 |         }
      23 |     },
      24 |

      at Object.warn (utils/logger.js:21:21)
      at BalanceService.deductCommission (services/balanceService.ts:634:24)
      at Object.<anonymous> (tests/integration/codCommission.test.ts:553:17)

    console.log
      [INFO] Commission deducted {
        driverId: 2,
        orderId: 104,
        commission: 13.5,
        newBalance: -90.25,
        isDebt: true,
        category: 'balance'
      }

      at Object.log [as info] (utils/logger.js:9:21)

    console.warn
      [WARN] Commission creates/increases debt {
        driverId: 2,
        orderId: 105,
        balanceBefore: -90.25,
        balanceAfter: -105.25,
        commission: 15,
        debtAmount: 105.25,
        category: 'balance'
      }

      19 |     warn: (...args) => {
      20 |         if (process.env.NODE_ENV !== 'test') {
    > 21 |             console.warn('[WARN]', ...args);
         |                     ^
      22 |         }
      23 |     },
      24 |

      at Object.warn (utils/logger.js:21:21)
      at BalanceService.deductCommission (services/balanceService.ts:634:24)
      at Object.<anonymous> (tests/integration/codCommission.test.ts:553:17)

    console.log
      [INFO] Commission deducted {
        driverId: 2,
        orderId: 105,
        commission: 15,
        newBalance: -105.25,
        isDebt: true,
        category: 'balance'
      }

      at Object.log [as info] (utils/logger.js:9:21)

    console.warn
      [WARN] Commission creates/increases debt {
        driverId: 2,
        orderId: 106,
        balanceBefore: 0,
        balanceAfter: -15,
        commission: 15,
        debtAmount: 15,
        category: 'balance'
      }

      19 |     warn: (...args) => {
      20 |         if (process.env.NODE_ENV !== 'test') {
    > 21 |             console.warn('[WARN]', ...args);
         |                     ^
      22 |         }
      23 |     },
      24 |

      at Object.warn (utils/logger.js:21:21)
      at BalanceService.deductCommission (services/balanceService.ts:634:24)
      at Object.<anonymous> (tests/integration/codCommission.test.ts:576:17)

    console.log
      [INFO] Commission deducted {
        driverId: 2,
        orderId: 106,
        commission: 15,
        newBalance: -15,
        isDebt: true,
        category: 'balance'
      }

      at Object.log [as info] (utils/logger.js:9:21)

    console.warn
      [WARN] Commission creates/increases debt {
        driverId: 2,
        orderId: 107,
        balanceBefore: -15,
        balanceAfter: -30,
        commission: 15,
        debtAmount: 30,
        category: 'balance'
      }

      19 |     warn: (...args) => {
      20 |         if (process.env.NODE_ENV !== 'test') {
    > 21 |             console.warn('[WARN]', ...args);
         |                     ^
      22 |         }
      23 |     },
      24 |

      at Object.warn (utils/logger.js:21:21)
      at BalanceService.deductCommission (services/balanceService.ts:634:24)
      at Object.<anonymous> (tests/integration/codCommission.test.ts:576:17)

    console.log
      [INFO] Commission deducted {
        driverId: 2,
        orderId: 107,
        commission: 15,
        newBalance: -30,
        isDebt: true,
        category: 'balance'
      }

      at Object.log [as info] (utils/logger.js:9:21)

    console.warn
      [WARN] Commission creates/increases debt {
        driverId: 2,
        orderId: 108,
        balanceBefore: -30,
        balanceAfter: -45,
        commission: 15,
        debtAmount: 45,
        category: 'balance'
      }

      19 |     warn: (...args) => {
      20 |         if (process.env.NODE_ENV !== 'test') {
    > 21 |             console.warn('[WARN]', ...args);
         |                     ^
      22 |         }
      23 |     },
      24 |

      at Object.warn (utils/logger.js:21:21)
      at BalanceService.deductCommission (services/balanceService.ts:634:24)
      at Object.<anonymous> (tests/integration/codCommission.test.ts:576:17)

    console.log
      [INFO] Commission deducted {
        driverId: 2,
        orderId: 108,
        commission: 15,
        newBalance: -45,
        isDebt: true,
        category: 'balance'
      }

      at Object.log [as info] (utils/logger.js:9:21)

    console.warn
      [WARN] Commission creates/increases debt {
        driverId: 2,
        orderId: 109,
        balanceBefore: -45,
        balanceAfter: -60,
        commission: 15,
        debtAmount: 60,
        category: 'balance'
      }

      19 |     warn: (...args) => {
      20 |         if (process.env.NODE_ENV !== 'test') {
    > 21 |             console.warn('[WARN]', ...args);
         |                     ^
      22 |         }
      23 |     },
      24 |

      at Object.warn (utils/logger.js:21:21)
      at BalanceService.deductCommission (services/balanceService.ts:634:24)
      at Object.<anonymous> (tests/integration/codCommission.test.ts:576:17)

    console.log
      [INFO] Commission deducted {
        driverId: 2,
        orderId: 109,
        commission: 15,
        newBalance: -60,
        isDebt: true,
        category: 'balance'
      }

      at Object.log [as info] (utils/logger.js:9:21)

    console.warn
      [WARN] Commission creates/increases debt {
        driverId: 2,
        orderId: 110,
        balanceBefore: -60,
        balanceAfter: -75,
        commission: 15,
        debtAmount: 75,
        category: 'balance'
      }

      19 |     warn: (...args) => {
      20 |         if (process.env.NODE_ENV !== 'test') {
    > 21 |             console.warn('[WARN]', ...args);
         |                     ^
      22 |         }
      23 |     },
      24 |

      at Object.warn (utils/logger.js:21:21)
      at BalanceService.deductCommission (services/balanceService.ts:634:24)
      at Object.<anonymous> (tests/integration/codCommission.test.ts:576:17)

    console.log
      [INFO] Commission deducted {
        driverId: 2,
        orderId: 110,
        commission: 15,
        newBalance: -75,
        isDebt: true,
        category: 'balance'
      }

      at Object.log [as info] (utils/logger.js:9:21)

    console.warn
      [WARN] Commission creates/increases debt {
        driverId: 2,
        orderId: 111,
        balanceBefore: -75,
        balanceAfter: -90,
        commission: 15,
        debtAmount: 90,
        category: 'balance'
      }

      19 |     warn: (...args) => {
      20 |         if (process.env.NODE_ENV !== 'test') {
    > 21 |             console.warn('[WARN]', ...args);
         |                     ^
      22 |         }
      23 |     },
      24 |

      at Object.warn (utils/logger.js:21:21)
      at BalanceService.deductCommission (services/balanceService.ts:634:24)
      at Object.<anonymous> (tests/integration/codCommission.test.ts:576:17)

    console.log
      [INFO] Commission deducted {
        driverId: 2,
        orderId: 111,
        commission: 15,
        newBalance: -90,
        isDebt: true,
        category: 'balance'
      }

      at Object.log [as info] (utils/logger.js:9:21)

    console.warn
      [WARN] Commission creates/increases debt {
        driverId: 2,
        orderId: 112,
        balanceBefore: -90,
        balanceAfter: -105,
        commission: 15,
        debtAmount: 105,
        category: 'balance'
      }

      19 |     warn: (...args) => {
      20 |         if (process.env.NODE_ENV !== 'test') {
    > 21 |             console.warn('[WARN]', ...args);
         |                     ^
      22 |         }
      23 |     },
      24 |

      at Object.warn (utils/logger.js:21:21)
      at BalanceService.deductCommission (services/balanceService.ts:634:24)
      at Object.<anonymous> (tests/integration/codCommission.test.ts:576:17)

    console.log
      [INFO] Commission deducted {
        driverId: 2,
        orderId: 112,
        commission: 15,
        newBalance: -105,
        isDebt: true,
        category: 'balance'
      }

      at Object.log [as info] (utils/logger.js:9:21)

    console.warn
      [WARN] Commission creates/increases debt {
        driverId: 2,
        orderId: 113,
        balanceBefore: -105,
        balanceAfter: -120,
        commission: 15,
        debtAmount: 120,
        category: 'balance'
      }

      19 |     warn: (...args) => {
      20 |         if (process.env.NODE_ENV !== 'test') {
    > 21 |             console.warn('[WARN]', ...args);
         |                     ^
      22 |         }
      23 |     },
      24 |

      at Object.warn (utils/logger.js:21:21)
      at BalanceService.deductCommission (services/balanceService.ts:634:24)
      at Object.<anonymous> (tests/integration/codCommission.test.ts:576:17)

    console.log
      [INFO] Commission deducted {
        driverId: 2,
        orderId: 113,
        commission: 15,
        newBalance: -120,
        isDebt: true,
        category: 'balance'
      }

      at Object.log [as info] (utils/logger.js:9:21)

    console.warn
      [WARN] Commission creates/increases debt {
        driverId: 2,
        orderId: 114,
        balanceBefore: -120,
        balanceAfter: -135,
        commission: 15,
        debtAmount: 135,
        category: 'balance'
      }

      19 |     warn: (...args) => {
      20 |         if (process.env.NODE_ENV !== 'test') {
    > 21 |             console.warn('[WARN]', ...args);
         |                     ^
      22 |         }
      23 |     },
      24 |

      at Object.warn (utils/logger.js:21:21)
      at BalanceService.deductCommission (services/balanceService.ts:634:24)
      at Object.<anonymous> (tests/integration/codCommission.test.ts:576:17)

    console.log
      [INFO] Commission deducted {
        driverId: 2,
        orderId: 114,
        commission: 15,
        newBalance: -135,
        isDebt: true,
        category: 'balance'
      }

      at Object.log [as info] (utils/logger.js:9:21)

    console.warn
      [WARN] Commission creates/increases debt {
        driverId: 2,
        orderId: 115,
        balanceBefore: -135,
        balanceAfter: -150,
        commission: 15,
        debtAmount: 150,
        category: 'balance'
      }

      19 |     warn: (...args) => {
      20 |         if (process.env.NODE_ENV !== 'test') {
    > 21 |             console.warn('[WARN]', ...args);
         |                     ^
      22 |         }
      23 |     },
      24 |

      at Object.warn (utils/logger.js:21:21)
      at BalanceService.deductCommission (services/balanceService.ts:634:24)
      at Object.<anonymous> (tests/integration/codCommission.test.ts:576:17)

    console.log
      [INFO] Commission deducted {
        driverId: 2,
        orderId: 115,
        commission: 15,
        newBalance: -150,
        isDebt: true,
        category: 'balance'
      }

      at Object.log [as info] (utils/logger.js:9:21)

    console.warn
      [WARN] Commission creates/increases debt {
        driverId: 2,
        orderId: 116,
        balanceBefore: -150,
        balanceAfter: -165,
        commission: 15,
        debtAmount: 165,
        category: 'balance'
      }

      19 |     warn: (...args) => {
      20 |         if (process.env.NODE_ENV !== 'test') {
    > 21 |             console.warn('[WARN]', ...args);
         |                     ^
      22 |         }
      23 |     },
      24 |

      at Object.warn (utils/logger.js:21:21)
      at BalanceService.deductCommission (services/balanceService.ts:634:24)
      at Object.<anonymous> (tests/integration/codCommission.test.ts:576:17)

    console.log
      [INFO] Commission deducted {
        driverId: 2,
        orderId: 116,
        commission: 15,
        newBalance: -165,
        isDebt: true,
        category: 'balance'
      }

      at Object.log [as info] (utils/logger.js:9:21)

    console.warn
      [WARN] Commission creates/increases debt {
        driverId: 2,
        orderId: 117,
        balanceBefore: -165,
        balanceAfter: -180,
        commission: 15,
        debtAmount: 180,
        category: 'balance'
      }

      19 |     warn: (...args) => {
      20 |         if (process.env.NODE_ENV !== 'test') {
    > 21 |             console.warn('[WARN]', ...args);
         |                     ^
      22 |         }
      23 |     },
      24 |

      at Object.warn (utils/logger.js:21:21)
      at BalanceService.deductCommission (services/balanceService.ts:634:24)
      at Object.<anonymous> (tests/integration/codCommission.test.ts:576:17)

    console.log
      [INFO] Commission deducted {
        driverId: 2,
        orderId: 117,
        commission: 15,
        newBalance: -180,
        isDebt: true,
        category: 'balance'
      }

      at Object.log [as info] (utils/logger.js:9:21)

    console.warn
      [WARN] Commission creates/increases debt {
        driverId: 2,
        orderId: 118,
        balanceBefore: -180,
        balanceAfter: -195,
        commission: 15,
        debtAmount: 195,
        category: 'balance'
      }

      19 |     warn: (...args) => {
      20 |         if (process.env.NODE_ENV !== 'test') {
    > 21 |             console.warn('[WARN]', ...args);
         |                     ^
      22 |         }
      23 |     },
      24 |

      at Object.warn (utils/logger.js:21:21)
      at BalanceService.deductCommission (services/balanceService.ts:634:24)
      at Object.<anonymous> (tests/integration/codCommission.test.ts:576:17)

    console.log
      [INFO] Commission deducted {
        driverId: 2,
        orderId: 118,
        commission: 15,
        newBalance: -195,
        isDebt: true,
        category: 'balance'
      }

      at Object.log [as info] (utils/logger.js:9:21)

    console.warn
      [WARN] Commission creates/increases debt {
        driverId: 2,
        orderId: 119,
        balanceBefore: -195,
        balanceAfter: -210,
        commission: 15,
        debtAmount: 210,
        category: 'balance'
      }

      19 |     warn: (...args) => {
      20 |         if (process.env.NODE_ENV !== 'test') {
    > 21 |             console.warn('[WARN]', ...args);
         |                     ^
      22 |         }
      23 |     },
      24 |

      at Object.warn (utils/logger.js:21:21)
      at BalanceService.deductCommission (services/balanceService.ts:634:24)
      at Object.<anonymous> (tests/integration/codCommission.test.ts:576:17)

    console.log
      [INFO] Commission deducted {
        driverId: 2,
        orderId: 119,
        commission: 15,
        newBalance: -210,
        isDebt: true,
        category: 'balance'
      }

      at Object.log [as info] (utils/logger.js:9:21)

    console.log
      [INFO] Deposit completed {
        userId: 2,
        amount: 250,
        transactionId: 'TXN-9343c3d4-1012-42c5-9678-c1dc148eae32'
      }

      at Object.log [as info] (utils/logger.js:9:21)

    console.log
      [INFO] Commission deducted {
        driverId: 2,
        orderId: 120,
        commission: 15,
        newBalance: 25,
        isDebt: false,
        category: 'balance'
      }

      at Object.log [as info] (utils/logger.js:9:21)

    console.log
      [INFO] Commission deducted {
        driverId: 2,
        orderId: 121,
        commission: 15,
        newBalance: 10,
        isDebt: false,
        category: 'balance'
      }

      at Object.log [as info] (utils/logger.js:9:21)

    console.warn
      [WARN] Commission creates/increases debt {
        driverId: 2,
        orderId: 122,
        balanceBefore: 10,
        balanceAfter: -5,
        commission: 15,
        debtAmount: 5,
        category: 'balance'
      }

      19 |     warn: (...args) => {
      20 |         if (process.env.NODE_ENV !== 'test') {
    > 21 |             console.warn('[WARN]', ...args);
         |                     ^
      22 |         }
      23 |     },
      24 |

      at Object.warn (utils/logger.js:21:21)
      at BalanceService.deductCommission (services/balanceService.ts:634:24)
      at Object.<anonymous> (tests/integration/codCommission.test.ts:605:17)

    console.log
      [INFO] Commission deducted {
        driverId: 2,
        orderId: 122,
        commission: 15,
        newBalance: -5,
        isDebt: true,
        category: 'balance'
      }

      at Object.log [as info] (utils/logger.js:9:21)

PASS tests/integration/admin/users.test.js
  ΓùÅ Console

    console.log
      [dotenv@17.2.3] injecting env (32) from .env.testing -- tip: ΓÜÖ∩╕Å  write to custom object with { processEnv: myObject }

      at _log (node_modules/dotenv/lib/main.js:142:11)

    console.log
      2025-12-21 21:03:54 [info]: ≡ƒöº Environment Configuration:

      at Console.log (node_modules/winston/lib/winston/transports/console.js:87:23)

    console.log
      2025-12-21 21:03:54 [info]:    NODE_ENV: testing

      at Console.log (node_modules/winston/lib/winston/transports/console.js:87:23)

    console.log
      2025-12-21 21:03:54 [info]:    IS_TEST: true

      at Console.log (node_modules/winston/lib/winston/transports/console.js:87:23)

    console.log
      2025-12-21 21:03:54 [info]:    DB_HOST: localhost

      at Console.log (node_modules/winston/lib/winston/transports/console.js:87:23)

    console.log
      2025-12-21 21:03:54 [info]:    DB_PORT: 5432

      at Console.log (node_modules/winston/lib/winston/transports/console.js:87:23)

    console.log
      2025-12-21 21:03:54 [info]:    DB_USER: postgres

      at Console.log (node_modules/winston/lib/winston/transports/console.js:87:23)

    console.log
      2025-12-21 21:03:54 [info]:    DB_NAME: matrix_delivery_test

      at Console.log (node_modules/winston/lib/winston/transports/console.js:87:23)

    console.log
      2025-12-21 21:03:54 [info]:    DB_NAME_TEST: matrix_delivery_test

      at Console.log (node_modules/winston/lib/winston/transports/console.js:87:23)

    console.log
      2025-12-21 21:03:54 [info]: ≡ƒöî Connecting to database: matrix_delivery_test (Test Mode: true)

      at Console.log (node_modules/winston/lib/winston/transports/console.js:87:23)

    console.log
      [dotenv@17.2.3] injecting env (0) from .env.testing -- tip: ≡ƒôí add observability to secrets: https://dotenvx.com/ops

      at _log (node_modules/dotenv/lib/main.js:142:11)

    console.log
      Γ£à Loaded .env.testing for testing

      at Object.log (server.js:11:11)

    console.log
      2025-12-21 21:03:55 [info]: ≡ƒöº Environment loaded for: testing

      at Console.log (node_modules/winston/lib/winston/transports/console.js:87:23)

    console.log
      Γ£à Security configuration validated

      at validateSecurityConfig (middleware/security.ts:188:13)

    console.log
      [dotenv@17.2.3] injecting env (8) from .env -- tip: ΓÜÖ∩╕Å  load multiple .env files with { path: ['.env.local', '.env'] }

      at console.log (node_modules/@sentry/core/src/instrument/console.ts:39:14)

    console.log
      2025-12-21 21:03:56 [http]: REQUEST: GET /api/admin/users?page=1&limit=20
      {
        "method": "GET",
        "url": "/api/admin/users?page=1&limit=20",
        "ip": "::ffff:127.0.0.1",
        "category": "http"
      }

      at Console.log (node_modules/winston/lib/winston/transports/console.js:87:23)

    console.log
      2025-12-21 21:03:56 [http]: HTTP_REQUEST
      {
        "method": "::ffff:127.0.0.1",
        "url": "-",
        "status": null,
        "responseTime": "[21/Dec/2025:19:03:56",
        "ip": "/api/admin/users?page=1&limit=20",
        "userAgent": "200",
        "category": "http"
      }

      at Console.log (node_modules/winston/lib/winston/transports/console.js:87:23)

    console.log
      2025-12-21 21:03:56 [http]: RESPONSE: GET /api/admin/users?page=1&limit=20 200
      {
        "method": "GET",
        "url": "/api/admin/users?page=1&limit=20",
        "statusCode": 200,
        "duration": "9ms",
        "ip": "::ffff:127.0.0.1",
        "category": "http"
      }

      at Console.log (node_modules/winston/lib/winston/transports/console.js:87:23)

    console.log
      2025-12-21 21:03:56 [http]: REQUEST: GET /api/admin/users?search=John
      {
        "method": "GET",
        "url": "/api/admin/users?search=John",
        "ip": "::ffff:127.0.0.1",
        "category": "http"
      }

      at Console.log (node_modules/winston/lib/winston/transports/console.js:87:23)

    console.log
      2025-12-21 21:03:56 [http]: HTTP_REQUEST
      {
        "method": "::ffff:127.0.0.1",
        "url": "-",
        "status": null,
        "responseTime": "[21/Dec/2025:19:03:56",
        "ip": "/api/admin/users?search=John",
        "userAgent": "200",
        "category": "http"
      }

      at Console.log (node_modules/winston/lib/winston/transports/console.js:87:23)

    console.log
      2025-12-21 21:03:56 [http]: RESPONSE: GET /api/admin/users?search=John 200
      {
        "method": "GET",
        "url": "/api/admin/users?search=John",
        "statusCode": 200,
        "duration": "8ms",
        "ip": "::ffff:127.0.0.1",
        "category": "http"
      }

      at Console.log (node_modules/winston/lib/winston/transports/console.js:87:23)

    console.log
      2025-12-21 21:03:56 [http]: REQUEST: GET /api/admin/users?role=driver
      {
        "method": "GET",
        "url": "/api/admin/users?role=driver",
        "ip": "::ffff:127.0.0.1",
        "category": "http"
      }

      at Console.log (node_modules/winston/lib/winston/transports/console.js:87:23)

    console.log
      2025-12-21 21:03:56 [http]: HTTP_REQUEST
      {
        "method": "::ffff:127.0.0.1",
        "url": "-",
        "status": null,
        "responseTime": "[21/Dec/2025:19:03:56",
        "ip": "/api/admin/users?role=driver",
        "userAgent": "200",
        "category": "http"
      }

      at Console.log (node_modules/winston/lib/winston/transports/console.js:87:23)

    console.log
      2025-12-21 21:03:56 [http]: RESPONSE: GET /api/admin/users?role=driver 200
      {
        "method": "GET",
        "url": "/api/admin/users?role=driver",
        "statusCode": 200,
        "duration": "13ms",
        "ip": "::ffff:127.0.0.1",
        "category": "http"
      }

      at Console.log (node_modules/winston/lib/winston/transports/console.js:87:23)

    console.log
      2025-12-21 21:03:56 [http]: REQUEST: POST /api/admin/users/user-123/verify
      {
        "method": "POST",
        "url": "/api/admin/users/user-123/verify",
        "ip": "::ffff:127.0.0.1",
        "category": "http"
      }

      at Console.log (node_modules/winston/lib/winston/transports/console.js:87:23)

    console.log
      Γ£à Admin Admin User verified user: test@example.com

      at console.log (node_modules/@sentry/core/src/instrument/console.ts:39:14)

    console.log
      2025-12-21 21:03:56 [http]: HTTP_REQUEST
      {
        "method": "::ffff:127.0.0.1",
        "url": "-",
        "status": null,
        "responseTime": "[21/Dec/2025:19:03:56",
        "ip": "/api/admin/users/user-123/verify",
        "userAgent": "200",
        "category": "http"
      }

      at Console.log (node_modules/winston/lib/winston/transports/console.js:87:23)

    console.log
      2025-12-21 21:03:56 [http]: RESPONSE: POST /api/admin/users/user-123/verify 200
      {
        "method": "POST",
        "url": "/api/admin/users/user-123/verify",
        "statusCode": 200,
        "duration": "12ms",
        "ip": "::ffff:127.0.0.1",
        "category": "http"
      }

      at Console.log (node_modules/winston/lib/winston/transports/console.js:87:23)

    console.log
      2025-12-21 21:03:56 [http]: REQUEST: POST /api/admin/users/user-456/suspend
      {
        "method": "POST",
        "url": "/api/admin/users/user-456/suspend",
        "ip": "::ffff:127.0.0.1",
        "category": "http"
      }

      at Console.log (node_modules/winston/lib/winston/transports/console.js:87:23)

    console.log
      ΓÜá∩╕Å Admin Admin User suspended user: bad@example.com

      at console.log (node_modules/@sentry/core/src/instrument/console.ts:39:14)

    console.log
      2025-12-21 21:03:56 [http]: HTTP_REQUEST
      {
        "method": "::ffff:127.0.0.1",
        "url": "-",
        "status": null,
        "responseTime": "[21/Dec/2025:19:03:56",
        "ip": "/api/admin/users/user-456/suspend",
        "userAgent": "200",
        "category": "http"
      }

      at Console.log (node_modules/winston/lib/winston/transports/console.js:87:23)

    console.log
      2025-12-21 21:03:56 [http]: RESPONSE: POST /api/admin/users/user-456/suspend 200
      {
        "method": "POST",
        "url": "/api/admin/users/user-456/suspend",
        "statusCode": 200,
        "duration": "6ms",
        "ip": "::ffff:127.0.0.1",
        "category": "http"
      }

      at Console.log (node_modules/winston/lib/winston/transports/console.js:87:23)

    console.log
      2025-12-21 21:03:56 [http]: REQUEST: DELETE /api/admin/users/user-789
      {
        "method": "DELETE",
        "url": "/api/admin/users/user-789",
        "ip": "::ffff:127.0.0.1",
        "category": "http"
      }

      at Console.log (node_modules/winston/lib/winston/transports/console.js:87:23)

    console.log
      ≡ƒùæ∩╕Å Admin Admin User deleted user: inactive@example.com

      at console.log (node_modules/@sentry/core/src/instrument/console.ts:39:14)

    console.log
      2025-12-21 21:03:56 [http]: HTTP_REQUEST
      {
        "method": "::ffff:127.0.0.1",
        "url": "-",
        "status": null,
        "responseTime": "[21/Dec/2025:19:03:56",
        "ip": "/api/admin/users/user-789",
        "userAgent": "200",
        "category": "http"
      }

      at Console.log (node_modules/winston/lib/winston/transports/console.js:87:23)

    console.log
      2025-12-21 21:03:56 [http]: RESPONSE: DELETE /api/admin/users/user-789 200
      {
        "method": "DELETE",
        "url": "/api/admin/users/user-789",
        "statusCode": 200,
        "duration": "7ms",
        "ip": "::ffff:127.0.0.1",
        "category": "http"
      }

      at Console.log (node_modules/winston/lib/winston/transports/console.js:87:23)

    console.log
      2025-12-21 21:03:56 [http]: REQUEST: DELETE /api/admin/users/user-999
      {
        "method": "DELETE",
        "url": "/api/admin/users/user-999",
        "ip": "::ffff:127.0.0.1",
        "category": "http"
      }

      at Console.log (node_modules/winston/lib/winston/transports/console.js:87:23)

    console.log
      2025-12-21 21:03:56 [http]: HTTP_REQUEST
      {
        "method": "::ffff:127.0.0.1",
        "url": "-",
        "status": null,
        "responseTime": "[21/Dec/2025:19:03:56",
        "ip": "/api/admin/users/user-999",
        "userAgent": "400",
        "category": "http"
      }

      at Console.log (node_modules/winston/lib/winston/transports/console.js:87:23)

    console.log
      2025-12-21 21:03:56 [warn]: RESPONSE: DELETE /api/admin/users/user-999 400
      {
        "method": "DELETE",
        "url": "/api/admin/users/user-999",
        "statusCode": 400,
        "duration": "6ms",
        "ip": "::ffff:127.0.0.1",
        "category": "http"
      }

      at Console.log (node_modules/winston/lib/winston/transports/console.js:87:23)

PASS tests/integration/health/health.test.js
  ΓùÅ Console

    console.log
      [dotenv@17.2.3] injecting env (32) from .env.testing -- tip: ≡ƒöÉ encrypt with Dotenvx: https://dotenvx.com

      at _log (node_modules/dotenv/lib/main.js:142:11)

PASS tests/integration/auth/login.test.js
  ΓùÅ Console

    console.log
      [dotenv@17.2.3] injecting env (32) from .env.testing -- tip: ΓÜÖ∩╕Å  load multiple .env files with { path: ['.env.local', '.env'] }

      at _log (node_modules/dotenv/lib/main.js:142:11)

    console.log
      2025-12-21 21:03:57 [info]: ≡ƒöº Environment Configuration:

      at Console.log (node_modules/winston/lib/winston/transports/console.js:87:23)

    console.log
      2025-12-21 21:03:58 [info]:    NODE_ENV: testing

      at Console.log (node_modules/winston/lib/winston/transports/console.js:87:23)

    console.log
      2025-12-21 21:03:58 [info]:    IS_TEST: true

      at Console.log (node_modules/winston/lib/winston/transports/console.js:87:23)

    console.log
      2025-12-21 21:03:58 [info]:    DB_HOST: localhost

      at Console.log (node_modules/winston/lib/winston/transports/console.js:87:23)

    console.log
      2025-12-21 21:03:58 [info]:    DB_PORT: 5432

      at Console.log (node_modules/winston/lib/winston/transports/console.js:87:23)

    console.log
      2025-12-21 21:03:58 [info]:    DB_USER: postgres

      at Console.log (node_modules/winston/lib/winston/transports/console.js:87:23)

    console.log
      2025-12-21 21:03:58 [info]:    DB_NAME: matrix_delivery_test

      at Console.log (node_modules/winston/lib/winston/transports/console.js:87:23)

    console.log
      2025-12-21 21:03:58 [info]:    DB_NAME_TEST: matrix_delivery_test

      at Console.log (node_modules/winston/lib/winston/transports/console.js:87:23)

    console.log
      2025-12-21 21:03:58 [info]: ≡ƒöî Connecting to database: matrix_delivery_test (Test Mode: true)

      at Console.log (node_modules/winston/lib/winston/transports/console.js:87:23)

    console.log
      [dotenv@17.2.3] injecting env (8) from .env -- tip: ≡ƒöÉ encrypt with Dotenvx: https://dotenvx.com

      at _log (node_modules/dotenv/lib/main.js:142:11)

    console.log
      2025-12-21 21:03:58 [info]: AUTH: Login attempt
      {
        "ip": "::ffff:127.0.0.1",
        "category": "authentication"
      }

      at Console.log (node_modules/winston/lib/winston/transports/console.js:87:23)

    console.log
      2025-12-21 21:03:58 [info]: AUTH: User logged in successfully
      {
        "userId": "user-123",
        "email": "john@example.com",
        "category": "authentication"
      }

      at Console.log (node_modules/winston/lib/winston/transports/console.js:87:23)

    console.log
      2025-12-21 21:03:58 [info]: PERF: Login completed
      {
        "userId": "user-123",
        "duration": "6ms",
        "category": "performance"
      }

      at Console.log (node_modules/winston/lib/winston/transports/console.js:87:23)

    console.log
      ≡ƒì¬ Setting cookie with options: {
        httpOnly: true,
        secure: false,
        sameSite: 'lax',
        maxAge: 2592000000,
        path: '/'
      }

      at log (routes/auth.js:258:13)

    console.log
      ≡ƒì¬ Token length: 14

      at log (routes/auth.js:259:13)

    console.log
      2025-12-21 21:03:58 [info]: AUTH: Login attempt
      {
        "ip": "::ffff:127.0.0.1",
        "category": "authentication"
      }

      at Console.log (node_modules/winston/lib/winston/transports/console.js:87:23)

    console.log
      2025-12-21 21:03:58 [info]: AUTH: User logged in successfully
      {
        "userId": "user-123",
        "email": "john@example.com",
        "category": "authentication"
      }

      at Console.log (node_modules/winston/lib/winston/transports/console.js:87:23)

    console.log
      2025-12-21 21:03:58 [info]: PERF: Login completed
      {
        "userId": "user-123",
        "duration": "6ms",
        "category": "performance"
      }

      at Console.log (node_modules/winston/lib/winston/transports/console.js:87:23)

    console.log
      ≡ƒì¬ Setting cookie with options: {
        httpOnly: true,
        secure: false,
        sameSite: 'lax',
        maxAge: 2592000000,
        path: '/'
      }

      at log (routes/auth.js:258:13)

    console.log
      ≡ƒì¬ Token length: 14

      at log (routes/auth.js:259:13)

    console.log
      2025-12-21 21:03:58 [info]: AUTH: Login attempt
      {
        "ip": "::ffff:127.0.0.1",
        "category": "authentication"
      }

      at Console.log (node_modules/winston/lib/winston/transports/console.js:87:23)

    console.log
      2025-12-21 21:03:58 [error]: Login error: Invalid email or password
      {
        "stack": "Error: Invalid email or password\n    at AuthService.authenticateUser (D:\\matrix-delivery\\backend\\services\\authService.js:142:13)\n    at processTicksAndRejections (node:internal/process/task_queues:105:5)\n    at AuthService.loginUser (D:\\matrix-delivery\\backend\\services\\authService.js:204:18)\n    at D:\\matrix-delivery\\backend\\routes\\auth.js:237:20",
        "ip": "::ffff:127.0.0.1",
        "duration": "3ms",
        "category": "error"
      }

      at Console.log (node_modules/winston/lib/winston/transports/console.js:87:23)

    console.log
      2025-12-21 21:03:58 [info]: AUTH: Login attempt
      {
        "ip": "::ffff:127.0.0.1",
        "category": "authentication"
      }

      at Console.log (node_modules/winston/lib/winston/transports/console.js:87:23)

    console.log
      2025-12-21 21:03:58 [error]: Login error: Invalid email or password
      {
        "stack": "Error: Invalid email or password\n    at AuthService.authenticateUser (D:\\matrix-delivery\\backend\\services\\authService.js:146:13)\n    at processTicksAndRejections (node:internal/process/task_queues:105:5)\n    at AuthService.loginUser (D:\\matrix-delivery\\backend\\services\\authService.js:204:18)\n    at D:\\matrix-delivery\\backend\\routes\\auth.js:237:20",
        "ip": "::ffff:127.0.0.1",
        "duration": "3ms",
        "category": "error"
      }

      at Console.log (node_modules/winston/lib/winston/transports/console.js:87:23)

    console.log
      2025-12-21 21:03:58 [info]: AUTH: Login attempt
      {
        "ip": "::ffff:127.0.0.1",
        "category": "authentication"
      }

      at Console.log (node_modules/winston/lib/winston/transports/console.js:87:23)

    console.log
      2025-12-21 21:03:58 [info]: AUTH: Login attempt
      {
        "ip": "::ffff:127.0.0.1",
        "category": "authentication"
      }

      at Console.log (node_modules/winston/lib/winston/transports/console.js:87:23)

    console.log
      2025-12-21 21:03:58 [info]: AUTH: Login attempt
      {
        "ip": "::ffff:127.0.0.1",
        "category": "authentication"
      }

      at Console.log (node_modules/winston/lib/winston/transports/console.js:87:23)

    console.log
      2025-12-21 21:03:58 [error]: Login error: Invalid email or password
      {
        "stack": "Error: Invalid email or password\n    at AuthService.authenticateUser (D:\\matrix-delivery\\backend\\services\\authService.js:142:13)\n    at processTicksAndRejections (node:internal/process/task_queues:105:5)\n    at AuthService.loginUser (D:\\matrix-delivery\\backend\\services\\authService.js:204:18)\n    at D:\\matrix-delivery\\backend\\routes\\auth.js:237:20",
        "ip": "::ffff:127.0.0.1",
        "duration": "2ms",
        "category": "error"
      }

      at Console.log (node_modules/winston/lib/winston/transports/console.js:87:23)

    console.log
      2025-12-21 21:03:58 [info]: AUTH: Login attempt
      {
        "ip": "::ffff:127.0.0.1",
        "category": "authentication"
      }

      at Console.log (node_modules/winston/lib/winston/transports/console.js:87:23)

    console.log
      2025-12-21 21:03:58 [info]: AUTH: User logged in successfully
      {
        "userId": "user-123",
        "email": "john@example.com",
        "category": "authentication"
      }

      at Console.log (node_modules/winston/lib/winston/transports/console.js:87:23)

    console.log
      2025-12-21 21:03:58 [info]: PERF: Login completed
      {
        "userId": "user-123",
        "duration": "3ms",
        "category": "performance"
      }

      at Console.log (node_modules/winston/lib/winston/transports/console.js:87:23)

    console.log
      ≡ƒì¬ Setting cookie with options: {
        httpOnly: true,
        secure: false,
        sameSite: 'lax',
        maxAge: 2592000000,
        path: '/'
      }

      at log (routes/auth.js:258:13)

    console.log
      ≡ƒì¬ Token length: 14

      at log (routes/auth.js:259:13)

    console.log
      2025-12-21 21:03:58 [info]: AUTH: Login attempt
      {
        "ip": "::ffff:127.0.0.1",
        "category": "authentication"
      }

      at Console.log (node_modules/winston/lib/winston/transports/console.js:87:23)

    console.log
      2025-12-21 21:03:58 [error]: Login error: Database connection failed
      {
        "stack": "Error: Database connection failed\n    at Object.<anonymous> (D:\\matrix-delivery\\backend\\tests\\integration\\auth\\login.test.js:260:46)\n    at Promise.then.completed (D:\\matrix-delivery\\backend\\node_modules\\jest-circus\\build\\utils.js:298:28)\n    at new Promise (<anonymous>)\n    at callAsyncCircusFn (D:\\matrix-delivery\\backend\\node_modules\\jest-circus\\build\\utils.js:231:10)\n    at _callCircusTest (D:\\matrix-delivery\\backend\\node_modules\\jest-circus\\build\\run.js:316:40)\n    at processTicksAndRejections (node:internal/process/task_queues:105:5)\n    at _runTest (D:\\matrix-delivery\\backend\\node_modules\\jest-circus\\build\\run.js:252:3)\n    at _runTestsForDescribeBlock (D:\\matrix-delivery\\backend\\node_modules\\jest-circus\\build\\run.js:126:9)\n    at _runTestsForDescribeBlock (D:\\matrix-delivery\\backend\\node_modules\\jest-circus\\build\\run.js:121:9)\n    at _runTestsForDescribeBlock (D:\\matrix-delivery\\backend\\node_modules\\jest-circus\\build\\run.js:121:9)\n    at run (D:\\matrix-delivery\\backend\\node_modules\\jest-circus\\build\\run.js:71:3)\n    at runAndTransformResultsToJestFormat (D:\\matrix-delivery\\backend\\node_modules\\jest-circus\\build\\legacy-code-todo-rewrite\\jestAdapterInit.js:122:21)\n    at jestAdapter (D:\\matrix-delivery\\backend\\node_modules\\jest-circus\\build\\legacy-code-todo-rewrite\\jestAdapter.js:79:19)\n    at runTestInternal (D:\\matrix-delivery\\backend\\node_modules\\jest-runner\\build\\runTest.js:367:16)\n    at runTest (D:\\matrix-delivery\\backend\\node_modules\\jest-runner\\build\\runTest.js:444:34)",
        "ip": "::ffff:127.0.0.1",
        "duration": "3ms",
        "category": "error"
      }

      at Console.log (node_modules/winston/lib/winston/transports/console.js:87:23)

PASS tests/integration/auth/register.test.js
  ΓùÅ Console

    console.log
      [dotenv@17.2.3] injecting env (32) from .env.testing -- tip: ≡ƒöÉ encrypt with Dotenvx: https://dotenvx.com

      at _log (node_modules/dotenv/lib/main.js:142:11)

    console.log
      2025-12-21 21:03:58 [info]: ≡ƒöº Environment Configuration:

      at Console.log (node_modules/winston/lib/winston/transports/console.js:87:23)

    console.log
      2025-12-21 21:03:58 [info]:    NODE_ENV: testing

      at Console.log (node_modules/winston/lib/winston/transports/console.js:87:23)

    console.log
      2025-12-21 21:03:58 [info]:    IS_TEST: true

      at Console.log (node_modules/winston/lib/winston/transports/console.js:87:23)

    console.log
      2025-12-21 21:03:58 [info]:    DB_HOST: localhost

      at Console.log (node_modules/winston/lib/winston/transports/console.js:87:23)

    console.log
      2025-12-21 21:03:58 [info]:    DB_PORT: 5432

      at Console.log (node_modules/winston/lib/winston/transports/console.js:87:23)

    console.log
      2025-12-21 21:03:58 [info]:    DB_USER: postgres

      at Console.log (node_modules/winston/lib/winston/transports/console.js:87:23)

    console.log
      2025-12-21 21:03:58 [info]:    DB_NAME: matrix_delivery_test

      at Console.log (node_modules/winston/lib/winston/transports/console.js:87:23)

    console.log
      2025-12-21 21:03:58 [info]:    DB_NAME_TEST: matrix_delivery_test

      at Console.log (node_modules/winston/lib/winston/transports/console.js:87:23)

    console.log
      2025-12-21 21:03:58 [info]: ≡ƒöî Connecting to database: matrix_delivery_test (Test Mode: true)

      at Console.log (node_modules/winston/lib/winston/transports/console.js:87:23)

    console.log
      [dotenv@17.2.3] injecting env (8) from .env -- tip: ΓÜÖ∩╕Å  specify custom .env file path with { path: '/custom/path/.env' }

      at _log (node_modules/dotenv/lib/main.js:142:11)

    console.log
      2025-12-21 21:03:58 [info]: AUTH: Registration attempt
      {
        "ip": "::ffff:127.0.0.1",
        "category": "authentication"
      }

      at Console.log (node_modules/winston/lib/winston/transports/console.js:87:23)

    console.log
      2025-12-21 21:03:58 [info]: AUTH: User registered successfully
      {
        "userId": "user-123",
        "email": "john@example.com",
        "category": "authentication"
      }

      at Console.log (node_modules/winston/lib/winston/transports/console.js:87:23)

    console.log
      2025-12-21 21:03:58 [warn]: Failed to send verification email to new user: Cannot read properties of undefined (reading 'rows')
      {
        "userId": "user-123",
        "email": "john@example.com",
        "category": "auth"
      }

      at Console.log (node_modules/winston/lib/winston/transports/console.js:87:23)

    console.log
      2025-12-21 21:03:58 [info]: PERF: Registration completed
      {
        "userId": "user-123",
        "duration": "7ms",
        "category": "performance"
      }

      at Console.log (node_modules/winston/lib/winston/transports/console.js:87:23)

    console.log
      2025-12-21 21:03:58 [error]: Failed to notify admins about new user registration: Cannot read properties of undefined (reading 'rows')
      {
        "userId": "user-123",
        "userName": "John Doe",
        "error": "TypeError: Cannot read properties of undefined (reading 'rows')\n    at rows (D:\\matrix-delivery\\backend\\routes\\auth.js:61:21)\n    at processTicksAndRejections (node:internal/process/task_queues:105:5)",
        "category": "notification"
      }

      at Console.log (node_modules/winston/lib/winston/transports/console.js:87:23)

    console.log
      2025-12-21 21:03:59 [info]: AUTH: Registration attempt
      {
        "ip": "::ffff:127.0.0.1",
        "category": "authentication"
      }

      at Console.log (node_modules/winston/lib/winston/transports/console.js:87:23)

    console.log
      2025-12-21 21:03:59 [info]: AUTH: User registered successfully
      {
        "userId": "driver-123",
        "email": "jane@example.com",
        "category": "authentication"
      }

      at Console.log (node_modules/winston/lib/winston/transports/console.js:87:23)

    console.log
      2025-12-21 21:03:59 [warn]: Failed to send verification email to new user: Cannot read properties of undefined (reading 'rows')
      {
        "userId": "driver-123",
        "email": "jane@example.com",
        "category": "auth"
      }

      at Console.log (node_modules/winston/lib/winston/transports/console.js:87:23)

    console.log
      2025-12-21 21:03:59 [info]: PERF: Registration completed
      {
        "userId": "driver-123",
        "duration": "5ms",
        "category": "performance"
      }

      at Console.log (node_modules/winston/lib/winston/transports/console.js:87:23)

    console.log
      2025-12-21 21:03:59 [error]: Failed to notify admins about new user registration: Cannot read properties of undefined (reading 'rows')
      {
        "userId": "driver-123",
        "userName": "Jane Driver",
        "error": "TypeError: Cannot read properties of undefined (reading 'rows')\n    at rows (D:\\matrix-delivery\\backend\\routes\\auth.js:61:21)\n    at processTicksAndRejections (node:internal/process/task_queues:105:5)",
        "category": "notification"
      }

      at Console.log (node_modules/winston/lib/winston/transports/console.js:87:23)

    console.log
      2025-12-21 21:03:59 [info]: AUTH: Registration attempt
      {
        "ip": "::ffff:127.0.0.1",
        "category": "authentication"
      }

      at Console.log (node_modules/winston/lib/winston/transports/console.js:87:23)

    console.log
      2025-12-21 21:03:59 [info]: AUTH: Registration attempt
      {
        "ip": "::ffff:127.0.0.1",
        "category": "authentication"
      }

      at Console.log (node_modules/winston/lib/winston/transports/console.js:87:23)

    console.log
      2025-12-21 21:03:59 [error]: Registration error: Invalid email format
      {
        "stack": "Error: Invalid email format\n    at AuthService.registerUser (D:\\matrix-delivery\\backend\\services\\authService.js:167:13)\n    at registerUser (D:\\matrix-delivery\\backend\\routes\\auth.js:139:38)\n    at Layer.handle [as handle_request] (D:\\matrix-delivery\\backend\\node_modules\\express\\lib\\router\\layer.js:95:5)\n    at next (D:\\matrix-delivery\\backend\\node_modules\\express\\lib\\router\\route.js:149:13)\n    at next (D:\\matrix-delivery\\backend\\tests\\integration\\auth\\register.test.js:11:40)\n    at Layer.handle [as handle_request] (D:\\matrix-delivery\\backend\\node_modules\\express\\lib\\router\\layer.js:95:5)\n    at next (D:\\matrix-delivery\\backend\\node_modules\\express\\lib\\router\\route.js:149:13)\n    at Route.dispatch (D:\\matrix-delivery\\backend\\node_modules\\express\\lib\\router\\route.js:119:3)\n    at Layer.handle [as handle_request] (D:\\matrix-delivery\\backend\\node_modules\\express\\lib\\router\\layer.js:95:5)\n    at D:\\matrix-delivery\\backend\\node_modules\\express\\lib\\router\\index.js:284:15\n    at Function.process_params (D:\\matrix-delivery\\backend\\node_modules\\express\\lib\\router\\index.js:346:12)\n    at next (D:\\matrix-delivery\\backend\\node_modules\\express\\lib\\router\\index.js:280:10)\n    at Function.handle (D:\\matrix-delivery\\backend\\node_modules\\express\\lib\\router\\index.js:175:3)\n    at router (D:\\matrix-delivery\\backend\\node_modules\\express\\lib\\router\\index.js:47:12)\n    at Layer.handle [as handle_request] (D:\\matrix-delivery\\backend\\node_modules\\express\\lib\\router\\layer.js:95:5)\n    at trim_prefix (D:\\matrix-delivery\\backend\\node_modules\\express\\lib\\router\\index.js:328:13)\n    at D:\\matrix-delivery\\backend\\node_modules\\express\\lib\\router\\index.js:286:9\n    at Function.process_params (D:\\matrix-delivery\\backend\\node_modules\\express\\lib\\router\\index.js:346:12)\n    at next (D:\\matrix-delivery\\backend\\node_modules\\express\\lib\\router\\index.js:280:10)\n    at D:\\matrix-delivery\\backend\\node_modules\\body-parser\\lib\\read.js:137:5\n    at AsyncResource.runInAsyncScope (node:async_hooks:214:14)\n    at invokeCallback (D:\\matrix-delivery\\backend\\node_modules\\raw-body\\index.js:238:16)\n    at done (D:\\matrix-delivery\\backend\\node_modules\\raw-body\\index.js:227:7)\n    at IncomingMessage.onEnd (D:\\matrix-delivery\\backend\\node_modules\\raw-body\\index.js:287:7)\n    at D:\\matrix-delivery\\backend\\node_modules\\@opentelemetry\\context-async-hooks\\src\\AbstractAsyncHooksContextManager.ts:75:49\n    at AsyncLocalStorage.run (node:internal/async_local_storage/async_hooks:91:14)\n    at SentryContextManager.with (D:\\matrix-delivery\\backend\\node_modules\\@opentelemetry\\context-async-hooks\\src\\AsyncLocalStorageContextManager.ts:40:36)\n    at SentryContextManager.with (D:\\matrix-delivery\\backend\\node_modules\\@sentry\\opentelemetry\\src\\contextManager.ts:70:24)\n    at IncomingMessage.contextWrapper (D:\\matrix-delivery\\backend\\node_modules\\@opentelemetry\\context-async-hooks\\src\\AbstractAsyncHooksContextManager.ts:75:26)\n    at D:\\matrix-delivery\\backend\\node_modules\\@opentelemetry\\context-async-hooks\\src\\AbstractAsyncHooksContextManager.ts:75:49\n    at AsyncLocalStorage.run (node:internal/async_local_storage/async_hooks:91:14)\n    at SentryContextManager.with (D:\\matrix-delivery\\backend\\node_modules\\@opentelemetry\\context-async-hooks\\src\\AsyncLocalStorageContextManager.ts:40:36)\n    at SentryContextManager.with (D:\\matrix-delivery\\backend\\node_modules\\@sentry\\opentelemetry\\src\\contextManager.ts:70:24)\n    at IncomingMessage.contextWrapper (D:\\matrix-delivery\\backend\\node_modules\\@opentelemetry\\context-async-hooks\\src\\AbstractAsyncHooksContextManager.ts:75:26)\n    at IncomingMessage.emit (node:events:531:35)\n    at IncomingMessage.emit (node:domain:489:12)\n    at endReadableNT (node:internal/streams/readable:1698:12)\n    at processTicksAndRejections (node:internal/process/task_queues:90:21)",
        "ip": "::ffff:127.0.0.1",
        "duration": "3ms",
        "category": "error"
      }

      at Console.log (node_modules/winston/lib/winston/transports/console.js:87:23)

    console.log
      2025-12-21 21:03:59 [info]: AUTH: Registration attempt
      {
        "ip": "::ffff:127.0.0.1",
        "category": "authentication"
      }

      at Console.log (node_modules/winston/lib/winston/transports/console.js:87:23)

    console.log
      2025-12-21 21:03:59 [error]: Registration error: Password must be at least 8 characters
      {
        "stack": "Error: Password must be at least 8 characters\n    at AuthService.registerUser (D:\\matrix-delivery\\backend\\services\\authService.js:170:13)\n    at registerUser (D:\\matrix-delivery\\backend\\routes\\auth.js:139:38)\n    at Layer.handle [as handle_request] (D:\\matrix-delivery\\backend\\node_modules\\express\\lib\\router\\layer.js:95:5)\n    at next (D:\\matrix-delivery\\backend\\node_modules\\express\\lib\\router\\route.js:149:13)\n    at next (D:\\matrix-delivery\\backend\\tests\\integration\\auth\\register.test.js:11:40)\n    at Layer.handle [as handle_request] (D:\\matrix-delivery\\backend\\node_modules\\express\\lib\\router\\layer.js:95:5)\n    at next (D:\\matrix-delivery\\backend\\node_modules\\express\\lib\\router\\route.js:149:13)\n    at Route.dispatch (D:\\matrix-delivery\\backend\\node_modules\\express\\lib\\router\\route.js:119:3)\n    at Layer.handle [as handle_request] (D:\\matrix-delivery\\backend\\node_modules\\express\\lib\\router\\layer.js:95:5)\n    at D:\\matrix-delivery\\backend\\node_modules\\express\\lib\\router\\index.js:284:15\n    at Function.process_params (D:\\matrix-delivery\\backend\\node_modules\\express\\lib\\router\\index.js:346:12)\n    at next (D:\\matrix-delivery\\backend\\node_modules\\express\\lib\\router\\index.js:280:10)\n    at Function.handle (D:\\matrix-delivery\\backend\\node_modules\\express\\lib\\router\\index.js:175:3)\n    at router (D:\\matrix-delivery\\backend\\node_modules\\express\\lib\\router\\index.js:47:12)\n    at Layer.handle [as handle_request] (D:\\matrix-delivery\\backend\\node_modules\\express\\lib\\router\\layer.js:95:5)\n    at trim_prefix (D:\\matrix-delivery\\backend\\node_modules\\express\\lib\\router\\index.js:328:13)\n    at D:\\matrix-delivery\\backend\\node_modules\\express\\lib\\router\\index.js:286:9\n    at Function.process_params (D:\\matrix-delivery\\backend\\node_modules\\express\\lib\\router\\index.js:346:12)\n    at next (D:\\matrix-delivery\\backend\\node_modules\\express\\lib\\router\\index.js:280:10)\n    at D:\\matrix-delivery\\backend\\node_modules\\body-parser\\lib\\read.js:137:5\n    at AsyncResource.runInAsyncScope (node:async_hooks:214:14)\n    at invokeCallback (D:\\matrix-delivery\\backend\\node_modules\\raw-body\\index.js:238:16)\n    at done (D:\\matrix-delivery\\backend\\node_modules\\raw-body\\index.js:227:7)\n    at IncomingMessage.onEnd (D:\\matrix-delivery\\backend\\node_modules\\raw-body\\index.js:287:7)\n    at D:\\matrix-delivery\\backend\\node_modules\\@opentelemetry\\context-async-hooks\\src\\AbstractAsyncHooksContextManager.ts:75:49\n    at AsyncLocalStorage.run (node:internal/async_local_storage/async_hooks:91:14)\n    at SentryContextManager.with (D:\\matrix-delivery\\backend\\node_modules\\@opentelemetry\\context-async-hooks\\src\\AsyncLocalStorageContextManager.ts:40:36)\n    at SentryContextManager.with (D:\\matrix-delivery\\backend\\node_modules\\@sentry\\opentelemetry\\src\\contextManager.ts:70:24)\n    at IncomingMessage.contextWrapper (D:\\matrix-delivery\\backend\\node_modules\\@opentelemetry\\context-async-hooks\\src\\AbstractAsyncHooksContextManager.ts:75:26)\n    at D:\\matrix-delivery\\backend\\node_modules\\@opentelemetry\\context-async-hooks\\src\\AbstractAsyncHooksContextManager.ts:75:49\n    at AsyncLocalStorage.run (node:internal/async_local_storage/async_hooks:91:14)\n    at SentryContextManager.with (D:\\matrix-delivery\\backend\\node_modules\\@opentelemetry\\context-async-hooks\\src\\AsyncLocalStorageContextManager.ts:40:36)\n    at SentryContextManager.with (D:\\matrix-delivery\\backend\\node_modules\\@sentry\\opentelemetry\\src\\contextManager.ts:70:24)\n    at IncomingMessage.contextWrapper (D:\\matrix-delivery\\backend\\node_modules\\@opentelemetry\\context-async-hooks\\src\\AbstractAsyncHooksContextManager.ts:75:26)\n    at IncomingMessage.emit (node:events:531:35)\n    at IncomingMessage.emit (node:domain:489:12)\n    at endReadableNT (node:internal/streams/readable:1698:12)\n    at processTicksAndRejections (node:internal/process/task_queues:90:21)",
        "ip": "::ffff:127.0.0.1",
        "duration": "2ms",
        "category": "error"
      }

      at Console.log (node_modules/winston/lib/winston/transports/console.js:87:23)

    console.log
      2025-12-21 21:03:59 [info]: AUTH: Registration attempt
      {
        "ip": "::ffff:127.0.0.1",
        "category": "authentication"
      }

      at Console.log (node_modules/winston/lib/winston/transports/console.js:87:23)

    console.log
      2025-12-21 21:03:59 [error]: Registration error: Invalid role
      {
        "stack": "Error: Invalid role\n    at AuthService.registerUser (D:\\matrix-delivery\\backend\\services\\authService.js:173:13)\n    at registerUser (D:\\matrix-delivery\\backend\\routes\\auth.js:139:38)\n    at Layer.handle [as handle_request] (D:\\matrix-delivery\\backend\\node_modules\\express\\lib\\router\\layer.js:95:5)\n    at next (D:\\matrix-delivery\\backend\\node_modules\\express\\lib\\router\\route.js:149:13)\n    at next (D:\\matrix-delivery\\backend\\tests\\integration\\auth\\register.test.js:11:40)\n    at Layer.handle [as handle_request] (D:\\matrix-delivery\\backend\\node_modules\\express\\lib\\router\\layer.js:95:5)\n    at next (D:\\matrix-delivery\\backend\\node_modules\\express\\lib\\router\\route.js:149:13)\n    at Route.dispatch (D:\\matrix-delivery\\backend\\node_modules\\express\\lib\\router\\route.js:119:3)\n    at Layer.handle [as handle_request] (D:\\matrix-delivery\\backend\\node_modules\\express\\lib\\router\\layer.js:95:5)\n    at D:\\matrix-delivery\\backend\\node_modules\\express\\lib\\router\\index.js:284:15\n    at Function.process_params (D:\\matrix-delivery\\backend\\node_modules\\express\\lib\\router\\index.js:346:12)\n    at next (D:\\matrix-delivery\\backend\\node_modules\\express\\lib\\router\\index.js:280:10)\n    at Function.handle (D:\\matrix-delivery\\backend\\node_modules\\express\\lib\\router\\index.js:175:3)\n    at router (D:\\matrix-delivery\\backend\\node_modules\\express\\lib\\router\\index.js:47:12)\n    at Layer.handle [as handle_request] (D:\\matrix-delivery\\backend\\node_modules\\express\\lib\\router\\layer.js:95:5)\n    at trim_prefix (D:\\matrix-delivery\\backend\\node_modules\\express\\lib\\router\\index.js:328:13)\n    at D:\\matrix-delivery\\backend\\node_modules\\express\\lib\\router\\index.js:286:9\n    at Function.process_params (D:\\matrix-delivery\\backend\\node_modules\\express\\lib\\router\\index.js:346:12)\n    at next (D:\\matrix-delivery\\backend\\node_modules\\express\\lib\\router\\index.js:280:10)\n    at D:\\matrix-delivery\\backend\\node_modules\\body-parser\\lib\\read.js:137:5\n    at AsyncResource.runInAsyncScope (node:async_hooks:214:14)\n    at invokeCallback (D:\\matrix-delivery\\backend\\node_modules\\raw-body\\index.js:238:16)\n    at done (D:\\matrix-delivery\\backend\\node_modules\\raw-body\\index.js:227:7)\n    at IncomingMessage.onEnd (D:\\matrix-delivery\\backend\\node_modules\\raw-body\\index.js:287:7)\n    at D:\\matrix-delivery\\backend\\node_modules\\@opentelemetry\\context-async-hooks\\src\\AbstractAsyncHooksContextManager.ts:75:49\n    at AsyncLocalStorage.run (node:internal/async_local_storage/async_hooks:91:14)\n    at SentryContextManager.with (D:\\matrix-delivery\\backend\\node_modules\\@opentelemetry\\context-async-hooks\\src\\AsyncLocalStorageContextManager.ts:40:36)\n    at SentryContextManager.with (D:\\matrix-delivery\\backend\\node_modules\\@sentry\\opentelemetry\\src\\contextManager.ts:70:24)\n    at IncomingMessage.contextWrapper (D:\\matrix-delivery\\backend\\node_modules\\@opentelemetry\\context-async-hooks\\src\\AbstractAsyncHooksContextManager.ts:75:26)\n    at D:\\matrix-delivery\\backend\\node_modules\\@opentelemetry\\context-async-hooks\\src\\AbstractAsyncHooksContextManager.ts:75:49\n    at AsyncLocalStorage.run (node:internal/async_local_storage/async_hooks:91:14)\n    at SentryContextManager.with (D:\\matrix-delivery\\backend\\node_modules\\@opentelemetry\\context-async-hooks\\src\\AsyncLocalStorageContextManager.ts:40:36)\n    at SentryContextManager.with (D:\\matrix-delivery\\backend\\node_modules\\@sentry\\opentelemetry\\src\\contextManager.ts:70:24)\n    at IncomingMessage.contextWrapper (D:\\matrix-delivery\\backend\\node_modules\\@opentelemetry\\context-async-hooks\\src\\AbstractAsyncHooksContextManager.ts:75:26)\n    at IncomingMessage.emit (node:events:531:35)\n    at IncomingMessage.emit (node:domain:489:12)\n    at endReadableNT (node:internal/streams/readable:1698:12)\n    at processTicksAndRejections (node:internal/process/task_queues:90:21)",
        "ip": "::ffff:127.0.0.1",
        "duration": "3ms",
        "category": "error"
      }

      at Console.log (node_modules/winston/lib/winston/transports/console.js:87:23)

    console.log
      2025-12-21 21:03:59 [info]: AUTH: Registration attempt
      {
        "ip": "::ffff:127.0.0.1",
        "category": "authentication"
      }

      at Console.log (node_modules/winston/lib/winston/transports/console.js:87:23)

    console.log
      2025-12-21 21:03:59 [info]: AUTH: Registration attempt
      {
        "ip": "::ffff:127.0.0.1",
        "category": "authentication"
      }

      at Console.log (node_modules/winston/lib/winston/transports/console.js:87:23)

    console.log
      2025-12-21 21:03:59 [error]: Registration error: Email already registered
      {
        "stack": "Error: Email already registered\n    at AuthService.registerUser (D:\\matrix-delivery\\backend\\services\\authService.js:182:13)\n    at processTicksAndRejections (node:internal/process/task_queues:105:5)\n    at D:\\matrix-delivery\\backend\\routes\\auth.js:139:20",
        "ip": "::ffff:127.0.0.1",
        "duration": "2ms",
        "category": "error"
      }

      at Console.log (node_modules/winston/lib/winston/transports/console.js:87:23)

    console.log
      2025-12-21 21:03:59 [info]: AUTH: Registration attempt
      {
        "ip": "::ffff:127.0.0.1",
        "category": "authentication"
      }

      at Console.log (node_modules/winston/lib/winston/transports/console.js:87:23)

    console.log
      2025-12-21 21:03:59 [info]: AUTH: User registered successfully
      {
        "userId": "user-123",
        "category": "authentication"
      }

      at Console.log (node_modules/winston/lib/winston/transports/console.js:87:23)

    console.log
      2025-12-21 21:03:59 [warn]: Failed to send verification email to new user: Cannot read properties of undefined (reading 'rows')
      {
        "userId": "user-123",
        "email": "john@example.com",
        "category": "auth"
      }

      at Console.log (node_modules/winston/lib/winston/transports/console.js:87:23)

    console.log
      2025-12-21 21:03:59 [info]: PERF: Registration completed
      {
        "userId": "user-123",
        "duration": "5ms",
        "category": "performance"
      }

      at Console.log (node_modules/winston/lib/winston/transports/console.js:87:23)

    console.log
      2025-12-21 21:03:59 [error]: Failed to notify admins about new user registration: Cannot read properties of undefined (reading 'rows')
      {
        "userId": "user-123",
        "error": "TypeError: Cannot read properties of undefined (reading 'rows')\n    at rows (D:\\matrix-delivery\\backend\\routes\\auth.js:61:21)\n    at processTicksAndRejections (node:internal/process/task_queues:105:5)",
        "category": "notification"
      }

      at Console.log (node_modules/winston/lib/winston/transports/console.js:87:23)

    console.log
      2025-12-21 21:03:59 [info]: AUTH: Registration attempt
      {
        "ip": "::ffff:127.0.0.1",
        "category": "authentication"
      }

      at Console.log (node_modules/winston/lib/winston/transports/console.js:87:23)

    console.log
      2025-12-21 21:03:59 [info]: AUTH: User registered successfully
      {
        "userId": "user-123",
        "category": "authentication"
      }

      at Console.log (node_modules/winston/lib/winston/transports/console.js:87:23)

    console.log
      2025-12-21 21:03:59 [warn]: Failed to send verification email to new user: Cannot read properties of undefined (reading 'rows')
      {
        "userId": "user-123",
        "email": "john@example.com",
        "category": "auth"
      }

      at Console.log (node_modules/winston/lib/winston/transports/console.js:87:23)

    console.log
      2025-12-21 21:03:59 [info]: PERF: Registration completed
      {
        "userId": "user-123",
        "duration": "5ms",
        "category": "performance"
      }

      at Console.log (node_modules/winston/lib/winston/transports/console.js:87:23)

    console.log
      2025-12-21 21:03:59 [error]: Failed to notify admins about new user registration: Cannot read properties of undefined (reading 'rows')
      {
        "userId": "user-123",
        "error": "TypeError: Cannot read properties of undefined (reading 'rows')\n    at rows (D:\\matrix-delivery\\backend\\routes\\auth.js:61:21)\n    at processTicksAndRejections (node:internal/process/task_queues:105:5)",
        "category": "notification"
      }

      at Console.log (node_modules/winston/lib/winston/transports/console.js:87:23)

    console.log
      2025-12-21 21:03:59 [info]: AUTH: Registration attempt
      {
        "ip": "::ffff:127.0.0.1",
        "category": "authentication"
      }

      at Console.log (node_modules/winston/lib/winston/transports/console.js:87:23)

    console.log
      2025-12-21 21:03:59 [info]: AUTH: User registered successfully
      {
        "userId": "user-123",
        "email": "john@example.com",
        "category": "authentication"
      }

      at Console.log (node_modules/winston/lib/winston/transports/console.js:87:23)

    console.log
      2025-12-21 21:03:59 [warn]: Failed to send verification email to new user: Cannot read properties of undefined (reading 'rows')
      {
        "userId": "user-123",
        "email": "john@example.com",
        "category": "auth"
      }

      at Console.log (node_modules/winston/lib/winston/transports/console.js:87:23)

    console.log
      2025-12-21 21:03:59 [info]: PERF: Registration completed
      {
        "userId": "user-123",
        "duration": "5ms",
        "category": "performance"
      }

      at Console.log (node_modules/winston/lib/winston/transports/console.js:87:23)

    console.log
      2025-12-21 21:03:59 [error]: Failed to notify admins about new user registration: Cannot read properties of undefined (reading 'rows')
      {
        "userId": "user-123",
        "userName": "John Doe",
        "error": "TypeError: Cannot read properties of undefined (reading 'rows')\n    at rows (D:\\matrix-delivery\\backend\\routes\\auth.js:61:21)\n    at processTicksAndRejections (node:internal/process/task_queues:105:5)",
        "category": "notification"
      }

      at Console.log (node_modules/winston/lib/winston/transports/console.js:87:23)

    console.log
      2025-12-21 21:03:59 [info]: AUTH: Registration attempt
      {
        "ip": "::ffff:127.0.0.1",
        "category": "authentication"
      }

      at Console.log (node_modules/winston/lib/winston/transports/console.js:87:23)

    console.log
      2025-12-21 21:03:59 [error]: Registration error: Database connection failed
      {
        "stack": "Error: Database connection failed\n    at Object.<anonymous> (D:\\matrix-delivery\\backend\\tests\\integration\\auth\\register.test.js:395:46)\n    at Promise.then.completed (D:\\matrix-delivery\\backend\\node_modules\\jest-circus\\build\\utils.js:298:28)\n    at new Promise (<anonymous>)\n    at callAsyncCircusFn (D:\\matrix-delivery\\backend\\node_modules\\jest-circus\\build\\utils.js:231:10)\n    at _callCircusTest (D:\\matrix-delivery\\backend\\node_modules\\jest-circus\\build\\run.js:316:40)\n    at processTicksAndRejections (node:internal/process/task_queues:105:5)\n    at _runTest (D:\\matrix-delivery\\backend\\node_modules\\jest-circus\\build\\run.js:252:3)\n    at _runTestsForDescribeBlock (D:\\matrix-delivery\\backend\\node_modules\\jest-circus\\build\\run.js:126:9)\n    at _runTestsForDescribeBlock (D:\\matrix-delivery\\backend\\node_modules\\jest-circus\\build\\run.js:121:9)\n    at _runTestsForDescribeBlock (D:\\matrix-delivery\\backend\\node_modules\\jest-circus\\build\\run.js:121:9)\n    at run (D:\\matrix-delivery\\backend\\node_modules\\jest-circus\\build\\run.js:71:3)\n    at runAndTransformResultsToJestFormat (D:\\matrix-delivery\\backend\\node_modules\\jest-circus\\build\\legacy-code-todo-rewrite\\jestAdapterInit.js:122:21)\n    at jestAdapter (D:\\matrix-delivery\\backend\\node_modules\\jest-circus\\build\\legacy-code-todo-rewrite\\jestAdapter.js:79:19)\n    at runTestInternal (D:\\matrix-delivery\\backend\\node_modules\\jest-runner\\build\\runTest.js:367:16)\n    at runTest (D:\\matrix-delivery\\backend\\node_modules\\jest-runner\\build\\runTest.js:444:34)",
        "ip": "::ffff:127.0.0.1",
        "duration": "3ms",
        "category": "error"
      }

      at Console.log (node_modules/winston/lib/winston/transports/console.js:87:23)

FAIL tests/integration/cookieAuth.test.ts
  ΓùÅ Test suite failed to run

    tests/integration/cookieAuth.test.ts:45:29 - error TS2352: Conversion of type 'string' to type 'string[]' may be a mistake because neither type sufficiently overlaps with the other. If this was intentional, convert the expression to 'unknown' first.

    45             const cookies = response.headers['set-cookie'] as string[];
                                   ~~~~~~~~~~~~~~~~~~~~~~~~~~~~~~~~~~~~~~~~~~

Test Suites: 2 failed, 6 passed, 8 total
Tests:       11 failed, 64 passed, 75 total
Snapshots:   0 total
Time:        24.11 s, estimated 27 s
Ran all test suites matching /tests\\integration/i.
Jest did not exit one second after the test run has completed.

'This usually means that there are asynchronous operations that weren't stopped in your tests. Consider running Jest with `--detectOpenHandles` to troubleshoot this issue.
